Archive member included to satisfy reference by file (symbol)

c:/siliconlabs/simplicitystudio/v5/developer/toolchains/gnu_arm/12.2.rel1_2023.7/bin/../lib/gcc/arm-none-eabi/12.2.1/thumb/v8-m.main+fp/hard\libgcc.a(_aeabi_ldivmod.o)
                              ./simplicity_sdk_2025.6.2/platform/emlib/src/em_eusart.o (__aeabi_ldivmod)
c:/siliconlabs/simplicitystudio/v5/developer/toolchains/gnu_arm/12.2.rel1_2023.7/bin/../lib/gcc/arm-none-eabi/12.2.1/thumb/v8-m.main+fp/hard\libgcc.a(_aeabi_uldivmod.o)
                              ./simplicity_sdk_2025.6.2/platform/emlib/src/em_eusart.o (__aeabi_uldivmod)
c:/siliconlabs/simplicitystudio/v5/developer/toolchains/gnu_arm/12.2.rel1_2023.7/bin/../lib/gcc/arm-none-eabi/12.2.1/thumb/v8-m.main+fp/hard\libgcc.a(_udivmoddi4.o)
                              c:/siliconlabs/simplicitystudio/v5/developer/toolchains/gnu_arm/12.2.rel1_2023.7/bin/../lib/gcc/arm-none-eabi/12.2.1/thumb/v8-m.main+fp/hard\libgcc.a(_aeabi_ldivmod.o) (__udivmoddi4)
c:/siliconlabs/simplicitystudio/v5/developer/toolchains/gnu_arm/12.2.rel1_2023.7/bin/../lib/gcc/arm-none-eabi/12.2.1/thumb/v8-m.main+fp/hard\libgcc.a(_dvmd_tls.o)
                              c:/siliconlabs/simplicitystudio/v5/developer/toolchains/gnu_arm/12.2.rel1_2023.7/bin/../lib/gcc/arm-none-eabi/12.2.1/thumb/v8-m.main+fp/hard\libgcc.a(_aeabi_ldivmod.o) (__aeabi_ldiv0)
c:/siliconlabs/simplicitystudio/v5/developer/toolchains/gnu_arm/12.2.rel1_2023.7/bin/../lib/gcc/arm-none-eabi/12.2.1/thumb/v8-m.main+fp/hard\libc_nano.a(libc_a-exit.o)
                              c:/siliconlabs/simplicitystudio/v5/developer/toolchains/gnu_arm/12.2.rel1_2023.7/bin/../lib/gcc/arm-none-eabi/12.2.1/thumb/v8-m.main+fp/hard/crt0.o (exit)
c:/siliconlabs/simplicitystudio/v5/developer/toolchains/gnu_arm/12.2.rel1_2023.7/bin/../lib/gcc/arm-none-eabi/12.2.1/thumb/v8-m.main+fp/hard\libc_nano.a(libc_a-ctype_.o)
                              ./simplicity_sdk_2025.6.2/platform/common/src/sl_string.o (_ctype_)
c:/siliconlabs/simplicitystudio/v5/developer/toolchains/gnu_arm/12.2.rel1_2023.7/bin/../lib/gcc/arm-none-eabi/12.2.1/thumb/v8-m.main+fp/hard\libc_nano.a(libc_a-findfp.o)
                              c:/siliconlabs/simplicitystudio/v5/developer/toolchains/gnu_arm/12.2.rel1_2023.7/bin/../lib/gcc/arm-none-eabi/12.2.1/thumb/v8-m.main+fp/hard\libc_nano.a(libc_a-exit.o) (__stdio_exit_handler)
c:/siliconlabs/simplicitystudio/v5/developer/toolchains/gnu_arm/12.2.rel1_2023.7/bin/../lib/gcc/arm-none-eabi/12.2.1/thumb/v8-m.main+fp/hard\libc_nano.a(libc_a-fwalk.o)
                              c:/siliconlabs/simplicitystudio/v5/developer/toolchains/gnu_arm/12.2.rel1_2023.7/bin/../lib/gcc/arm-none-eabi/12.2.1/thumb/v8-m.main+fp/hard\libc_nano.a(libc_a-findfp.o) (_fwalk_sglue)
c:/siliconlabs/simplicitystudio/v5/developer/toolchains/gnu_arm/12.2.rel1_2023.7/bin/../lib/gcc/arm-none-eabi/12.2.1/thumb/v8-m.main+fp/hard\libc_nano.a(libc_a-printf.o)
                              ./oled.o (printf)
c:/siliconlabs/simplicitystudio/v5/developer/toolchains/gnu_arm/12.2.rel1_2023.7/bin/../lib/gcc/arm-none-eabi/12.2.1/thumb/v8-m.main+fp/hard\libc_nano.a(libc_a-stdio.o)
                              c:/siliconlabs/simplicitystudio/v5/developer/toolchains/gnu_arm/12.2.rel1_2023.7/bin/../lib/gcc/arm-none-eabi/12.2.1/thumb/v8-m.main+fp/hard\libc_nano.a(libc_a-findfp.o) (__sread)
c:/siliconlabs/simplicitystudio/v5/developer/toolchains/gnu_arm/12.2.rel1_2023.7/bin/../lib/gcc/arm-none-eabi/12.2.1/thumb/v8-m.main+fp/hard\libc_nano.a(libc_a-vprintf.o)
                              ./simplicity_sdk_2025.6.2/platform/service/iostream/src/sl_iostream.o (vprintf)
c:/siliconlabs/simplicitystudio/v5/developer/toolchains/gnu_arm/12.2.rel1_2023.7/bin/../lib/gcc/arm-none-eabi/12.2.1/thumb/v8-m.main+fp/hard\libc_nano.a(libc_a-memset.o)
                              c:/siliconlabs/simplicitystudio/v5/developer/toolchains/gnu_arm/12.2.rel1_2023.7/bin/../lib/gcc/arm-none-eabi/12.2.1/thumb/v8-m.main+fp/hard/crt0.o (memset)
c:/siliconlabs/simplicitystudio/v5/developer/toolchains/gnu_arm/12.2.rel1_2023.7/bin/../lib/gcc/arm-none-eabi/12.2.1/thumb/v8-m.main+fp/hard\libc_nano.a(libc_a-closer.o)
                              c:/siliconlabs/simplicitystudio/v5/developer/toolchains/gnu_arm/12.2.rel1_2023.7/bin/../lib/gcc/arm-none-eabi/12.2.1/thumb/v8-m.main+fp/hard\libc_nano.a(libc_a-stdio.o) (_close_r)
c:/siliconlabs/simplicitystudio/v5/developer/toolchains/gnu_arm/12.2.rel1_2023.7/bin/../lib/gcc/arm-none-eabi/12.2.1/thumb/v8-m.main+fp/hard\libc_nano.a(libc_a-reent.o)
                              c:/siliconlabs/simplicitystudio/v5/developer/toolchains/gnu_arm/12.2.rel1_2023.7/bin/../lib/gcc/arm-none-eabi/12.2.1/thumb/v8-m.main+fp/hard\libc_nano.a(libc_a-closer.o) (errno)
c:/siliconlabs/simplicitystudio/v5/developer/toolchains/gnu_arm/12.2.rel1_2023.7/bin/../lib/gcc/arm-none-eabi/12.2.1/thumb/v8-m.main+fp/hard\libc_nano.a(libc_a-impure.o)
[...]
Memory Configuration

Name             Origin             Length             Attributes
FLASH            0x08000000         0x0017e000         xr
RAM              0x20000000         0x00040000         xrw
*default*        0x00000000         0xffffffff

Linker script and memory map

LOAD c:/siliconlabs/simplicitystudio/v5/developer/toolchains/gnu_arm/12.2.rel1_2023.7/bin/../lib/gcc/arm-none-eabi/12.2.1/thumb/v8-m.main+fp/hard/crti.o
LOAD c:/siliconlabs/simplicitystudio/v5/developer/toolchains/gnu_arm/12.2.rel1_2023.7/bin/../lib/gcc/arm-none-eabi/12.2.1/thumb/v8-m.main+fp/hard/crtbegin.o
LOAD c:/siliconlabs/simplicitystudio/v5/developer/toolchains/gnu_arm/12.2.rel1_2023.7/bin/../lib/gcc/arm-none-eabi/12.2.1/thumb/v8-m.main+fp/hard/crt0.o
START GROUP
LOAD ./app.o
LOAD ./image.o
LOAD ./main.o
LOAD ./oled.o
LOAD ./autogen/sl_board_default_init.o
LOAD ./autogen/sl_event_handler.o
LOAD ./autogen/sl_i2cspm_init.o
LOAD ./autogen/sl_iostream_handles.o
LOAD ./autogen/sl_iostream_init_eusart_instances.o
LOAD ./simplicity_sdk_2025.6.2/hardware/board/src/sl_board_control_gpio.o
LOAD ./simplicity_sdk_2025.6.2/hardware/board/src/sl_board_init.o
LOAD ./simplicity_sdk_2025.6.2/hardware/driver/configuration_over_swo/src/sl_cos.o
LOAD ./simplicity_sdk_2025.6.2/platform/Device/SiliconLabs/EFR32MG24/Source/startup_efr32mg24.o
LOAD ./simplicity_sdk_2025.6.2/platform/Device/SiliconLabs/EFR32MG24/Source/system_efr32mg24.o
LOAD ./simplicity_sdk_2025.6.2/platform/common/src/sl_assert.o
LOAD ./simplicity_sdk_2025.6.2/platform/common/src/sl_core_cortexm.o
LOAD ./simplicity_sdk_2025.6.2/platform/common/src/sl_slist.o
LOAD ./simplicity_sdk_2025.6.2/platform/common/src/sl_string.o
LOAD ./simplicity_sdk_2025.6.2/platform/common/src/sl_syscalls.o
LOAD ./simplicity_sdk_2025.6.2/platform/driver/debug/src/sl_debug_swo.o
LOAD ./simplicity_sdk_2025.6.2/platform/driver/gpio/src/sl_gpio.o
LOAD ./simplicity_sdk_2025.6.2/platform/driver/i2cspm/src/sl_i2cspm.o
LOAD ./simplicity_sdk_2025.6.2/platform/emdrv/dmadrv/src/dmadrv.o
LOAD ./simplicity_sdk_2025.6.2/platform/emlib/src/em_burtc.o
LOAD ./simplicity_sdk_2025.6.2/platform/emlib/src/em_cmu.o
LOAD ./simplicity_sdk_2025.6.2/platform/emlib/src/em_emu.o
LOAD ./simplicity_sdk_2025.6.2/platform/emlib/src/em_eusart.o
LOAD ./simplicity_sdk_2025.6.2/platform/emlib/src/em_gpio.o
LOAD ./simplicity_sdk_2025.6.2/platform/emlib/src/em_i2c.o
LOAD ./simplicity_sdk_2025.6.2/platform/emlib/src/em_ldma.o
LOAD ./simplicity_sdk_2025.6.2/platform/emlib/src/em_msc.o
LOAD ./simplicity_sdk_2025.6.2/platform/emlib/src/em_prs.o
LOAD ./simplicity_sdk_2025.6.2/platform/emlib/src/em_system.o
LOAD ./simplicity_sdk_2025.6.2/platform/emlib/src/em_timer.o
LOAD ./simplicity_sdk_2025.6.2/platform/peripheral/src/sl_hal_eusart.o
LOAD ./simplicity_sdk_2025.6.2/platform/peripheral/src/sl_hal_gpio.o
LOAD ./simplicity_sdk_2025.6.2/platform/peripheral/src/sl_hal_prs.o
LOAD ./simplicity_sdk_2025.6.2/platform/peripheral/src/sl_hal_sysrtc.o
LOAD ./simplicity_sdk_2025.6.2/platform/service/clock_manager/src/sl_clock_manager.o
LOAD ./simplicity_sdk_2025.6.2/platform/service/clock_manager/src/sl_clock_manager_hal_s2.o
LOAD ./simplicity_sdk_2025.6.2/platform/service/clock_manager/src/sl_clock_manager_init.o
LOAD ./simplicity_sdk_2025.6.2/platform/service/clock_manager/src/sl_clock_manager_init_hal_s2.o
LOAD ./simplicity_sdk_2025.6.2/platform/service/device_init/src/sl_device_init_dcdc_s2.o
LOAD ./simplicity_sdk_2025.6.2/platform/service/device_init/src/sl_device_init_emu_s2.o
LOAD ./simplicity_sdk_2025.6.2/platform/service/device_manager/clocks/sl_device_clock_efr32xg24.o
LOAD ./simplicity_sdk_2025.6.2/platform/service/device_manager/devices/sl_device_peripheral_hal_efr32xg24.o
LOAD ./simplicity_sdk_2025.6.2/platform/service/device_manager/src/sl_device_clock.o
LOAD ./simplicity_sdk_2025.6.2/platform/service/device_manager/src/sl_device_gpio.o
LOAD ./simplicity_sdk_2025.6.2/platform/service/device_manager/src/sl_device_peripheral.o
LOAD ./simplicity_sdk_2025.6.2/platform/service/interrupt_manager/src/sl_interrupt_manager_cortexm.o
LOAD ./simplicity_sdk_2025.6.2/platform/service/iostream/src/sl_iostream.o
LOAD ./simplicity_sdk_2025.6.2/platform/service/iostream/src/sl_iostream_eusart.o
LOAD ./simplicity_sdk_2025.6.2/platform/service/iostream/src/sl_iostream_retarget_stdio.o
LOAD ./simplicity_sdk_2025.6.2/platform/service/iostream/src/sl_iostream_uart.o
LOAD ./simplicity_sdk_2025.6.2/platform/service/memory_manager/src/sl_memory_manager_region.o
LOAD ./simplicity_sdk_2025.6.2/platform/service/sl_main/src/sl_main_init.o
LOAD ./simplicity_sdk_2025.6.2/platform/service/sl_main/src/sl_main_init_memory.o
LOAD ./simplicity_sdk_2025.6.2/platform/service/sl_main/src/sl_main_process_action.o
LOAD ./simplicity_sdk_2025.6.2/platform/service/sleeptimer/src/sl_sleeptimer.o
LOAD ./simplicity_sdk_2025.6.2/platform/service/sleeptimer/src/sl_sleeptimer_hal_burtc.o
LOAD ./simplicity_sdk_2025.6.2/platform/service/sleeptimer/src/sl_sleeptimer_hal_sysrtc.o
LOAD ./simplicity_sdk_2025.6.2/platform/service/sleeptimer/src/sl_sleeptimer_hal_timer.o
LOAD ./simplicity_sdk_2025.6.2/platform/service/udelay/src/sl_udelay.o
LOAD ./simplicity_sdk_2025.6.2/platform/service/udelay/src/sl_udelay_armv6m_gcc.o
LOAD c:/siliconlabs/simplicitystudio/v5/developer/toolchains/gnu_arm/12.2.rel1_2023.7/bin/../lib/gcc/arm-none-eabi/12.2.1/thumb/v8-m.main+fp/hard\libgcc.a
LOAD c:/siliconlabs/simplicitystudio/v5/developer/toolchains/gnu_arm/12.2.rel1_2023.7/bin/../lib/gcc/arm-none-eabi/12.2.1/thumb/v8-m.main+fp/hard\libc_nano.a
LOAD c:/siliconlabs/simplicitystudio/v5/developer/toolchains/gnu_arm/12.2.rel1_2023.7/bin/../lib/gcc/arm-none-eabi/12.2.1/thumb/v8-m.main+fp/hard\libm.a
LOAD c:/siliconlabs/simplicitystudio/v5/developer/toolchains/gnu_arm/12.2.rel1_2023.7/bin/../lib/gcc/arm-none-eabi/12.2.1/thumb/v8-m.main+fp/hard\libnosys.a
END GROUP
START GROUP
LOAD c:/siliconlabs/simplicitystudio/v5/developer/toolchains/gnu_arm/12.2.rel1_2023.7/bin/../lib/gcc/arm-none-eabi/12.2.1/thumb/v8-m.main+fp/hard\libgcc.a
LOAD c:/siliconlabs/simplicitystudio/v5/developer/toolchains/gnu_arm/12.2.rel1_2023.7/bin/../lib/gcc/arm-none-eabi/12.2.1/thumb/v8-m.main+fp/hard\libc_nano.a
LOAD c:/siliconlabs/simplicitystudio/v5/developer/toolchains/gnu_arm/12.2.rel1_2023.7/bin/../lib/gcc/arm-none-eabi/12.2.1/thumb/v8-m.main+fp/hard\libnosys.a
END GROUP
START GROUP
LOAD c:/siliconlabs/simplicitystudio/v5/developer/toolchains/gnu_arm/12.2.rel1_2023.7/bin/../lib/gcc/arm-none-eabi/12.2.1/thumb/v8-m.main+fp/hard\libgcc.a
LOAD c:/siliconlabs/simplicitystudio/v5/developer/toolchains/gnu_arm/12.2.rel1_2023.7/bin/../lib/gcc/arm-none-eabi/12.2.1/thumb/v8-m.main+fp/hard\libg_nano.a
LOAD c:/siliconlabs/simplicitystudio/v5/developer/toolchains/gnu_arm/12.2.rel1_2023.7/bin/../lib/gcc/arm-none-eabi/12.2.1/thumb/v8-m.main+fp/hard\libc_nano.a
END GROUP
START GROUP
LOAD c:/siliconlabs/simplicitystudio/v5/developer/toolchains/gnu_arm/12.2.rel1_2023.7/bin/../lib/gcc/arm-none-eabi/12.2.1/thumb/v8-m.main+fp/hard\libgcc.a
LOAD c:/siliconlabs/simplicitystudio/v5/developer/toolchains/gnu_arm/12.2.rel1_2023.7/bin/../lib/gcc/arm-none-eabi/12.2.1/thumb/v8-m.main+fp/hard\libc_nano.a
END GROUP
LOAD c:/siliconlabs/simplicitystudio/v5/developer/toolchains/gnu_arm/12.2.rel1_2023.7/bin/../lib/gcc/arm-none-eabi/12.2.1/thumb/v8-m.main+fp/hard/crtend.o
LOAD c:/siliconlabs/simplicitystudio/v5/developer/toolchains/gnu_arm/12.2.rel1_2023.7/bin/../lib/gcc/arm-none-eabi/12.2.1/thumb/v8-m.main+fp/hard/crtn.o

.vectors        0x08000000      0x170
                0x08000000                linker_vectors_begin = .
 *(.vectors)
 .vectors       0x08000000      0x170 ./simplicity_sdk_2025.6.2/platform/Device/SiliconLabs/EFR32MG24/Source/startup_efr32mg24.o
                0x08000000                __Vectors
                0x08000170                linker_vectors_end = .
                0x08000170                __Vectors_End = .
                0x08000170                __Vectors_Size = (__Vectors_End - __Vectors)

.stack          0x20000000     0x1000
                0x20000000                . = ALIGN (0x8)
                0x20000000                __StackLimit = .
 *(.stack*)
 .stack         0x20000000     0x1000 ./simplicity_sdk_2025.6.2/platform/service/memory_manager/src/sl_memory_manager_region.o
                0x20001000                . = ALIGN (0x4)
                0x20001000                __StackTop = .
                0x20001000                PROVIDE (__stack = __StackTop)

.bss            0x20001000      0x57c
                0x20001000                . = ALIGN (0x4)
                0x20001000                __bss_start__ = .
 *(SORT_BY_ALIGNMENT(.bss*))
 .bss.object.0  0x20001000       0x18 c:/siliconlabs/simplicitystudio/v5/developer/toolchains/gnu_arm/12.2.rel1_2023.7/bin/../lib/gcc/arm-none-eabi/12.2.1/thumb/v8-m.main+fp/hard/crtbegin.o
 .bss.sl_iostream_recommended_console_stream
                0x20001018        0x4 ./autogen/sl_iostream_handles.o
                0x20001018                sl_iostream_recommended_console_stream
 .bss.context_vcom
                0x2000101c       0xb4 ./autogen/sl_iostream_init_eusart_instances.o
 .bss.sl_iostream_vcom
                0x200010d0       0x1c ./autogen/sl_iostream_init_eusart_instances.o
 .bss.gpio_interrupts
                0x200010ec      0x168 ./simplicity_sdk_2025.6.2/platform/driver/gpio/src/sl_gpio.o
 .bss.dmaXfer   0x20001254      0x100 ./simplicity_sdk_2025.6.2/platform/emdrv/dmadrv/src/dmadrv.o
 .bss.chTable   0x20001354       0x80 ./simplicity_sdk_2025.6.2/platform/emdrv/dmadrv/src/dmadrv.o
 .bss.i2cTransfer
                0x200013d4       0x18 ./simplicity_sdk_2025.6.2/platform/emlib/src/em_i2c.o
 .bss.sli_iostream_default
                0x200013ec        0x4 ./simplicity_sdk_2025.6.2/platform/service/iostream/src/sl_iostream.o
 .bss.max_millisecond_conversion
                0x200013f0        0x4 ./simplicity_sdk_2025.6.2/platform/service/sleeptimer/src/sl_sleeptimer.o
 .bss.last_delta_update_count
                0x200013f4        0x4 ./simplicity_sdk_2025.6.2/platform/service/sleeptimer/src/sl_sleeptimer.o
 .bss.timer_head
                0x200013f8        0x4 ./simplicity_sdk_2025.6.2/platform/service/sleeptimer/src/sl_sleeptimer.o
 .bss.timer_frequency
                0x200013fc        0x4 ./simplicity_sdk_2025.6.2/platform/service/sleeptimer/src/sl_sleeptimer.o
 .bss.overflow_counter
                0x20001400        0x4 ./simplicity_sdk_2025.6.2/platform/service/sleeptimer/src/sl_sleeptimer.o
 .bss.__sf      0x20001404      0x138 c:/siliconlabs/simplicitystudio/v5/developer/toolchains/gnu_arm/12.2.rel1_2023.7/bin/../lib/gcc/arm-none-eabi/12.2.1/thumb/v8-m.main+fp/hard\libc_nano.a(libc_a-findfp.o)
                0x20001404                __sf
 .bss.__stdio_exit_handler
                0x2000153c        0x4 c:/siliconlabs/simplicitystudio/v5/developer/toolchains/gnu_arm/12.2.rel1_2023.7/bin/../lib/gcc/arm-none-eabi/12.2.1/thumb/v8-m.main+fp/hard\libc_nano.a(libc_a-findfp.o)
                0x2000153c                __stdio_exit_handler
 .bss.errno     0x20001540        0x4 c:/siliconlabs/simplicitystudio/v5/developer/toolchains/gnu_arm/12.2.rel1_2023.7/bin/../lib/gcc/arm-none-eabi/12.2.1/thumb/v8-m.main+fp/hard\libc_nano.a(libc_a-reent.o)
                0x20001540                errno
 .bss.__malloc_sbrk_start
                0x20001544        0x4 c:/siliconlabs/simplicitystudio/v5/developer/toolchains/gnu_arm/12.2.rel1_2023.7/bin/../lib/gcc/arm-none-eabi/12.2.1/thumb/v8-m.main+fp/hard\libc_nano.a(libc_a-mallocr.o)
                0x20001544                __malloc_sbrk_start
 .bss.__malloc_free_list
                0x20001548        0x4 c:/siliconlabs/simplicitystudio/v5/developer/toolchains/gnu_arm/12.2.rel1_2023.7/bin/../lib/gcc/arm-none-eabi/12.2.1/thumb/v8-m.main+fp/hard\libc_nano.a(libc_a-mallocr.o)
                0x20001548                __malloc_free_list
 .bss.completed.1
                0x2000154c        0x1 c:/siliconlabs/simplicitystudio/v5/developer/toolchains/gnu_arm/12.2.rel1_2023.7/bin/../lib/gcc/arm-none-eabi/12.2.1/thumb/v8-m.main+fp/hard/crtbegin.o
 .bss.rx_buffer_vcom
                0x2000154d       0x20 ./autogen/sl_iostream_init_eusart_instances.o
 .bss.initialized
                0x2000156d        0x1 ./simplicity_sdk_2025.6.2/platform/emdrv/dmadrv/src/dmadrv.o
 .bss.pclkDiv   0x2000156e        0x1 ./simplicity_sdk_2025.6.2/platform/emlib/src/em_cmu.o
 .bss.vScaleEM01Config
                0x2000156f        0x1 ./simplicity_sdk_2025.6.2/platform/emlib/src/em_emu.o
 .bss.dali_rx_nb_packets
                0x20001570        0x2 ./simplicity_sdk_2025.6.2/platform/emlib/src/em_eusart.o
 .bss.dali_tx_nb_packets
                0x20001572        0x2 ./simplicity_sdk_2025.6.2/platform/emlib/src/em_eusart.o
 .bss.is_interrupt_manager_initialized
                0x20001574        0x1 ./simplicity_sdk_2025.6.2/platform/service/interrupt_manager/src/sl_interrupt_manager_cortexm.o
 .bss.null_byte
                0x20001575        0x1 ./simplicity_sdk_2025.6.2/platform/service/iostream/src/sl_iostream_uart.o
 .bss.sleep_on_isr_exit
                0x20001576        0x1 ./simplicity_sdk_2025.6.2/platform/service/sleeptimer/src/sl_sleeptimer.o
 .bss.next_timer_to_expire_is_power_manager
                0x20001577        0x1 ./simplicity_sdk_2025.6.2/platform/service/sleeptimer/src/sl_sleeptimer.o
 .bss.is_sleeptimer_initialized
                0x20001578        0x1 ./simplicity_sdk_2025.6.2/platform/service/sleeptimer/src/sl_sleeptimer.o
 .bss.__lock___malloc_recursive_mutex
                0x20001579        0x1 c:/siliconlabs/simplicitystudio/v5/developer/toolchains/gnu_arm/12.2.rel1_2023.7/bin/../lib/gcc/arm-none-eabi/12.2.1/thumb/v8-m.main+fp/hard\libc_nano.a(libc_a-lock.o)
                0x20001579                __lock___malloc_recursive_mutex
 .bss.__lock___sfp_recursive_mutex
                0x2000157a        0x1 c:/siliconlabs/simplicitystudio/v5/developer/toolchains/gnu_arm/12.2.rel1_2023.7/bin/../lib/gcc/arm-none-eabi/12.2.1/thumb/v8-m.main+fp/hard\libc_nano.a(libc_a-lock.o)
                0x2000157a                __lock___sfp_recursive_mutex
 *(COMMON)
                0x2000157c                . = ALIGN (0x4)
 *fill*         0x2000157b        0x1 
                0x2000157c                __bss_end__ = .

.noinit
 *(.noinit*)

text_application_ram
                0x2000157c        0x0 load address 0x08000170
                0x2000157c                . = ALIGN (0x4)
                0x2000157c                __vma_ramfuncs_start__ = .
                0x2000157c                __text_application_ram_start__ = .
 *(text_application_ram)
                0x2000157c                . = ALIGN (0x4)
                0x2000157c                __vma_ramfuncs_end__ = .
                0x2000157c                __text_application_ram_end__ = .
                0x08000170                __lma_ramfuncs_start__ = LOADADDR (text_application_ram)
                0x08000170                __lma_ramfuncs_end__ = (LOADADDR (text_application_ram) + SIZEOF (text_application_ram))

.rodata         0x08000170        0x0
                0x08000170                __rodata_end__ = .

.text           0x08000170     0xb214
                0x08000170                linker_code_begin = .
 *(SORT_BY_ALIGNMENT(.text*))
 .text          0x08000170        0x8 ./simplicity_sdk_2025.6.2/platform/service/udelay/src/sl_udelay_armv6m_gcc.o
                0x08000170                sli_delay_loop
 .text.deregister_tm_clones
                0x08000178       0x1c c:/siliconlabs/simplicitystudio/v5/developer/toolchains/gnu_arm/12.2.rel1_2023.7/bin/../lib/gcc/arm-none-eabi/12.2.1/thumb/v8-m.main+fp/hard/crtbegin.o
 .text.register_tm_clones
                0x08000194       0x28 c:/siliconlabs/simplicitystudio/v5/developer/toolchains/gnu_arm/12.2.rel1_2023.7/bin/../lib/gcc/arm-none-eabi/12.2.1/thumb/v8-m.main+fp/hard/crtbegin.o
 .text.__do_global_dtors_aux
                0x080001bc       0x28 c:/siliconlabs/simplicitystudio/v5/developer/toolchains/gnu_arm/12.2.rel1_2023.7/bin/../lib/gcc/arm-none-eabi/12.2.1/thumb/v8-m.main+fp/hard/crtbegin.o
 .text.frame_dummy
                0x080001e4       0x24 c:/siliconlabs/simplicitystudio/v5/developer/toolchains/gnu_arm/12.2.rel1_2023.7/bin/../lib/gcc/arm-none-eabi/12.2.1/thumb/v8-m.main+fp/hard/crtbegin.o
 .text          0x08000208       0x7c c:/siliconlabs/simplicitystudio/v5/developer/toolchains/gnu_arm/12.2.rel1_2023.7/bin/../lib/gcc/arm-none-eabi/12.2.1/thumb/v8-m.main+fp/hard/crt0.o
                0x08000208                _stack_init
                0x08000210                _start
                0x08000210                _mainCRTStartup
 .text.app_process_action
                0x08000284       0xa8 ./app.o
                0x08000284                app_process_action
 .text.OLED_SendCmd
                0x0800032c       0x3c ./oled.o
 .text.OLED_DrawImage
                0x08000368       0x50 ./oled.o
                0x08000368                OLED_DrawImage
 .text.sl_i2cspm_init_instances
                0x080003b8       0x1c ./autogen/sl_i2cspm_init.o
                0x080003b8                sl_i2cspm_init_instances
 .text.sl_iostream_set_console_instance
                0x080003d4       0x24 ./autogen/sl_iostream_handles.o
                0x080003d4                sl_iostream_set_console_instance
 .text.sl_iostream_eusart_init_vcom
                0x080003f8       0xb0 ./autogen/sl_iostream_init_eusart_instances.o
                0x080003f8                sl_iostream_eusart_init_vcom
 .text.EUSART0_RX_IRQHandler
                0x080004a8        0xc ./autogen/sl_iostream_init_eusart_instances.o
                0x080004a8                EUSART0_RX_IRQHandler
 .text.sl_board_init
                0x080004b4       0x14 ./simplicity_sdk_2025.6.2/hardware/board/src/sl_board_init.o
                0x080004b4                sl_board_init
 .text.sl_board_preinit
                0x080004c8        0xc ./simplicity_sdk_2025.6.2/hardware/board/src/sl_board_init.o
                0x080004c8                sl_board_preinit
 .text.CopyToRam
                0x080004d4       0x1c ./simplicity_sdk_2025.6.2/platform/Device/SiliconLabs/EFR32MG24/Source/startup_efr32mg24.o
                0x080004d4                CopyToRam
 .text.Reset_Handler
                0x080004f0       0x6c ./simplicity_sdk_2025.6.2/platform/Device/SiliconLabs/EFR32MG24/Source/startup_efr32mg24.o
                0x080004f0                Reset_Handler
 .text.SystemInit
                0x0800055c       0x64 ./simplicity_sdk_2025.6.2/platform/Device/SiliconLabs/EFR32MG24/Source/system_efr32mg24.o
                0x0800055c                SystemInit
 .text.SystemHFRCODPLLClockSet
                0x080005c0        0xc ./simplicity_sdk_2025.6.2/platform/Device/SiliconLabs/EFR32MG24/Source/system_efr32mg24.o
                0x080005c0                SystemHFRCODPLLClockSet
 .text.SystemHFXOClockSet
                0x080005cc       0x20 ./simplicity_sdk_2025.6.2/platform/Device/SiliconLabs/EFR32MG24/Source/system_efr32mg24.o
                0x080005cc                SystemHFXOClockSet
 .text.sl_slist_push_back
                0x080005ec       0x24 ./simplicity_sdk_2025.6.2/platform/common/src/sl_slist.o
                0x080005ec                sl_slist_push_back
 .text.sl_slist_pop
                0x08000610       0x20 ./simplicity_sdk_2025.6.2/platform/common/src/sl_slist.o
                0x08000610                sl_slist_pop
 .text.sl_debug_swo_init
                0x08000630       0xcc ./simplicity_sdk_2025.6.2/platform/driver/debug/src/sl_debug_swo.o
                0x08000630                sl_debug_swo_init
 .text.sl_debug_swo_write_u8
                0x080006fc       0x44 ./simplicity_sdk_2025.6.2/platform/driver/debug/src/sl_debug_swo.o
                0x080006fc                sl_debug_swo_write_u8
 .text.sl_gpio_dispatch_interrupt
                0x08000740       0x5c ./simplicity_sdk_2025.6.2/platform/driver/gpio/src/sl_gpio.o
 .text.sl_gpio_init
                0x0800079c       0x38 ./simplicity_sdk_2025.6.2/platform/driver/gpio/src/sl_gpio.o
                0x0800079c                sl_gpio_init
 .text.sl_gpio_set_pin_mode
                0x080007d4       0x80 ./simplicity_sdk_2025.6.2/platform/driver/gpio/src/sl_gpio.o
                0x080007d4                sl_gpio_set_pin_mode
 .text.sl_gpio_set_pin
                0x08000854       0x58 ./simplicity_sdk_2025.6.2/platform/driver/gpio/src/sl_gpio.o
                0x08000854                sl_gpio_set_pin
 .text.sl_gpio_clear_pin
                0x080008ac       0x5c ./simplicity_sdk_2025.6.2/platform/driver/gpio/src/sl_gpio.o
                0x080008ac                sl_gpio_clear_pin
 .text.GPIO_EVEN_IRQHandler
                0x08000908       0x20 ./simplicity_sdk_2025.6.2/platform/driver/gpio/src/sl_gpio.o
                0x08000908                GPIO_EVEN_IRQHandler
 .text.GPIO_ODD_IRQHandler
                0x08000928       0x20 ./simplicity_sdk_2025.6.2/platform/driver/gpio/src/sl_gpio.o
                0x08000928                GPIO_ODD_IRQHandler
 .text.I2CSPM_Init
                0x08000948       0xd8 ./simplicity_sdk_2025.6.2/platform/driver/i2cspm/src/sl_i2cspm.o
                0x08000948                I2CSPM_Init
 .text.I2CSPM_Transfer
                0x08000a20       0x20 ./simplicity_sdk_2025.6.2/platform/driver/i2cspm/src/sl_i2cspm.o
                0x08000a20                I2CSPM_Transfer
 .text.StartTransfer
                0x08000a40      0x17c ./simplicity_sdk_2025.6.2/platform/emdrv/dmadrv/src/dmadrv.o
 .text.DMADRV_AllocateChannel
                0x08000bbc       0x60 ./simplicity_sdk_2025.6.2/platform/emdrv/dmadrv/src/dmadrv.o
                0x08000bbc                DMADRV_AllocateChannel
 .text.DMADRV_DeInit
                0x08000c1c       0x44 ./simplicity_sdk_2025.6.2/platform/emdrv/dmadrv/src/dmadrv.o
                0x08000c1c                DMADRV_DeInit
 .text.DMADRV_FreeChannel
                0x08000c60       0x4c ./simplicity_sdk_2025.6.2/platform/emdrv/dmadrv/src/dmadrv.o
                0x08000c60                DMADRV_FreeChannel
 .text.DMADRV_Init
                0x08000cac       0x68 ./simplicity_sdk_2025.6.2/platform/emdrv/dmadrv/src/dmadrv.o
                0x08000cac                DMADRV_Init
 .text.DMADRV_LdmaStartTransfer
                0x08000d14       0x4c ./simplicity_sdk_2025.6.2/platform/emdrv/dmadrv/src/dmadrv.o
                0x08000d14                DMADRV_LdmaStartTransfer
 .text.DMADRV_PauseTransfer
                0x08000d60       0x40 ./simplicity_sdk_2025.6.2/platform/emdrv/dmadrv/src/dmadrv.o
                0x08000d60                DMADRV_PauseTransfer
 .text.DMADRV_ResumeTransfer
                0x08000da0       0x40 ./simplicity_sdk_2025.6.2/platform/emdrv/dmadrv/src/dmadrv.o
                0x08000da0                DMADRV_ResumeTransfer
 .text.LDMA_IRQHandler
                0x08000de0       0x74 ./simplicity_sdk_2025.6.2/platform/emdrv/dmadrv/src/dmadrv.o
                0x08000de0                LDMA_IRQHandler
 .text.EMU_VScaleGet
                0x08000e54       0x18 ./simplicity_sdk_2025.6.2/platform/emlib/src/em_cmu.o
 .text.dpllRefClkGet
                0x08000e6c       0x48 ./simplicity_sdk_2025.6.2/platform/emlib/src/em_cmu.o
 .text.em23GrpaClkGet
                0x08000eb4       0x48 ./simplicity_sdk_2025.6.2/platform/emlib/src/em_cmu.o
 .text.em4GrpaClkGet
                0x08000efc       0x48 ./simplicity_sdk_2025.6.2/platform/emlib/src/em_cmu.o
 .text.sysrtcClkGet
                0x08000f44       0x48 ./simplicity_sdk_2025.6.2/platform/emlib/src/em_cmu.o
 .text.traceClkGet
                0x08000f8c       0x54 ./simplicity_sdk_2025.6.2/platform/emlib/src/em_cmu.o
 .text.em01GrpaClkGet
                0x08000fe0       0x74 ./simplicity_sdk_2025.6.2/platform/emlib/src/em_cmu.o
 .text.em01GrpcClkGet
                0x08001054       0x70 ./simplicity_sdk_2025.6.2/platform/emlib/src/em_cmu.o
 .text.eusart0ClkGet
                0x080010c4       0x74 ./simplicity_sdk_2025.6.2/platform/emlib/src/em_cmu.o
 .text.iadcClkGet
                0x08001138       0x60 ./simplicity_sdk_2025.6.2/platform/emlib/src/em_cmu.o
 .text.wdog0ClkGet
                0x08001198       0x64 ./simplicity_sdk_2025.6.2/platform/emlib/src/em_cmu.o
 .text.wdog1ClkGet
                0x080011fc       0x64 ./simplicity_sdk_2025.6.2/platform/emlib/src/em_cmu.o
 .text.vdac0ClkGet
                0x08001260       0x70 ./simplicity_sdk_2025.6.2/platform/emlib/src/em_cmu.o
 .text.vdac1ClkGet
                0x080012d0       0x70 ./simplicity_sdk_2025.6.2/platform/emlib/src/em_cmu.o
 .text.pcnt0ClkGet
                0x08001340       0x4c ./simplicity_sdk_2025.6.2/platform/emlib/src/em_cmu.o
 .text.HFRCODPLLDevinfoGet
                0x0800138c      0x108 ./simplicity_sdk_2025.6.2/platform/emlib/src/em_cmu.o
 .text.CMU_ClockDivGet
                0x08001494       0x78 ./simplicity_sdk_2025.6.2/platform/emlib/src/em_cmu.o
                0x08001494                CMU_ClockDivGet
 .text.flashWaitStateControl
                0x0800150c       0x58 ./simplicity_sdk_2025.6.2/platform/emlib/src/em_cmu.o
 .text.CMU_ClockEnable
                0x08001564       0x50 ./simplicity_sdk_2025.6.2/platform/emlib/src/em_cmu.o
                0x08001564                CMU_ClockEnable
 .text.CMU_ClockFreqGet
                0x080015b4      0x210 ./simplicity_sdk_2025.6.2/platform/emlib/src/em_cmu.o
                0x080015b4                CMU_ClockFreqGet
 .text.rhclkPrescOptimize
                0x080017c4       0x20 ./simplicity_sdk_2025.6.2/platform/emlib/src/em_cmu.o
 .text.CMU_ClockSelectGet
                0x080017e4      0x208 ./simplicity_sdk_2025.6.2/platform/emlib/src/em_cmu.o
                0x080017e4                CMU_ClockSelectGet
 .text.sli_em_cmu_SYSTICEXTCLKENClear
                0x080019ec       0x30 ./simplicity_sdk_2025.6.2/platform/emlib/src/em_cmu.o
                0x080019ec                sli_em_cmu_SYSTICEXTCLKENClear
 .text.CMU_HFXOInit
                0x08001a1c      0x224 ./simplicity_sdk_2025.6.2/platform/emlib/src/em_cmu.o
                0x08001a1c                CMU_HFXOInit
 .text.CMU_HFXOCTuneDeltaGet
                0x08001c40        0xc ./simplicity_sdk_2025.6.2/platform/emlib/src/em_cmu.o
                0x08001c40                CMU_HFXOCTuneDeltaGet
 .text.CMU_LFXOInit
                0x08001c4c       0xc4 ./simplicity_sdk_2025.6.2/platform/emlib/src/em_cmu.o
                0x08001c4c                CMU_LFXOInit
 .text.CMU_LFXOPrecisionSet
                0x08001d10        0xc ./simplicity_sdk_2025.6.2/platform/emlib/src/em_cmu.o
                0x08001d10                CMU_LFXOPrecisionSet
 .text.CMU_HFXOPrecisionSet
                0x08001d1c        0xc ./simplicity_sdk_2025.6.2/platform/emlib/src/em_cmu.o
                0x08001d1c                CMU_HFXOPrecisionSet
 .text.CMU_LFRCOSetPrecision
                0x08001d28       0x80 ./simplicity_sdk_2025.6.2/platform/emlib/src/em_cmu.o
                0x08001d28                CMU_LFRCOSetPrecision
 .text.CMU_ClockDivSet
                0x08001da8      0x12c ./simplicity_sdk_2025.6.2/platform/emlib/src/em_cmu.o
                0x08001da8                CMU_ClockDivSet
 .text.sli_em_cmu_SYSCLKInitPreClockSelect
                0x08001ed4       0x30 ./simplicity_sdk_2025.6.2/platform/emlib/src/em_cmu.o
                0x08001ed4                sli_em_cmu_SYSCLKInitPreClockSelect
 .text.pclkDivOptimize
                0x08001f04       0x24 ./simplicity_sdk_2025.6.2/platform/emlib/src/em_cmu.o
 .text.sli_em_cmu_SYSCLKInitPostClockSelect
                0x08001f28       0x40 ./simplicity_sdk_2025.6.2/platform/emlib/src/em_cmu.o
                0x08001f28                sli_em_cmu_SYSCLKInitPostClockSelect
 .text.CMU_HFRCODPLLBandSet
                0x08001f68      0x11c ./simplicity_sdk_2025.6.2/platform/emlib/src/em_cmu.o
                0x08001f68                CMU_HFRCODPLLBandSet
 .text.CMU_HFRCOEM23BandSet
                0x08002084      0x168 ./simplicity_sdk_2025.6.2/platform/emlib/src/em_cmu.o
                0x08002084                CMU_HFRCOEM23BandSet
 .text.EMU_DCDCSync
                0x080021ec       0x10 ./simplicity_sdk_2025.6.2/platform/emlib/src/em_emu.o
 .text.EMU_EM4Init
                0x080021fc       0x14 ./simplicity_sdk_2025.6.2/platform/emlib/src/em_emu.o
                0x080021fc                EMU_EM4Init
 .text.EMU_VScaleEM01
                0x08002210       0xa8 ./simplicity_sdk_2025.6.2/platform/emlib/src/em_emu.o
                0x08002210                EMU_VScaleEM01
 .text.EMU_VScaleEM01ByClock
                0x080022b8       0x30 ./simplicity_sdk_2025.6.2/platform/emlib/src/em_emu.o
                0x080022b8                EMU_VScaleEM01ByClock
 .text.EMU_DCDCModeSet
                0x080022e8       0xac ./simplicity_sdk_2025.6.2/platform/emlib/src/em_emu.o
                0x080022e8                EMU_DCDCModeSet
 .text.EMU_DCDCInit
                0x08002394       0x70 ./simplicity_sdk_2025.6.2/platform/emlib/src/em_emu.o
                0x08002394                EMU_DCDCInit
 .text.EMU_DCDCSetPFMXModePeakCurrent
                0x08002404       0x6c ./simplicity_sdk_2025.6.2/platform/emlib/src/em_emu.o
                0x08002404                EMU_DCDCSetPFMXModePeakCurrent
 .text.EUSART_Reset
                0x08002470       0x54 ./simplicity_sdk_2025.6.2/platform/emlib/src/em_eusart.o
                0x08002470                EUSART_Reset
 .text.EUSART_Enable
                0x080024c4       0x6c ./simplicity_sdk_2025.6.2/platform/emlib/src/em_eusart.o
                0x080024c4                EUSART_Enable
 .text.EUSART_BaudrateSet
                0x08002530      0x1cc ./simplicity_sdk_2025.6.2/platform/emlib/src/em_eusart.o
                0x08002530                EUSART_BaudrateSet
 .text.EUSART_AsyncInitCommon
                0x080026fc      0x24c ./simplicity_sdk_2025.6.2/platform/emlib/src/em_eusart.o
 .text.EUSART_UartInitHf
                0x08002948       0x5c ./simplicity_sdk_2025.6.2/platform/emlib/src/em_eusart.o
                0x08002948                EUSART_UartInitHf
 .text.EUSART_UartInitLf
                0x080029a4       0xb8 ./simplicity_sdk_2025.6.2/platform/emlib/src/em_eusart.o
                0x080029a4                EUSART_UartInitLf
 .text.GPIO_PinOutSet
                0x08002a5c       0x3c ./simplicity_sdk_2025.6.2/platform/emlib/src/em_gpio.o
 .text.GPIO_PinOutClear
                0x08002a98       0x3c ./simplicity_sdk_2025.6.2/platform/emlib/src/em_gpio.o
 .text.GPIO_PinModeSet
                0x08002ad4       0x94 ./simplicity_sdk_2025.6.2/platform/emlib/src/em_gpio.o
                0x08002ad4                GPIO_PinModeSet
 .text.I2C_BusFreqSet
                0x08002b68      0x108 ./simplicity_sdk_2025.6.2/platform/emlib/src/em_i2c.o
                0x08002b68                I2C_BusFreqSet
 .text.I2C_Enable
                0x08002c70       0x38 ./simplicity_sdk_2025.6.2/platform/emlib/src/em_i2c.o
                0x08002c70                I2C_Enable
 .text.I2C_Init
                0x08002ca8       0x64 ./simplicity_sdk_2025.6.2/platform/emlib/src/em_i2c.o
                0x08002ca8                I2C_Init
 .text.I2C_Transfer
                0x08002d0c      0x224 ./simplicity_sdk_2025.6.2/platform/emlib/src/em_i2c.o
                0x08002d0c                I2C_Transfer
 .text.I2C_TransferInit
                0x08002f30       0xc0 ./simplicity_sdk_2025.6.2/platform/emlib/src/em_i2c.o
                0x08002f30                I2C_TransferInit
 .text.LDMA_DeInit
                0x08002ff0       0x2c ./simplicity_sdk_2025.6.2/platform/emlib/src/em_ldma.o
                0x08002ff0                LDMA_DeInit
 .text.LDMA_EnableChannelRequest
                0x0800301c       0x40 ./simplicity_sdk_2025.6.2/platform/emlib/src/em_ldma.o
                0x0800301c                LDMA_EnableChannelRequest
 .text.LDMA_Init
                0x0800305c       0x90 ./simplicity_sdk_2025.6.2/platform/emlib/src/em_ldma.o
                0x0800305c                LDMA_Init
 .text.LDMA_StartTransfer
                0x080030ec       0xf8 ./simplicity_sdk_2025.6.2/platform/emlib/src/em_ldma.o
                0x080030ec                LDMA_StartTransfer
 .text.LDMA_StopTransfer
                0x080031e4       0x38 ./simplicity_sdk_2025.6.2/platform/emlib/src/em_ldma.o
                0x080031e4                LDMA_StopTransfer
 .text.LDMA_TransferDone
                0x0800321c       0x44 ./simplicity_sdk_2025.6.2/platform/emlib/src/em_ldma.o
                0x0800321c                LDMA_TransferDone
 .text.LDMA_TransferRemainingCount
                0x08003260       0x44 ./simplicity_sdk_2025.6.2/platform/emlib/src/em_ldma.o
                0x08003260                LDMA_TransferRemainingCount
 .text.sl_hal_gpio_clear_pin
                0x080032a4       0x54 ./simplicity_sdk_2025.6.2/platform/peripheral/src/sl_hal_gpio.o
                0x080032a4                sl_hal_gpio_clear_pin
 .text.sl_hal_gpio_get_enabled_pending_interrupts
                0x080032f8       0x14 ./simplicity_sdk_2025.6.2/platform/peripheral/src/sl_hal_gpio.o
                0x080032f8                sl_hal_gpio_get_enabled_pending_interrupts
 .text.sl_hal_gpio_set_pin_mode
                0x0800330c       0xd0 ./simplicity_sdk_2025.6.2/platform/peripheral/src/sl_hal_gpio.o
                0x0800330c                sl_hal_gpio_set_pin_mode
 .text.sl_hal_sysrtc_wait_ready
                0x080033dc       0x1c ./simplicity_sdk_2025.6.2/platform/peripheral/src/sl_hal_sysrtc.o
                0x080033dc                sl_hal_sysrtc_wait_ready
 .text.sl_hal_sysrtc_stop
                0x080033f8       0x28 ./simplicity_sdk_2025.6.2/platform/peripheral/src/sl_hal_sysrtc.o
                0x080033f8                sl_hal_sysrtc_stop
 .text.sl_hal_sysrtc_enable
                0x08003420       0x18 ./simplicity_sdk_2025.6.2/platform/peripheral/src/sl_hal_sysrtc.o
                0x08003420                sl_hal_sysrtc_enable
 .text.sl_hal_sysrtc_disable
                0x08003438       0x1c ./simplicity_sdk_2025.6.2/platform/peripheral/src/sl_hal_sysrtc.o
                0x08003438                sl_hal_sysrtc_disable
 .text.sl_hal_sysrtc_init
                0x08003454       0x24 ./simplicity_sdk_2025.6.2/platform/peripheral/src/sl_hal_sysrtc.o
                0x08003454                sl_hal_sysrtc_init
 .text.sl_hal_sysrtc_init_group
                0x08003478       0x44 ./simplicity_sdk_2025.6.2/platform/peripheral/src/sl_hal_sysrtc.o
                0x08003478                sl_hal_sysrtc_init_group
 .text.sli_clock_manager_hal_init
                0x080034bc      0x268 ./simplicity_sdk_2025.6.2/platform/service/clock_manager/src/sl_clock_manager_init_hal_s2.o
                0x080034bc                sli_clock_manager_hal_init
 .text.sl_device_init_dcdc
                0x08003724       0x2c ./simplicity_sdk_2025.6.2/platform/service/device_init/src/sl_device_init_dcdc_s2.o
                0x08003724                sl_device_init_dcdc
 .text.sl_device_init_emu
                0x08003750       0x24 ./simplicity_sdk_2025.6.2/platform/service/device_init/src/sl_device_init_emu_s2.o
                0x08003750                sl_device_init_emu
 .text.sl_interrupt_manager_disable_irq
                0x08003774       0x3c ./simplicity_sdk_2025.6.2/platform/service/interrupt_manager/src/sl_interrupt_manager_cortexm.o
                0x08003774                sl_interrupt_manager_disable_irq
 .text.sl_interrupt_manager_enable_irq
                0x080037b0       0x34 ./simplicity_sdk_2025.6.2/platform/service/interrupt_manager/src/sl_interrupt_manager_cortexm.o
                0x080037b0                sl_interrupt_manager_enable_irq
 .text.sl_interrupt_manager_is_irq_disabled
                0x080037e4       0x30 ./simplicity_sdk_2025.6.2/platform/service/interrupt_manager/src/sl_interrupt_manager_cortexm.o
                0x080037e4                sl_interrupt_manager_is_irq_disabled
 .text.sl_interrupt_manager_clear_irq_pending
                0x08003814       0x1c ./simplicity_sdk_2025.6.2/platform/service/interrupt_manager/src/sl_interrupt_manager_cortexm.o
                0x08003814                sl_interrupt_manager_clear_irq_pending
 .text.sl_interrupt_manager_set_irq_priority
                0x08003830       0x54 ./simplicity_sdk_2025.6.2/platform/service/interrupt_manager/src/sl_interrupt_manager_cortexm.o
                0x08003830                sl_interrupt_manager_set_irq_priority
 .text.sl_interrupt_manager_init
                0x08003884       0x34 ./simplicity_sdk_2025.6.2/platform/service/interrupt_manager/src/sl_interrupt_manager_cortexm.o
                0x08003884                sl_interrupt_manager_init
 .text.sl_iostream_set_default
                0x080038b8       0x18 ./simplicity_sdk_2025.6.2/platform/service/iostream/src/sl_iostream.o
                0x080038b8                sl_iostream_set_default
 .text.sl_iostream_get_default
                0x080038d0       0x18 ./simplicity_sdk_2025.6.2/platform/service/iostream/src/sl_iostream.o
                0x080038d0                sl_iostream_get_default
 .text.sl_iostream_eusart_init
                0x080038e8      0x24c ./simplicity_sdk_2025.6.2/platform/service/iostream/src/sl_iostream_eusart.o
                0x080038e8                sl_iostream_eusart_init
 .text.sl_iostream_eusart_irq_handler
                0x08003b34       0x10 ./simplicity_sdk_2025.6.2/platform/service/iostream/src/sl_iostream_eusart.o
                0x08003b34                sl_iostream_eusart_irq_handler
 .text._write   0x08003b44       0x20 ./simplicity_sdk_2025.6.2/platform/service/iostream/src/sl_iostream_retarget_stdio.o
                0x08003b44                _write
 .text.__rx_buffer_empty
                0x08003b64       0x34 ./simplicity_sdk_2025.6.2/platform/service/iostream/src/sl_iostream_uart.o
 .text.__rx_buffer_full
                0x08003b98       0x4c ./simplicity_sdk_2025.6.2/platform/service/iostream/src/sl_iostream_uart.o
 .text.__get_write_ptr
                0x08003be4       0x60 ./simplicity_sdk_2025.6.2/platform/service/iostream/src/sl_iostream_uart.o
 .text.__uart_async_start_write
                0x08003c44       0x74 ./simplicity_sdk_2025.6.2/platform/service/iostream/src/sl_iostream_uart.o
 .text.set_new_data_detect
                0x08003cb8      0x174 ./simplicity_sdk_2025.6.2/platform/service/iostream/src/sl_iostream_uart.o
 .text.__uart_async_tx_dma_callback
                0x08003e2c       0x40 ./simplicity_sdk_2025.6.2/platform/service/iostream/src/sl_iostream_uart.o
 .text.rx_buffer_empty
                0x08003e6c       0x38 ./simplicity_sdk_2025.6.2/platform/service/iostream/src/sl_iostream_uart.o
 .text.uart_read
                0x08003ea4      0x2cc ./simplicity_sdk_2025.6.2/platform/service/iostream/src/sl_iostream_uart.o
 .text.uart_write
                0x08004170      0x124 ./simplicity_sdk_2025.6.2/platform/service/iostream/src/sl_iostream_uart.o
 .text.sli_iostream_uart_context_init
                0x08004294      0x150 ./simplicity_sdk_2025.6.2/platform/service/iostream/src/sl_iostream_uart.o
                0x08004294                sli_iostream_uart_context_init
 .text.uart_deinit
                0x080043e4       0x9c ./simplicity_sdk_2025.6.2/platform/service/iostream/src/sl_iostream_uart.o
 .text._sbrk    0x08004480       0x20 ./simplicity_sdk_2025.6.2/platform/service/memory_manager/src/sl_memory_manager_region.o
                0x08004480                _sbrk
 .text.sl_sleeptimer_init
                0x080044a0       0x74 ./simplicity_sdk_2025.6.2/platform/service/sleeptimer/src/sl_sleeptimer.o
                0x080044a0                sl_sleeptimer_init
 .text.sl_sleeptimer_delay_millisecond
                0x08004514       0x38 ./simplicity_sdk_2025.6.2/platform/service/sleeptimer/src/sl_sleeptimer.o
                0x08004514                sl_sleeptimer_delay_millisecond
 .text.sleeptimer_hal_init_timer
                0x0800454c       0x6c ./simplicity_sdk_2025.6.2/platform/service/sleeptimer/src/sl_sleeptimer_hal_sysrtc.o
                0x0800454c                sleeptimer_hal_init_timer
 .text.sl_udelay_wait
                0x080045b8       0x58 ./simplicity_sdk_2025.6.2/platform/service/udelay/src/sl_udelay.o
                0x080045b8                sl_udelay_wait
 .text          0x08004610       0x30 c:/siliconlabs/simplicitystudio/v5/developer/toolchains/gnu_arm/12.2.rel1_2023.7/bin/../lib/gcc/arm-none-eabi/12.2.1/thumb/v8-m.main+fp/hard\libgcc.a(_aeabi_uldivmod.o)
                0x08004610                __aeabi_uldivmod
 .text.__udivmoddi4
                0x08004640      0x2ec c:/siliconlabs/simplicitystudio/v5/developer/toolchains/gnu_arm/12.2.rel1_2023.7/bin/../lib/gcc/arm-none-eabi/12.2.1/thumb/v8-m.main+fp/hard\libgcc.a(_udivmoddi4.o)
                0x08004640                __udivmoddi4
 .text          0x0800492c        0x4 c:/siliconlabs/simplicitystudio/v5/developer/toolchains/gnu_arm/12.2.rel1_2023.7/bin/../lib/gcc/arm-none-eabi/12.2.1/thumb/v8-m.main+fp/hard\libgcc.a(_dvmd_tls.o)
                0x0800492c                __aeabi_idiv0
                0x0800492c                __aeabi_ldiv0
 .text.exit     0x08004930       0x24 c:/siliconlabs/simplicitystudio/v5/developer/toolchains/gnu_arm/12.2.rel1_2023.7/bin/../lib/gcc/arm-none-eabi/12.2.1/thumb/v8-m.main+fp/hard\libc_nano.a(libc_a-exit.o)
                0x08004930                exit
 .text.std      0x08004954       0x6c c:/siliconlabs/simplicitystudio/v5/developer/toolchains/gnu_arm/12.2.rel1_2023.7/bin/../lib/gcc/arm-none-eabi/12.2.1/thumb/v8-m.main+fp/hard\libc_nano.a(libc_a-findfp.o)
 .text.stdio_exit_handler
                0x080049c0       0x18 c:/siliconlabs/simplicitystudio/v5/developer/toolchains/gnu_arm/12.2.rel1_2023.7/bin/../lib/gcc/arm-none-eabi/12.2.1/thumb/v8-m.main+fp/hard\libc_nano.a(libc_a-findfp.o)
 .text.cleanup_stdio
                0x080049d8       0x40 c:/siliconlabs/simplicitystudio/v5/developer/toolchains/gnu_arm/12.2.rel1_2023.7/bin/../lib/gcc/arm-none-eabi/12.2.1/thumb/v8-m.main+fp/hard\libc_nano.a(libc_a-findfp.o)
 .text.global_stdio_init.part.0
                0x08004a18       0x3c c:/siliconlabs/simplicitystudio/v5/developer/toolchains/gnu_arm/12.2.rel1_2023.7/bin/../lib/gcc/arm-none-eabi/12.2.1/thumb/v8-m.main+fp/hard\libc_nano.a(libc_a-findfp.o)
 .text.__sfp_lock_acquire
                0x08004a54        0xc c:/siliconlabs/simplicitystudio/v5/developer/toolchains/gnu_arm/12.2.rel1_2023.7/bin/../lib/gcc/arm-none-eabi/12.2.1/thumb/v8-m.main+fp/hard\libc_nano.a(libc_a-findfp.o)
                0x08004a54                __sfp_lock_acquire
 .text.__sfp_lock_release
                0x08004a60        0xc c:/siliconlabs/simplicitystudio/v5/developer/toolchains/gnu_arm/12.2.rel1_2023.7/bin/../lib/gcc/arm-none-eabi/12.2.1/thumb/v8-m.main+fp/hard\libc_nano.a(libc_a-findfp.o)
                0x08004a60                __sfp_lock_release
 .text.__sinit  0x08004a6c       0x30 c:/siliconlabs/simplicitystudio/v5/developer/toolchains/gnu_arm/12.2.rel1_2023.7/bin/../lib/gcc/arm-none-eabi/12.2.1/thumb/v8-m.main+fp/hard\libc_nano.a(libc_a-findfp.o)
                0x08004a6c                __sinit
 .text.printf   0x08004a9c       0x24 c:/siliconlabs/simplicitystudio/v5/developer/toolchains/gnu_arm/12.2.rel1_2023.7/bin/../lib/gcc/arm-none-eabi/12.2.1/thumb/v8-m.main+fp/hard\libc_nano.a(libc_a-printf.o)
                0x08004a9c                iprintf
                0x08004a9c                printf
 .text._close_r
                0x08004ac0       0x20 c:/siliconlabs/simplicitystudio/v5/developer/toolchains/gnu_arm/12.2.rel1_2023.7/bin/../lib/gcc/arm-none-eabi/12.2.1/thumb/v8-m.main+fp/hard\libc_nano.a(libc_a-closer.o)
                0x08004ac0                _close_r
 .text._lseek_r
                0x08004ae0       0x24 c:/siliconlabs/simplicitystudio/v5/developer/toolchains/gnu_arm/12.2.rel1_2023.7/bin/../lib/gcc/arm-none-eabi/12.2.1/thumb/v8-m.main+fp/hard\libc_nano.a(libc_a-lseekr.o)
                0x08004ae0                _lseek_r
 .text._read_r  0x08004b04       0x24 c:/siliconlabs/simplicitystudio/v5/developer/toolchains/gnu_arm/12.2.rel1_2023.7/bin/../lib/gcc/arm-none-eabi/12.2.1/thumb/v8-m.main+fp/hard\libc_nano.a(libc_a-readr.o)
                0x08004b04                _read_r
 .text._write_r
                0x08004b28       0x24 c:/siliconlabs/simplicitystudio/v5/developer/toolchains/gnu_arm/12.2.rel1_2023.7/bin/../lib/gcc/arm-none-eabi/12.2.1/thumb/v8-m.main+fp/hard\libc_nano.a(libc_a-writer.o)
                0x08004b28                _write_r
 .text.__libc_init_array
                0x08004b4c       0x48 c:/siliconlabs/simplicitystudio/v5/developer/toolchains/gnu_arm/12.2.rel1_2023.7/bin/../lib/gcc/arm-none-eabi/12.2.1/thumb/v8-m.main+fp/hard\libc_nano.a(libc_a-init.o)
                0x08004b4c                __libc_init_array
 .text._free_r  0x08004b94       0x94 c:/siliconlabs/simplicitystudio/v5/developer/toolchains/gnu_arm/12.2.rel1_2023.7/bin/../lib/gcc/arm-none-eabi/12.2.1/thumb/v8-m.main+fp/hard\libc_nano.a(libc_a-freer.o)
                0x08004b94                _free_r
 .text.sbrk_aligned
                0x08004c28       0x44 c:/siliconlabs/simplicitystudio/v5/developer/toolchains/gnu_arm/12.2.rel1_2023.7/bin/../lib/gcc/arm-none-eabi/12.2.1/thumb/v8-m.main+fp/hard\libc_nano.a(libc_a-mallocr.o)
 .text._malloc_r
                0x08004c6c       0xf0 c:/siliconlabs/simplicitystudio/v5/developer/toolchains/gnu_arm/12.2.rel1_2023.7/bin/../lib/gcc/arm-none-eabi/12.2.1/thumb/v8-m.main+fp/hard\libc_nano.a(libc_a-mallocr.o)
                0x08004c6c                _malloc_r
 .text.__malloc_lock
                0x08004d5c        0xc c:/siliconlabs/simplicitystudio/v5/developer/toolchains/gnu_arm/12.2.rel1_2023.7/bin/../lib/gcc/arm-none-eabi/12.2.1/thumb/v8-m.main+fp/hard\libc_nano.a(libc_a-mlock.o)
                0x08004d5c                __malloc_lock
 .text.__malloc_unlock
                0x08004d68        0xc c:/siliconlabs/simplicitystudio/v5/developer/toolchains/gnu_arm/12.2.rel1_2023.7/bin/../lib/gcc/arm-none-eabi/12.2.1/thumb/v8-m.main+fp/hard\libc_nano.a(libc_a-mlock.o)
                0x08004d68                __malloc_unlock
 .text._vfprintf_r
                0x08004d74      0x230 c:/siliconlabs/simplicitystudio/v5/developer/toolchains/gnu_arm/12.2.rel1_2023.7/bin/../lib/gcc/arm-none-eabi/12.2.1/thumb/v8-m.main+fp/hard\libc_nano.a(libc_a-nano-vfprintf.o)
                0x08004d74                _vfprintf_r
                0x08004d74                _vfiprintf_r
 .text._printf_i
                0x08004fa4      0x258 c:/siliconlabs/simplicitystudio/v5/developer/toolchains/gnu_arm/12.2.rel1_2023.7/bin/../lib/gcc/arm-none-eabi/12.2.1/thumb/v8-m.main+fp/hard\libc_nano.a(libc_a-nano-vfprintf_i.o)
                0x08004fa4                _printf_i
 .text.__swsetup_r
                0x080051fc       0xac c:/siliconlabs/simplicitystudio/v5/developer/toolchains/gnu_arm/12.2.rel1_2023.7/bin/../lib/gcc/arm-none-eabi/12.2.1/thumb/v8-m.main+fp/hard\libc_nano.a(libc_a-wsetup.o)
                0x080051fc                __swsetup_r
 .text._sbrk_r  0x080052a8       0x20 c:/siliconlabs/simplicitystudio/v5/developer/toolchains/gnu_arm/12.2.rel1_2023.7/bin/../lib/gcc/arm-none-eabi/12.2.1/thumb/v8-m.main+fp/hard\libc_nano.a(libc_a-sbrkr.o)
                0x080052a8                _sbrk_r
 .text._fstat_r
                0x080052c8       0x24 c:/siliconlabs/simplicitystudio/v5/developer/toolchains/gnu_arm/12.2.rel1_2023.7/bin/../lib/gcc/arm-none-eabi/12.2.1/thumb/v8-m.main+fp/hard\libc_nano.a(libc_a-fstatr.o)
                0x080052c8                _fstat_r
 .text._isatty_r
                0x080052ec       0x20 c:/siliconlabs/simplicitystudio/v5/developer/toolchains/gnu_arm/12.2.rel1_2023.7/bin/../lib/gcc/arm-none-eabi/12.2.1/thumb/v8-m.main+fp/hard\libc_nano.a(libc_a-isattyr.o)
                0x080052ec                _isatty_r
 .text.app_init
                0x0800530c       0x16 ./app.o
                0x0800530c                app_init
 .text.startup.main
                0x08005322       0x14 ./main.o
                0x08005322                main
 .text.OLED_SetPos
                0x08005336       0x32 ./oled.o
                0x08005336                OLED_SetPos
 .text.OLED_Init
                0x08005368       0x96 ./oled.o
                0x08005368                OLED_Init
 .text.sl_board_default_init
                0x080053fe        0x2 ./autogen/sl_board_default_init.o
                0x080053fe                sl_board_default_init
 .text.sli_driver_permanent_allocation
                0x08005400        0x2 ./autogen/sl_event_handler.o
                0x08005400                sli_driver_permanent_allocation
 .text.sli_service_permanent_allocation
                0x08005402        0x2 ./autogen/sl_event_handler.o
                0x08005402                sli_service_permanent_allocation
 .text.sli_stack_permanent_allocation
                0x08005404        0x2 ./autogen/sl_event_handler.o
                0x08005404                sli_stack_permanent_allocation
 .text.sli_internal_permanent_allocation
                0x08005406        0x2 ./autogen/sl_event_handler.o
                0x08005406                sli_internal_permanent_allocation
 .text.sl_platform_init
                0x08005408       0x12 ./autogen/sl_event_handler.o
                0x08005408                sl_platform_init
 .text.sli_internal_init_early
                0x0800541a        0x2 ./autogen/sl_event_handler.o
                0x0800541a                sli_internal_init_early
 .text.sl_driver_init
                0x0800541c       0x16 ./autogen/sl_event_handler.o
                0x0800541c                sl_driver_init
 .text.sl_service_init
                0x08005432       0x12 ./autogen/sl_event_handler.o
                0x08005432                sl_service_init
 .text.sl_stack_init
                0x08005444        0x2 ./autogen/sl_event_handler.o
                0x08005444                sl_stack_init
 .text.sl_internal_app_init
                0x08005446        0x2 ./autogen/sl_event_handler.o
                0x08005446                sl_internal_app_init
 .text.sli_platform_process_action
                0x08005448        0x2 ./autogen/sl_event_handler.o
                0x08005448                sli_platform_process_action
 .text.sli_service_process_action
                0x0800544a        0x2 ./autogen/sl_event_handler.o
                0x0800544a                sli_service_process_action
 .text.sli_stack_process_action
                0x0800544c        0x2 ./autogen/sl_event_handler.o
                0x0800544c                sli_stack_process_action
 .text.sli_internal_app_process_action
                0x0800544e        0x2 ./autogen/sl_event_handler.o
                0x0800544e                sli_internal_app_process_action
 .text.sl_iostream_eusart_init_instances
                0x08005450        0x4 ./autogen/sl_iostream_init_eusart_instances.o
                0x08005450                sl_iostream_eusart_init_instances
 .text.EUSART0_TX_IRQHandler
                0x08005454        0x4 ./autogen/sl_iostream_init_eusart_instances.o
                0x08005454                EUSART0_TX_IRQHandler
 .text.sl_board_configure_vcom
                0x08005458        0x4 ./simplicity_sdk_2025.6.2/hardware/board/src/sl_board_control_gpio.o
                0x08005458                sl_board_configure_vcom
 .text.sli_cos_swo_itm_8_write.constprop.0.isra.0
                0x0800545c       0x78 ./simplicity_sdk_2025.6.2/hardware/driver/configuration_over_swo/src/sl_cos.o
 .text.sl_cos_send_config
                0x080054d4       0x12 ./simplicity_sdk_2025.6.2/hardware/driver/configuration_over_swo/src/sl_cos.o
                0x080054d4                sl_cos_send_config
 .text.sl_cos_config_vcom
                0x080054e6       0x1c ./simplicity_sdk_2025.6.2/hardware/driver/configuration_over_swo/src/sl_cos.o
                0x080054e6                sl_cos_config_vcom
 .text.Default_Handler
                0x08005502        0x2 ./simplicity_sdk_2025.6.2/platform/Device/SiliconLabs/EFR32MG24/Source/startup_efr32mg24.o
                0x08005502                ULFRCO_IRQHandler
                0x08005502                AHB2AHB1_IRQHandler
                0x08005502                SW2_IRQHandler
                0x08005502                TIMER2_IRQHandler
                0x08005502                DebugMon_Handler
                0x08005502                USART0_TX_IRQHandler
                0x08005502                IADC_IRQHandler
                0x08005502                I2C0_IRQHandler
                0x08005502                LFXO_IRQHandler
                0x08005502                HardFault_Handler
                0x08005502                SMU_SECURE_IRQHandler
                0x08005502                SysTick_Handler
                0x08005502                SYSRTC_SEQ_IRQHandler
                0x08005502                EMUEFP_IRQHandler
                0x08005502                PendSV_Handler
                0x08005502                NMI_Handler
                0x08005502                SYNTH_IRQHandler
                0x08005502                HOSTMAILBOX_IRQHandler
                0x08005502                HFXO0_IRQHandler
                0x08005502                I2C1_IRQHandler
                0x08005502                WDOG0_IRQHandler
                0x08005502                TIMER3_IRQHandler
                0x08005502                SYSCFG_IRQHandler
                0x08005502                RFECA1_IRQHandler
                0x08005502                EMUDG_IRQHandler
                0x08005502                MSC_IRQHandler
                0x08005502                DPLL0_IRQHandler
                0x08005502                UsageFault_Handler
                0x08005502                WDOG1_IRQHandler
                0x08005502                M33CTI1_IRQHandler
                0x08005502                TIMER4_IRQHandler
                0x08005502                VDAC0_IRQHandler
                0x08005502                SEMBTX_IRQHandler
                0x08005502                SW0_IRQHandler
                0x08005502                TIMER0_IRQHandler
                0x08005502                MVP_IRQHandler
                0x08005502                LETIMER0_IRQHandler
                0x08005502                EUSART1_RX_IRQHandler
                0x08005502                TIMER1_IRQHandler
                0x08005502                HFRCO0_IRQHandler
                0x08005502                SecureFault_Handler
                0x08005502                BUFC_IRQHandler
                0x08005502                DCDC_IRQHandler
                0x08005502                MODEM_IRQHandler
                0x08005502                Default_Handler
                0x08005502                RAC_SEQ_IRQHandler
                0x08005502                FRC_PRI_IRQHandler
                0x08005502                EMU_IRQHandler
                0x08005502                SW3_IRQHandler
                0x08005502                KERNEL0_IRQHandler
                0x08005502                FRC_IRQHandler
                0x08005502                PCNT0_IRQHandler
                0x08005502                KERNEL1_IRQHandler
                0x08005502                AGC_IRQHandler
                0x08005502                EUSART1_TX_IRQHandler
                0x08005502                KEYSCAN_IRQHandler
                0x08005502                sl_app_properties
                0x08005502                HFRCOEM23_IRQHandler
                0x08005502                BURTC_IRQHandler
                0x08005502                SEMBRX_IRQHandler
                0x08005502                RFECA0_IRQHandler
                0x08005502                LFRCO_IRQHandler
                0x08005502                VDAC1_IRQHandler
                0x08005502                ACMP0_IRQHandler
                0x08005502                USART0_RX_IRQHandler
                0x08005502                MemManage_Handler
                0x08005502                AHB2AHB0_IRQHandler
                0x08005502                SVC_Handler
                0x08005502                SMU_S_PRIVILEGED_IRQHandler
                0x08005502                SW1_IRQHandler
                0x08005502                CMU_IRQHandler
                0x08005502                RAC_RSM_IRQHandler
                0x08005502                SETAMPERHOST_IRQHandler
                0x08005502                AES_IRQHandler
                0x08005502                M33CTI0_IRQHandler
                0x08005502                ICACHE0_IRQHandler
                0x08005502                SMU_NS_PRIVILEGED_IRQHandler
                0x08005502                FPUEXH_IRQHandler
                0x08005502                PROTIMER_IRQHandler
                0x08005502                ACMP1_IRQHandler
                0x08005502                BusFault_Handler
                0x08005502                MPAHBRAM_IRQHandler
 .text.CopyMemory
                0x08005504       0x1a ./simplicity_sdk_2025.6.2/platform/Device/SiliconLabs/EFR32MG24/Source/startup_efr32mg24.o
                0x08005504                CopyMemory
 .text.assertEFM
                0x0800551e        0x2 ./simplicity_sdk_2025.6.2/platform/common/src/sl_assert.o
                0x0800551e                assertEFM
 .text.sl_slist_init
                0x08005520        0x6 ./simplicity_sdk_2025.6.2/platform/common/src/sl_slist.o
                0x08005520                sl_slist_init
 .text.sl_debug_swo_enable_itm
                0x08005526       0x16 ./simplicity_sdk_2025.6.2/platform/driver/debug/src/sl_debug_swo.o
                0x08005526                sl_debug_swo_enable_itm
 .text.sl_debug_swo_disable_itm
                0x0800553c       0x18 ./simplicity_sdk_2025.6.2/platform/driver/debug/src/sl_debug_swo.o
                0x0800553c                sl_debug_swo_disable_itm
 .text.DMADRV_PeripheralMemory
                0x08005554       0x34 ./simplicity_sdk_2025.6.2/platform/emdrv/dmadrv/src/dmadrv.o
                0x08005554                DMADRV_PeripheralMemory
 .text.BUS_RegMaskedWrite
                0x08005588       0x1e ./simplicity_sdk_2025.6.2/platform/emlib/src/em_cmu.o
 .text.waitStateMax
                0x080055a6       0x10 ./simplicity_sdk_2025.6.2/platform/emlib/src/em_cmu.o
 .text.CMU_UpdateWaitStates
                0x080055b6        0xc ./simplicity_sdk_2025.6.2/platform/emlib/src/em_cmu.o
                0x080055b6                CMU_UpdateWaitStates
 .text.pclkDivMax
                0x080055c2        0xa ./simplicity_sdk_2025.6.2/platform/emlib/src/em_cmu.o
 .text.EMU_EFPEM01VScale
                0x080055cc        0x2 ./simplicity_sdk_2025.6.2/platform/emlib/src/em_emu.o
                0x080055cc                EMU_EFPEM01VScale
 .text.EMU_DCDCUpdatedHook
                0x080055ce        0x2 ./simplicity_sdk_2025.6.2/platform/emlib/src/em_emu.o
                0x080055ce                EMU_DCDCUpdatedHook
 .text.eusart_sync
                0x080055d0        0x8 ./simplicity_sdk_2025.6.2/platform/emlib/src/em_eusart.o
 .text.EUSART_Disable
                0x080055d8       0x34 ./simplicity_sdk_2025.6.2/platform/emlib/src/em_eusart.o
 .text.EUSART_Tx
                0x0800560c        0xa ./simplicity_sdk_2025.6.2/platform/emlib/src/em_eusart.o
                0x0800560c                EUSART_Tx
 .text.BUS_RegMaskedWrite
                0x08005616       0x1e ./simplicity_sdk_2025.6.2/platform/emlib/src/em_gpio.o
 .text.sl_hal_bus_reg_write_mask
                0x08005634       0x1e ./simplicity_sdk_2025.6.2/platform/peripheral/src/sl_hal_gpio.o
 .text.sl_clock_manager_runtime_init
                0x08005652        0x4 ./simplicity_sdk_2025.6.2/platform/service/clock_manager/src/sl_clock_manager.o
                0x08005652                sl_clock_manager_runtime_init
 .text.sli_clock_manager_hal_runtime_init
                0x08005656        0x4 ./simplicity_sdk_2025.6.2/platform/service/clock_manager/src/sl_clock_manager_hal_s2.o
                0x08005656                sli_clock_manager_hal_runtime_init
 .text.sl_clock_manager_init
                0x0800565a        0x4 ./simplicity_sdk_2025.6.2/platform/service/clock_manager/src/sl_clock_manager_init.o
                0x0800565a                sl_clock_manager_init
 .text.sl_iostream_write
                0x0800565e       0x22 ./simplicity_sdk_2025.6.2/platform/service/iostream/src/sl_iostream.o
                0x0800565e                sl_iostream_write
 .text.sl_iostream_read
                0x08005680       0x30 ./simplicity_sdk_2025.6.2/platform/service/iostream/src/sl_iostream.o
                0x08005680                sl_iostream_read
 .text.eusart_rx
                0x080056b0       0x16 ./simplicity_sdk_2025.6.2/platform/service/iostream/src/sl_iostream_eusart.o
 .text.eusart_deinit
                0x080056c6       0x7c ./simplicity_sdk_2025.6.2/platform/service/iostream/src/sl_iostream_eusart.o
 .text.eusart_tx
                0x08005742       0x10 ./simplicity_sdk_2025.6.2/platform/service/iostream/src/sl_iostream_eusart.o
 .text._close   0x08005752        0x4 ./simplicity_sdk_2025.6.2/platform/service/iostream/src/sl_iostream_retarget_stdio.o
                0x08005752                _close
 .text._exit    0x08005756        0x2 ./simplicity_sdk_2025.6.2/platform/service/iostream/src/sl_iostream_retarget_stdio.o
                0x08005756                _exit
 .text._fstat   0x08005758        0xa ./simplicity_sdk_2025.6.2/platform/service/iostream/src/sl_iostream_retarget_stdio.o
                0x08005758                _fstat
 .text._isatty  0x08005762        0x4 ./simplicity_sdk_2025.6.2/platform/service/iostream/src/sl_iostream_retarget_stdio.o
                0x08005762                _isatty
 .text._lseek   0x08005766        0x4 ./simplicity_sdk_2025.6.2/platform/service/iostream/src/sl_iostream_retarget_stdio.o
                0x08005766                _lseek
 .text._read    0x0800576a       0x1c ./simplicity_sdk_2025.6.2/platform/service/iostream/src/sl_iostream_retarget_stdio.o
                0x0800576a                _read
 .text.set_auto_cr_lf
                0x08005786        0x6 ./simplicity_sdk_2025.6.2/platform/service/iostream/src/sl_iostream_uart.o
 .text.get_auto_cr_lf
                0x0800578c        0x6 ./simplicity_sdk_2025.6.2/platform/service/iostream/src/sl_iostream_uart.o
 .text.__uart_async_rx_dma_callback
                0x08005792       0x70 ./simplicity_sdk_2025.6.2/platform/service/iostream/src/sl_iostream_uart.o
 .text.uart_write_async
                0x08005802       0x46 ./simplicity_sdk_2025.6.2/platform/service/iostream/src/sl_iostream_uart.o
 .text.sli_iostream_uart_unsubscribe_to_new_data
                0x08005848       0x1c ./simplicity_sdk_2025.6.2/platform/service/iostream/src/sl_iostream_uart.o
                0x08005848                sli_iostream_uart_unsubscribe_to_new_data
 .text.app_init_pre_clock
                0x08005864        0x2 ./simplicity_sdk_2025.6.2/platform/service/sl_main/src/sl_main_init.o
                0x08005864                app_init_pre_clock
 .text.app_init_early
                0x08005866        0x2 ./simplicity_sdk_2025.6.2/platform/service/sl_main/src/sl_main_init.o
                0x08005866                app_init_early
 .text.sl_main_second_stage_init
                0x08005868       0x1a ./simplicity_sdk_2025.6.2/platform/service/sl_main/src/sl_main_init.o
                0x08005868                sl_main_second_stage_init
 .text.sl_main_init
                0x08005882       0x2e ./simplicity_sdk_2025.6.2/platform/service/sl_main/src/sl_main_init.o
                0x08005882                sl_main_init
 .text.app_permanent_memory_alloc
                0x080058b0        0x2 ./simplicity_sdk_2025.6.2/platform/service/sl_main/src/sl_main_init_memory.o
                0x080058b0                app_permanent_memory_alloc
 .text.sli_allocate_permanent_memory
                0x080058b2       0x18 ./simplicity_sdk_2025.6.2/platform/service/sl_main/src/sl_main_init_memory.o
                0x080058b2                sli_allocate_permanent_memory
 .text.sl_main_process_action
                0x080058ca       0x16 ./simplicity_sdk_2025.6.2/platform/service/sl_main/src/sl_main_process_action.o
                0x080058ca                sl_main_process_action
 .text._fwalk_sglue
                0x080058e0       0x3c c:/siliconlabs/simplicitystudio/v5/developer/toolchains/gnu_arm/12.2.rel1_2023.7/bin/../lib/gcc/arm-none-eabi/12.2.1/thumb/v8-m.main+fp/hard\libc_nano.a(libc_a-fwalk.o)
                0x080058e0                _fwalk_sglue
 .text.__sread  0x0800591c       0x22 c:/siliconlabs/simplicitystudio/v5/developer/toolchains/gnu_arm/12.2.rel1_2023.7/bin/../lib/gcc/arm-none-eabi/12.2.1/thumb/v8-m.main+fp/hard\libc_nano.a(libc_a-stdio.o)
                0x0800591c                __sread
 .text.__swrite
                0x0800593e       0x38 c:/siliconlabs/simplicitystudio/v5/developer/toolchains/gnu_arm/12.2.rel1_2023.7/bin/../lib/gcc/arm-none-eabi/12.2.1/thumb/v8-m.main+fp/hard\libc_nano.a(libc_a-stdio.o)
                0x0800593e                __swrite
 .text.__sseek  0x08005976       0x24 c:/siliconlabs/simplicitystudio/v5/developer/toolchains/gnu_arm/12.2.rel1_2023.7/bin/../lib/gcc/arm-none-eabi/12.2.1/thumb/v8-m.main+fp/hard\libc_nano.a(libc_a-stdio.o)
                0x08005976                __sseek
 .text.__sclose
                0x0800599a        0x8 c:/siliconlabs/simplicitystudio/v5/developer/toolchains/gnu_arm/12.2.rel1_2023.7/bin/../lib/gcc/arm-none-eabi/12.2.1/thumb/v8-m.main+fp/hard\libc_nano.a(libc_a-stdio.o)
                0x0800599a                __sclose
 .text.memset   0x080059a2       0x10 c:/siliconlabs/simplicitystudio/v5/developer/toolchains/gnu_arm/12.2.rel1_2023.7/bin/../lib/gcc/arm-none-eabi/12.2.1/thumb/v8-m.main+fp/hard\libc_nano.a(libc_a-memset.o)
                0x080059a2                memset
 .text.__retarget_lock_init_recursive
                0x080059b2        0x2 c:/siliconlabs/simplicitystudio/v5/developer/toolchains/gnu_arm/12.2.rel1_2023.7/bin/../lib/gcc/arm-none-eabi/12.2.1/thumb/v8-m.main+fp/hard\libc_nano.a(libc_a-lock.o)
                0x080059b2                __retarget_lock_init_recursive
 .text.__retarget_lock_acquire_recursive
                0x080059b4        0x2 c:/siliconlabs/simplicitystudio/v5/developer/toolchains/gnu_arm/12.2.rel1_2023.7/bin/../lib/gcc/arm-none-eabi/12.2.1/thumb/v8-m.main+fp/hard\libc_nano.a(libc_a-lock.o)
                0x080059b4                __retarget_lock_acquire_recursive
 .text.__retarget_lock_release_recursive
                0x080059b6        0x2 c:/siliconlabs/simplicitystudio/v5/developer/toolchains/gnu_arm/12.2.rel1_2023.7/bin/../lib/gcc/arm-none-eabi/12.2.1/thumb/v8-m.main+fp/hard\libc_nano.a(libc_a-lock.o)
                0x080059b6                __retarget_lock_release_recursive
 .text.memcpy   0x080059b8       0x1a c:/siliconlabs/simplicitystudio/v5/developer/toolchains/gnu_arm/12.2.rel1_2023.7/bin/../lib/gcc/arm-none-eabi/12.2.1/thumb/v8-m.main+fp/hard\libc_nano.a(libc_a-memcpy-stub.o)
                0x080059b8                memcpy
 .text.__sfputc_r
                0x080059d2       0x2e c:/siliconlabs/simplicitystudio/v5/developer/toolchains/gnu_arm/12.2.rel1_2023.7/bin/../lib/gcc/arm-none-eabi/12.2.1/thumb/v8-m.main+fp/hard\libc_nano.a(libc_a-nano-vfprintf.o)
 .text.__sfputs_r
                0x08005a00       0x24 c:/siliconlabs/simplicitystudio/v5/developer/toolchains/gnu_arm/12.2.rel1_2023.7/bin/../lib/gcc/arm-none-eabi/12.2.1/thumb/v8-m.main+fp/hard\libc_nano.a(libc_a-nano-vfprintf.o)
                0x08005a00                __sfputs_r
 .text._printf_common
                0x08005a24       0xe4 c:/siliconlabs/simplicitystudio/v5/developer/toolchains/gnu_arm/12.2.rel1_2023.7/bin/../lib/gcc/arm-none-eabi/12.2.1/thumb/v8-m.main+fp/hard\libc_nano.a(libc_a-nano-vfprintf_i.o)
                0x08005a24                _printf_common
 .text.__sflush_r
                0x08005b08      0x106 c:/siliconlabs/simplicitystudio/v5/developer/toolchains/gnu_arm/12.2.rel1_2023.7/bin/../lib/gcc/arm-none-eabi/12.2.1/thumb/v8-m.main+fp/hard\libc_nano.a(libc_a-fflush.o)
                0x08005b08                __sflush_r
 .text._fflush_r
                0x08005c0e       0x50 c:/siliconlabs/simplicitystudio/v5/developer/toolchains/gnu_arm/12.2.rel1_2023.7/bin/../lib/gcc/arm-none-eabi/12.2.1/thumb/v8-m.main+fp/hard\libc_nano.a(libc_a-fflush.o)
                0x08005c0e                _fflush_r
 .text.__swbuf_r
                0x08005c5e       0x7c c:/siliconlabs/simplicitystudio/v5/developer/toolchains/gnu_arm/12.2.rel1_2023.7/bin/../lib/gcc/arm-none-eabi/12.2.1/thumb/v8-m.main+fp/hard\libc_nano.a(libc_a-wbuf.o)
                0x08005c5e                __swbuf_r
 .text.memchr   0x08005cda       0x1c c:/siliconlabs/simplicitystudio/v5/developer/toolchains/gnu_arm/12.2.rel1_2023.7/bin/../lib/gcc/arm-none-eabi/12.2.1/thumb/v8-m.main+fp/hard\libc_nano.a(libc_a-memchr-stub.o)
                0x08005cda                memchr
 .text.__swhatbuf_r
                0x08005cf6       0x4a c:/siliconlabs/simplicitystudio/v5/developer/toolchains/gnu_arm/12.2.rel1_2023.7/bin/../lib/gcc/arm-none-eabi/12.2.1/thumb/v8-m.main+fp/hard\libc_nano.a(libc_a-makebuf.o)
                0x08005cf6                __swhatbuf_r
 .text.__smakebuf_r
                0x08005d40       0x78 c:/siliconlabs/simplicitystudio/v5/developer/toolchains/gnu_arm/12.2.rel1_2023.7/bin/../lib/gcc/arm-none-eabi/12.2.1/thumb/v8-m.main+fp/hard\libc_nano.a(libc_a-makebuf.o)
                0x08005d40                __smakebuf_r
 *(SORT_BY_ALIGNMENT(text_*))
 text_system_timecritical19225
                0x08005db8        0xc ./simplicity_sdk_2025.6.2/platform/Device/SiliconLabs/EFR32MG24/Source/system_efr32mg24.o
                0x08005db8                SystemHFRCODPLLClockGet
 text_system_timecritical20228
                0x08005dc4       0x40 ./simplicity_sdk_2025.6.2/platform/Device/SiliconLabs/EFR32MG24/Source/system_efr32mg24.o
                0x08005dc4                SystemSYSCLKGet
 text_system_timecritical16181
                0x08005e04       0x24 ./simplicity_sdk_2025.6.2/platform/Device/SiliconLabs/EFR32MG24/Source/system_efr32mg24.o
                0x08005e04                SystemHCLKGet
 text_system_timecritical21230
                0x08005e28        0x8 ./simplicity_sdk_2025.6.2/platform/Device/SiliconLabs/EFR32MG24/Source/system_efr32mg24.o
                0x08005e28                SystemMaxCoreClockGet
 text_system_timecritical22232
                0x08005e30        0x8 ./simplicity_sdk_2025.6.2/platform/Device/SiliconLabs/EFR32MG24/Source/system_efr32mg24.o
                0x08005e30                SystemFSRCOClockGet
 text_system_timecritical23234
                0x08005e38        0xc ./simplicity_sdk_2025.6.2/platform/Device/SiliconLabs/EFR32MG24/Source/system_efr32mg24.o
                0x08005e38                SystemHFXOClockGet
 text_system_timecritical24237
                0x08005e44        0x8 ./simplicity_sdk_2025.6.2/platform/Device/SiliconLabs/EFR32MG24/Source/system_efr32mg24.o
                0x08005e44                SystemCLKIN0Get
 text_system_timecritical25239
                0x08005e4c       0x90 ./simplicity_sdk_2025.6.2/platform/Device/SiliconLabs/EFR32MG24/Source/system_efr32mg24.o
                0x08005e4c                SystemHFRCOEM23ClockGet
 text_system_timecritical26241
                0x08005edc        0xc ./simplicity_sdk_2025.6.2/platform/Device/SiliconLabs/EFR32MG24/Source/system_efr32mg24.o
                0x08005edc                SystemLFXOClockGet
 text_dmadrv_timecritical29166
                0x08005ee8       0x40 ./simplicity_sdk_2025.6.2/platform/emdrv/dmadrv/src/dmadrv.o
                0x08005ee8                DMADRV_StopTransfer
 text_dmadrv_timecritical32174
                0x08005f28       0x44 ./simplicity_sdk_2025.6.2/platform/emdrv/dmadrv/src/dmadrv.o
                0x08005f28                DMADRV_TransferDone
 text_dmadrv_timecritical33177
                0x08005f6c       0x44 ./simplicity_sdk_2025.6.2/platform/emdrv/dmadrv/src/dmadrv.o
                0x08005f6c                DMADRV_TransferRemainingCount
 text_hal_gpio_timecritical29429
                0x08005fb0       0x54 ./simplicity_sdk_2025.6.2/platform/peripheral/src/sl_hal_gpio.o
                0x08005fb0                sl_hal_gpio_set_pin
 text_hal_sysrtc_timecritical29261
                0x08006004       0x14 ./simplicity_sdk_2025.6.2/platform/peripheral/src/sl_hal_sysrtc.o
                0x08006004                sl_hal_sysrtc_wait_sync
 text_hal_sysrtc_timecritical31625
                0x08006018       0x24 ./simplicity_sdk_2025.6.2/platform/peripheral/src/sl_hal_sysrtc.o
                0x08006018                sl_hal_sysrtc_wait_sync_group
 text_hal_sysrtc_timecritical32658
                0x0800603c       0x1c ./simplicity_sdk_2025.6.2/platform/peripheral/src/sl_hal_sysrtc.o
                0x0800603c                sl_hal_sysrtc_enable_group_interrupts
 text_hal_sysrtc_timecritical33674
                0x08006058       0x1c ./simplicity_sdk_2025.6.2/platform/peripheral/src/sl_hal_sysrtc.o
                0x08006058                sl_hal_sysrtc_disable_group_interrupts
 text_hal_sysrtc_timecritical34690
                0x08006074       0x1c ./simplicity_sdk_2025.6.2/platform/peripheral/src/sl_hal_sysrtc.o
                0x08006074                sl_hal_sysrtc_clear_group_interrupts
 text_hal_sysrtc_timecritical35709
                0x08006090       0x20 ./simplicity_sdk_2025.6.2/platform/peripheral/src/sl_hal_sysrtc.o
                0x08006090                sl_hal_sysrtc_get_group_interrupts
 text_hal_sysrtc_timecritical36758
                0x080060b0       0x28 ./simplicity_sdk_2025.6.2/platform/peripheral/src/sl_hal_sysrtc.o
                0x080060b0                sl_hal_sysrtc_get_group_compare_channel_value
 text_hal_sysrtc_timecritical37775
                0x080060d8       0x28 ./simplicity_sdk_2025.6.2/platform/peripheral/src/sl_hal_sysrtc.o
                0x080060d8                sl_hal_sysrtc_set_group_compare_channel_value
 text_clock_manager_timecritical2674
                0x08006100       0x54 ./simplicity_sdk_2025.6.2/platform/service/clock_manager/src/sl_clock_manager_hal_s2.o
                0x08006100                sli_clock_manager_hal_enable_bus_clock
 text_sleeptimer_timecritical66121
                0x08006154       0x40 ./simplicity_sdk_2025.6.2/platform/service/sleeptimer/src/sl_sleeptimer.o
 text_sleeptimer_timecritical67125
                0x08006194       0x3c ./simplicity_sdk_2025.6.2/platform/service/sleeptimer/src/sl_sleeptimer.o
 text_sleeptimer_timecritical69131
                0x080061d0       0x34 ./simplicity_sdk_2025.6.2/platform/service/sleeptimer/src/sl_sleeptimer.o
 text_sleeptimer_timecritical68128
                0x08006204       0x64 ./simplicity_sdk_2025.6.2/platform/service/sleeptimer/src/sl_sleeptimer.o
 text_sleeptimer_timecritical72140
                0x08006268       0x88 ./simplicity_sdk_2025.6.2/platform/service/sleeptimer/src/sl_sleeptimer.o
 text_sleeptimer_timecritical34276
                0x080062f0       0x3c ./simplicity_sdk_2025.6.2/platform/service/sleeptimer/src/sl_sleeptimer.o
                0x080062f0                sl_sleeptimer_is_timer_running
 text_sleeptimer_timecritical40684
                0x0800632c       0x24 ./simplicity_sdk_2025.6.2/platform/service/sleeptimer/src/sl_sleeptimer.o
                0x0800632c                sl_sleeptimer_ms_to_tick
 text_sleeptimer_timecritical65151
                0x08006350      0x148 ./simplicity_sdk_2025.6.2/platform/service/sleeptimer/src/sl_sleeptimer.o
                0x08006350                process_timer_irq
 text_sleeptimer_timecritical6454
                0x08006498       0x10 ./simplicity_sdk_2025.6.2/platform/service/sleeptimer/src/sl_sleeptimer_hal_sysrtc.o
                0x08006498                sleeptimer_hal_get_counter
 text_sleeptimer_timecritical6885
                0x080064a8       0x18 ./simplicity_sdk_2025.6.2/platform/service/sleeptimer/src/sl_sleeptimer_hal_sysrtc.o
                0x080064a8                sleeptimer_hal_get_timer_frequency
 text_sleeptimer_timecritical6670
                0x080064c0       0x70 ./simplicity_sdk_2025.6.2/platform/service/sleeptimer/src/sl_sleeptimer_hal_sysrtc.o
                0x080064c0                sleeptimer_hal_set_compare
 text_sleeptimer_timecritical70101
                0x08006530       0x24 ./simplicity_sdk_2025.6.2/platform/service/sleeptimer/src/sl_sleeptimer_hal_sysrtc.o
                0x08006530                sleeptimer_hal_disable_int
 text_sleeptimer_timecritical71109
                0x08006554       0x10 ./simplicity_sdk_2025.6.2/platform/service/sleeptimer/src/sl_sleeptimer_hal_sysrtc.o
                0x08006554                sleeptimer_hal_set_int
 text_system_timecritical27244
                0x08006564        0x6 ./simplicity_sdk_2025.6.2/platform/Device/SiliconLabs/EFR32MG24/Source/system_efr32mg24.o
                0x08006564                SystemLFRCOClockGet
 text_system_timecritical28246
                0x0800656a        0x6 ./simplicity_sdk_2025.6.2/platform/Device/SiliconLabs/EFR32MG24/Source/system_efr32mg24.o
                0x0800656a                SystemULFRCOClockGet
 text_core_timecritical2307
                0x08006570        0xa ./simplicity_sdk_2025.6.2/platform/common/src/sl_core_cortexm.o
                0x08006570                CORE_ExitCritical
 text_core_timecritical4331
                0x0800657a        0x8 ./simplicity_sdk_2025.6.2/platform/common/src/sl_core_cortexm.o
                0x0800657a                CORE_EnterCritical
 text_core_timecritical7363
                0x08006582        0xa ./simplicity_sdk_2025.6.2/platform/common/src/sl_core_cortexm.o
                0x08006582                CORE_ExitAtomic
 text_core_timecritical9387
                0x0800658c        0xc ./simplicity_sdk_2025.6.2/platform/common/src/sl_core_cortexm.o
                0x0800658c                CORE_EnterAtomic
 text_clock_manager_timecritical1352
                0x08006598        0xa ./simplicity_sdk_2025.6.2/platform/service/clock_manager/src/sl_clock_manager.o
                0x08006598                sl_clock_manager_get_clock_branch_frequency
 text_clock_manager_timecritical2380
                0x080065a2        0x6 ./simplicity_sdk_2025.6.2/platform/service/clock_manager/src/sl_clock_manager.o
                0x080065a2                sl_clock_manager_enable_bus_clock
 text_clock_manager_timecritical3394
                0x080065a8        0x6 ./simplicity_sdk_2025.6.2/platform/service/clock_manager/src/sl_clock_manager.o
                0x080065a8                sl_clock_manager_disable_bus_clock
 text_clock_manager_timecritical2561
                0x080065ae       0xc4 ./simplicity_sdk_2025.6.2/platform/service/clock_manager/src/sl_clock_manager_hal_s2.o
                0x080065ae                sli_clock_manager_hal_get_clock_branch_frequency
 text_sleeptimer_timecritical75155
                0x08006672        0x6 ./simplicity_sdk_2025.6.2/platform/service/sleeptimer/src/sl_sleeptimer.o
 text_sleeptimer_timecritical29161
                0x08006678       0x48 ./simplicity_sdk_2025.6.2/platform/service/sleeptimer/src/sl_sleeptimer.o
                0x08006678                sl_sleeptimer_start_timer
 text_sleeptimer_timecritical6562
                0x080066c0        0x8 ./simplicity_sdk_2025.6.2/platform/service/sleeptimer/src/sl_sleeptimer_hal_sysrtc.o
                0x080066c0                sleeptimer_hal_get_compare
 text_sleeptimer_timecritical6993
                0x080066c8       0x12 ./simplicity_sdk_2025.6.2/platform/service/sleeptimer/src/sl_sleeptimer_hal_sysrtc.o
                0x080066c8                sleeptimer_hal_enable_int
 text_sleeptimer_timecritical86325
                0x080066da       0x34 ./simplicity_sdk_2025.6.2/platform/service/sleeptimer/src/sl_sleeptimer_hal_sysrtc.o
                0x080066da                SYSRTC_APP_IRQHandler
                0x08006720                . = ALIGN (0x20)
 *fill*         0x0800670e       0x12 
                0x08006720                linker_code_end = .
 *(.init)
 .init          0x08006720        0x4 c:/siliconlabs/simplicitystudio/v5/developer/toolchains/gnu_arm/12.2.rel1_2023.7/bin/../lib/gcc/arm-none-eabi/12.2.1/thumb/v8-m.main+fp/hard/crti.o
                0x08006720                _init
 .init          0x08006724        0x8 c:/siliconlabs/simplicitystudio/v5/developer/toolchains/gnu_arm/12.2.rel1_2023.7/bin/../lib/gcc/arm-none-eabi/12.2.1/thumb/v8-m.main+fp/hard/crtn.o
 *(.fini)
 .fini          0x0800672c        0x4 c:/siliconlabs/simplicitystudio/v5/developer/toolchains/gnu_arm/12.2.rel1_2023.7/bin/../lib/gcc/arm-none-eabi/12.2.1/thumb/v8-m.main+fp/hard/crti.o
                0x0800672c                _fini
 .fini          0x08006730        0x8 c:/siliconlabs/simplicitystudio/v5/developer/toolchains/gnu_arm/12.2.rel1_2023.7/bin/../lib/gcc/arm-none-eabi/12.2.1/thumb/v8-m.main+fp/hard/crtn.o
 *crtbegin.o(.ctors)
 *crtbegin?.o(.ctors)
 *(EXCLUDE_FILE(*crtend.o *crtend?.o) .ctors)
 *(SORT_BY_NAME(.ctors.*))
 *(.ctors)
 *crtbegin.o(.dtors)
 *crtbegin?.o(.dtors)
 *(EXCLUDE_FILE(*crtend.o *crtend?.o) .dtors)
 *(SORT_BY_NAME(.dtors.*))
 *(.dtors)
 *(.rodata*)
 .rodata.bitmap_hehe15
                0x08006738      0x400 ./image.o
                0x08006738                bitmap_hehe15
 .rodata.bitmap_hehe14
                0x08006b38      0x400 ./image.o
                0x08006b38                bitmap_hehe14
 .rodata.bitmap_hehe13
                0x08006f38      0x400 ./image.o
                0x08006f38                bitmap_hehe13
 .rodata.bitmap_hehe12
                0x08007338      0x400 ./image.o
                0x08007338                bitmap_hehe12
 .rodata.bitmap_hehe11
                0x08007738      0x400 ./image.o
                0x08007738                bitmap_hehe11
 .rodata.bitmap_hehe10
                0x08007b38      0x400 ./image.o
                0x08007b38                bitmap_hehe10
 .rodata.bitmap_hehe9
                0x08007f38      0x400 ./image.o
                0x08007f38                bitmap_hehe9
 .rodata.bitmap_hehe8
                0x08008338      0x400 ./image.o
                0x08008338                bitmap_hehe8
 .rodata.bitmap_hehe7
                0x08008738      0x400 ./image.o
                0x08008738                bitmap_hehe7
 .rodata.bitmap_hehe6
                0x08008b38      0x400 ./image.o
                0x08008b38                bitmap_hehe6
 .rodata.bitmap_hehe5
                0x08008f38      0x400 ./image.o
                0x08008f38                bitmap_hehe5
 .rodata.bitmap_hehe4
                0x08009338      0x400 ./image.o
                0x08009338                bitmap_hehe4
 .rodata.bitmap_hehe3
                0x08009738      0x400 ./image.o
                0x08009738                bitmap_hehe3
 .rodata.bitmap_hehe2
                0x08009b38      0x800 ./image.o
                0x08009b38                bitmap_hehe2
 .rodata.bitmap_hehe1
                0x0800a338      0x400 ./image.o
                0x0800a338                bitmap_hehe1
 .rodata.bitmap_hehe0
                0x0800a738      0x400 ./image.o
                0x0800a738                bitmap_hehe0
 .rodata.OLED_SendCmd.str1.1
                0x0800ab38        0x9 ./oled.o
 .rodata.sl_iostream_eusart_init_vcom.str1.1
                0x0800ab41       0x2f ./autogen/sl_iostream_init_eusart_instances.o
 .rodata.str1.1
                0x0800ab70        0x5 ./autogen/sl_iostream_init_eusart_instances.o
 *fill*         0x0800ab75        0x3 
 .rodata        0x0800ab78       0x20 ./autogen/sl_iostream_init_eusart_instances.o
 .rodata.sl_slist_push.str1.1
                0x0800ab98       0x3a ./simplicity_sdk_2025.6.2/platform/common/src/sl_slist.o
 .rodata.str1.1
                0x0800abd2       0x3e ./simplicity_sdk_2025.6.2/platform/driver/gpio/src/sl_gpio.o
 .rodata.I2CSPM_Init.str1.1
                0x0800ac10       0x42 ./simplicity_sdk_2025.6.2/platform/driver/i2cspm/src/sl_i2cspm.o
 .rodata        0x0800ac52        0x4 ./simplicity_sdk_2025.6.2/platform/emdrv/dmadrv/src/dmadrv.o
 .rodata.traceClkGet.str1.1
                0x0800ac56       0x37 ./simplicity_sdk_2025.6.2/platform/emlib/src/em_cmu.o
 .rodata.EMU_VScaleEM01.str1.1
                0x0800ac8d       0x37 ./simplicity_sdk_2025.6.2/platform/emlib/src/em_emu.o
 .rodata.EUSART_Enable.str1.1
                0x0800acc4       0x3a ./simplicity_sdk_2025.6.2/platform/emlib/src/em_eusart.o
 .rodata.GPIO_PinOutSet.str1.1
                0x0800acfe       0x6f ./simplicity_sdk_2025.6.2/platform/emlib/src/em_gpio.o
 .rodata.GPIO_ExtIntConfig.str1.1
                0x0800ad6d       0x38 ./simplicity_sdk_2025.6.2/platform/emlib/src/em_gpio.o
 *fill*         0x0800ada5        0x1 
 .rodata.CSWTCH.32
                0x0800ada6        0x8 ./simplicity_sdk_2025.6.2/platform/emlib/src/em_gpio.o
 .rodata.I2C_BusFreqGet.str1.1
                0x0800adae       0x37 ./simplicity_sdk_2025.6.2/platform/emlib/src/em_i2c.o
 .rodata.i2cNSum
                0x0800ade5        0x4 ./simplicity_sdk_2025.6.2/platform/emlib/src/em_i2c.o
 .rodata.LDMA_EnableChannelRequest.str1.1
                0x0800ade9       0xa6 ./simplicity_sdk_2025.6.2/platform/emlib/src/em_ldma.o
 .rodata.str1.1
                0x0800ae8f       0x78 ./simplicity_sdk_2025.6.2/platform/peripheral/src/sl_hal_gpio.o
 .rodata.sl_hal_gpio_set_pin_mode.str1.1
                0x0800af07       0x41 ./simplicity_sdk_2025.6.2/platform/peripheral/src/sl_hal_gpio.o
 .rodata.sl_hal_sysrtc_start.str1.1
                0x0800af48       0x7a ./simplicity_sdk_2025.6.2/platform/peripheral/src/sl_hal_sysrtc.o
 .rodata.str1.1
                0x0800afc2       0x43 ./simplicity_sdk_2025.6.2/platform/peripheral/src/sl_hal_sysrtc.o
 .rodata.str1.1
                0x0800b005       0x58 ./simplicity_sdk_2025.6.2/platform/service/clock_manager/src/sl_clock_manager_hal_s2.o
                                 0xc6 (size before relaxing)
 .rodata.sli_clock_manager_hal_init.str1.1
                0x0800b05d       0x5d ./simplicity_sdk_2025.6.2/platform/service/clock_manager/src/sl_clock_manager_init_hal_s2.o
 *fill*         0x0800b0ba        0x2 
 .rodata        0x0800b0bc       0x3c ./simplicity_sdk_2025.6.2/platform/service/clock_manager/src/sl_clock_manager_init_hal_s2.o
 .rodata        0x0800b0f8        0x7 ./simplicity_sdk_2025.6.2/platform/service/device_init/src/sl_device_init_dcdc_s2.o
 *fill*         0x0800b0ff        0x1 
 .rodata.SL_BUS_CLOCK_SYSRTC0_VALUE
                0x0800b100        0x4 ./simplicity_sdk_2025.6.2/platform/service/device_manager/clocks/sl_device_clock_efr32xg24.o
                0x0800b100                SL_BUS_CLOCK_SYSRTC0_VALUE
 .rodata.SL_BUS_CLOCK_LFRCO_VALUE
                0x0800b104        0x4 ./simplicity_sdk_2025.6.2/platform/service/device_manager/clocks/sl_device_clock_efr32xg24.o
                0x0800b104                SL_BUS_CLOCK_LFRCO_VALUE
 .rodata.SL_BUS_CLOCK_I2C1_VALUE
                0x0800b108        0x4 ./simplicity_sdk_2025.6.2/platform/service/device_manager/clocks/sl_device_clock_efr32xg24.o
                0x0800b108                SL_BUS_CLOCK_I2C1_VALUE
 .rodata.SL_BUS_CLOCK_I2C0_VALUE
                0x0800b10c        0x4 ./simplicity_sdk_2025.6.2/platform/service/device_manager/clocks/sl_device_clock_efr32xg24.o
                0x0800b10c                SL_BUS_CLOCK_I2C0_VALUE
 .rodata.SL_BUS_CLOCK_GPIO_VALUE
                0x0800b110        0x4 ./simplicity_sdk_2025.6.2/platform/service/device_manager/clocks/sl_device_clock_efr32xg24.o
                0x0800b110                SL_BUS_CLOCK_GPIO_VALUE
 .rodata.SL_BUS_CLOCK_EUSART0_VALUE
                0x0800b114        0x4 ./simplicity_sdk_2025.6.2/platform/service/device_manager/clocks/sl_device_clock_efr32xg24.o
                0x0800b114                SL_BUS_CLOCK_EUSART0_VALUE
 .rodata.sl_peripheral_val_sysrtc0
                0x0800b118        0xc ./simplicity_sdk_2025.6.2/platform/service/device_manager/devices/sl_device_peripheral_hal_efr32xg24.o
                0x0800b118                sl_peripheral_val_sysrtc0
 .rodata.sl_peripheral_val_eusart0
                0x0800b124        0xc ./simplicity_sdk_2025.6.2/platform/service/device_manager/devices/sl_device_peripheral_hal_efr32xg24.o
                0x0800b124                sl_peripheral_val_eusart0
 .rodata.sl_interrupt_manager_disable_irq.str1.1
                0x0800b130       0x61 ./simplicity_sdk_2025.6.2/platform/service/interrupt_manager/src/sl_interrupt_manager_cortexm.o
 .rodata.sl_iostream_eusart_init.str1.1
                0x0800b191       0x4e ./simplicity_sdk_2025.6.2/platform/service/iostream/src/sl_iostream_eusart.o
 *fill*         0x0800b1df        0x1 
 .rodata        0x0800b1e0       0x40 ./simplicity_sdk_2025.6.2/platform/service/iostream/src/sl_iostream_eusart.o
 .rodata._write.str1.1
                0x0800b220       0x56 ./simplicity_sdk_2025.6.2/platform/service/iostream/src/sl_iostream_retarget_stdio.o
 .rodata.__rx_buffer_full.str1.1
                0x0800b276       0x4c ./simplicity_sdk_2025.6.2/platform/service/iostream/src/sl_iostream_uart.o
 .rodata.str1.1
                0x0800b2c2       0x4b ./simplicity_sdk_2025.6.2/platform/service/sleeptimer/src/sl_sleeptimer.o
 .rodata.sl_udelay_wait.str1.1
                0x0800b30d       0x43 ./simplicity_sdk_2025.6.2/platform/service/udelay/src/sl_udelay.o
 .rodata._vfprintf_r.str1.1
                0x0800b350       0x11 c:/siliconlabs/simplicitystudio/v5/developer/toolchains/gnu_arm/12.2.rel1_2023.7/bin/../lib/gcc/arm-none-eabi/12.2.1/thumb/v8-m.main+fp/hard\libc_nano.a(libc_a-nano-vfprintf.o)
 .rodata._printf_i.str1.1
                0x0800b361       0x22 c:/siliconlabs/simplicitystudio/v5/developer/toolchains/gnu_arm/12.2.rel1_2023.7/bin/../lib/gcc/arm-none-eabi/12.2.1/thumb/v8-m.main+fp/hard\libc_nano.a(libc_a-nano-vfprintf_i.o)
 *(.eh_frame*)
 *fill*         0x0800b383        0x1 
 .eh_frame      0x0800b384        0x0 c:/siliconlabs/simplicitystudio/v5/developer/toolchains/gnu_arm/12.2.rel1_2023.7/bin/../lib/gcc/arm-none-eabi/12.2.1/thumb/v8-m.main+fp/hard/crtbegin.o

.glue_7         0x0800b384        0x0
 .glue_7        0x0800b384        0x0 linker stubs

.glue_7t        0x0800b384        0x0
 .glue_7t       0x0800b384        0x0 linker stubs

.vfp11_veneer   0x0800b384        0x0
 .vfp11_veneer  0x0800b384        0x0 linker stubs

.v4_bx          0x0800b384        0x0
 .v4_bx         0x0800b384        0x0 linker stubs

.iplt           0x0800b384        0x0
 .iplt          0x0800b384        0x0 c:/siliconlabs/simplicitystudio/v5/developer/toolchains/gnu_arm/12.2.rel1_2023.7/bin/../lib/gcc/arm-none-eabi/12.2.1/thumb/v8-m.main+fp/hard/crtbegin.o

.ARM.extab
 *(.ARM.extab* .gnu.linkonce.armextab.*)
                0x0800b384                __exidx_start = .

.ARM.exidx      0x0800b384        0x8
 *(.ARM.exidx* .gnu.linkonce.armexidx.*)
 .ARM.exidx     0x0800b384        0x8 c:/siliconlabs/simplicitystudio/v5/developer/toolchains/gnu_arm/12.2.rel1_2023.7/bin/../lib/gcc/arm-none-eabi/12.2.1/thumb/v8-m.main+fp/hard/crt0.o
                                 0x10 (size before relaxing)
 .ARM.exidx.text.__udivmoddi4
                0x0800b38c        0x0 c:/siliconlabs/simplicitystudio/v5/developer/toolchains/gnu_arm/12.2.rel1_2023.7/bin/../lib/gcc/arm-none-eabi/12.2.1/thumb/v8-m.main+fp/hard\libgcc.a(_udivmoddi4.o)
                                  0x8 (size before relaxing)
                0x0800b38c                __exidx_end = .

.copy.table     0x0800b38c        0xc
                0x0800b38c                . = ALIGN (0x4)
                0x0800b38c                __copy_table_start__ = .
                0x0800b38c        0x4 LONG 0x800b398 __etext
                0x0800b390        0x4 LONG 0x2000157c __data_start__
                0x0800b394        0x4 LONG 0x2f ((__data_end__ - __data_start__) / 0x4)
                0x0800b398                __copy_table_end__ = .

.rel.dyn        0x0800b398        0x0
 .rel.iplt      0x0800b398        0x0 c:/siliconlabs/simplicitystudio/v5/developer/toolchains/gnu_arm/12.2.rel1_2023.7/bin/../lib/gcc/arm-none-eabi/12.2.1/thumb/v8-m.main+fp/hard/crtbegin.o

.zero.table     0x0800b398        0x0
                0x0800b398                . = ALIGN (0x4)
                0x0800b398                __zero_table_start__ = .
                0x0800b398                __zero_table_end__ = .
                0x0800b398                __etext = .

.data           0x2000157c       0xbc load address 0x0800b398
                0x2000157c                . = ALIGN (0x4)
                0x2000157c                __data_start__ = .
 *(vtable)
 *(SORT_BY_ALIGNMENT(.data*))
 .data.init_hehe
                0x2000157c       0x14 ./autogen/sl_i2cspm_init.o
                0x2000157c                init_hehe
 .data.sl_iostream_instances_info
                0x20001590        0x4 ./autogen/sl_iostream_handles.o
                0x20001590                sl_iostream_instances_info
 .data.sl_iostream_instance_vcom_info
                0x20001594       0x10 ./autogen/sl_iostream_init_eusart_instances.o
                0x20001594                sl_iostream_instance_vcom_info
 .data.uart_periph_vcom
                0x200015a4       0x14 ./autogen/sl_iostream_init_eusart_instances.o
 .data.SystemCoreClock
                0x200015b8        0x4 ./simplicity_sdk_2025.6.2/platform/Device/SiliconLabs/EFR32MG24/Source/system_efr32mg24.o
                0x200015b8                SystemCoreClock
 .data.SystemHFRCODPLLClock
                0x200015bc        0x4 ./simplicity_sdk_2025.6.2/platform/Device/SiliconLabs/EFR32MG24/Source/system_efr32mg24.o
 .data.SystemLFXOClock
                0x200015c0        0x4 ./simplicity_sdk_2025.6.2/platform/Device/SiliconLabs/EFR32MG24/Source/system_efr32mg24.o
 .data.SystemHFXOClock
                0x200015c4        0x4 ./simplicity_sdk_2025.6.2/platform/Device/SiliconLabs/EFR32MG24/Source/system_efr32mg24.o
 .data.heap_end.0
                0x200015c8        0x4 ./simplicity_sdk_2025.6.2/platform/service/memory_manager/src/sl_memory_manager_region.o
 .data.__sglue  0x200015cc        0xc c:/siliconlabs/simplicitystudio/v5/developer/toolchains/gnu_arm/12.2.rel1_2023.7/bin/../lib/gcc/arm-none-eabi/12.2.1/thumb/v8-m.main+fp/hard\libc_nano.a(libc_a-findfp.o)
                0x200015cc                __sglue
 .data._impure_ptr