Archive member included to satisfy reference by file (symbol)

c:/siliconlabs/simplicitystudio/v5/developer/toolchains/gnu_arm/12.2.rel1_2023.7/bin/../lib/gcc/arm-none-eabi/12.2.1/thumb/v8-m.main+fp/hard\libgcc.a(_aeabi_ldivmod.o)
                              ./simplicity_sdk_2025.6.2/platform/emlib/src/em_eusart.o (__aeabi_ldivmod)
c:/siliconlabs/simplicitystudio/v5/developer/toolchains/gnu_arm/12.2.rel1_2023.7/bin/../lib/gcc/arm-none-eabi/12.2.1/thumb/v8-m.main+fp/hard\libgcc.a(_aeabi_uldivmod.o)
                              ./simplicity_sdk_2025.6.2/platform/emlib/src/em_eusart.o (__aeabi_uldivmod)
c:/siliconlabs/simplicitystudio/v5/developer/toolchains/gnu_arm/12.2.rel1_2023.7/bin/../lib/gcc/arm-none-eabi/12.2.1/thumb/v8-m.main+fp/hard\libgcc.a(_udivmoddi4.o)
                              c:/siliconlabs/simplicitystudio/v5/developer/toolchains/gnu_arm/12.2.rel1_2023.7/bin/../lib/gcc/arm-none-eabi/12.2.1/thumb/v8-m.main+fp/hard\libgcc.a(_aeabi_ldivmod.o) (__udivmoddi4)
c:/siliconlabs/simplicitystudio/v5/developer/toolchains/gnu_arm/12.2.rel1_2023.7/bin/../lib/gcc/arm-none-eabi/12.2.1/thumb/v8-m.main+fp/hard\libgcc.a(_dvmd_tls.o)
                              c:/siliconlabs/simplicitystudio/v5/developer/toolchains/gnu_arm/12.2.rel1_2023.7/bin/../lib/gcc/arm-none-eabi/12.2.1/thumb/v8-m.main+fp/hard\libgcc.a(_aeabi_ldivmod.o) (__aeabi_ldiv0)
c:/siliconlabs/simplicitystudio/v5/developer/toolchains/gnu_arm/12.2.rel1_2023.7/bin/../lib/gcc/arm-none-eabi/12.2.1/thumb/v8-m.main+fp/hard\libc_nano.a(libc_a-exit.o)
                              c:/siliconlabs/simplicitystudio/v5/developer/toolchains/gnu_arm/12.2.rel1_2023.7/bin/../lib/gcc/arm-none-eabi/12.2.1/thumb/v8-m.main+fp/hard/crt0.o (exit)
c:/siliconlabs/simplicitystudio/v5/developer/toolchains/gnu_arm/12.2.rel1_2023.7/bin/../lib/gcc/arm-none-eabi/12.2.1/thumb/v8-m.main+fp/hard\libc_nano.a(libc_a-ctype_.o)
                              ./simplicity_sdk_2025.6.2/platform/common/src/sl_string.o (_ctype_)
c:/siliconlabs/simplicitystudio/v5/developer/toolchains/gnu_arm/12.2.rel1_2023.7/bin/../lib/gcc/arm-none-eabi/12.2.1/thumb/v8-m.main+fp/hard\libc_nano.a(libc_a-findfp.o)
                              c:/siliconlabs/simplicitystudio/v5/developer/toolchains/gnu_arm/12.2.rel1_2023.7/bin/../lib/gcc/arm-none-eabi/12.2.1/thumb/v8-m.main+fp/hard\libc_nano.a(libc_a-exit.o) (__stdio_exit_handler)
c:/siliconlabs/simplicitystudio/v5/developer/toolchains/gnu_arm/12.2.rel1_2023.7/bin/../lib/gcc/arm-none-eabi/12.2.1/thumb/v8-m.main+fp/hard\libc_nano.a(libc_a-fwalk.o)
                              c:/siliconlabs/simplicitystudio/v5/developer/toolchains/gnu_arm/12.2.rel1_2023.7/bin/../lib/gcc/arm-none-eabi/12.2.1/thumb/v8-m.main+fp/hard\libc_nano.a(libc_a-findfp.o) (_fwalk_sglue)
c:/siliconlabs/simplicitystudio/v5/developer/toolchains/gnu_arm/12.2.rel1_2023.7/bin/../lib/gcc/arm-none-eabi/12.2.1/thumb/v8-m.main+fp/hard\libc_nano.a(libc_a-printf.o)
                              ./app.o (printf)
c:/siliconlabs/simplicitystudio/v5/developer/toolchains/gnu_arm/12.2.rel1_2023.7/bin/../lib/gcc/arm-none-eabi/12.2.1/thumb/v8-m.main+fp/hard\libc_nano.a(libc_a-snprintf.o)
                              ./app.o (snprintf)
c:/siliconlabs/simplicitystudio/v5/developer/toolchains/gnu_arm/12.2.rel1_2023.7/bin/../lib/gcc/arm-none-eabi/12.2.1/thumb/v8-m.main+fp/hard\libc_nano.a(libc_a-stdio.o)
                              c:/siliconlabs/simplicitystudio/v5/developer/toolchains/gnu_arm/12.2.rel1_2023.7/bin/../lib/gcc/arm-none-eabi/12.2.1/thumb/v8-m.main+fp/hard\libc_nano.a(libc_a-findfp.o) (__sread)
c:/siliconlabs/simplicitystudio/v5/developer/toolchains/gnu_arm/12.2.rel1_2023.7/bin/../lib/gcc/arm-none-eabi/12.2.1/thumb/v8-m.main+fp/hard\libc_nano.a(libc_a-vprintf.o)
                              ./simplicity_sdk_2025.6.2/platform/service/iostream/src/sl_iostream.o (vprintf)
c:/siliconlabs/simplicitystudio/v5/developer/toolchains/gnu_arm/12.2.rel1_2023.7/bin/../lib/gcc/arm-none-eabi/12.2.1/thumb/v8-m.main+fp/hard\libc_nano.a(libc_a-memset.o)
                              c:/siliconlabs/simplicitystudio/v5/developer/toolchains/gnu_arm/12.2.rel1_2023.7/bin/../lib/gcc/arm-none-eabi/12.2.1/thumb/v8-m.main+fp/hard/crt0.o (memset)
c:/siliconlabs/simplicitystudio/v5/developer/toolchains/gnu_arm/12.2.rel1_2023.7/bin/../lib/gcc/arm-none-eabi/12.2.1/thumb/v8-m.main+fp/hard\libc_nano.a(libc_a-closer.o)
                              c:/siliconlabs/simplicitystudio/v5/developer/toolchains/gnu_arm/12.2.rel1_2023.7/bin/../lib/gcc/arm-none-eabi/12.2.1/thumb/v8-m.main+fp/hard\libc_nano.a(libc_a-stdio.o) (_close_r)
c:/siliconlabs/simplicitystudio/v5/developer/toolchains/gnu_arm/12.2.rel1_2023.7/bin/../lib/gcc/arm-none-eabi/12.2.1/thumb/v8-m.main+fp/hard\libc_nano.a(libc_a-reent.o)
                              c:/siliconlabs/simplicitystudio/v5/developer/toolchains/gnu_arm/12.2.rel1_2023.7/bin/../lib/gcc/arm-none-eabi/12.2.1/thumb/v8-m.main+fp/hard\libc_nano.a(libc_a-closer.o) (errno)
[...]
Memory Configuration

Name             Origin             Length             Attributes
FLASH            0x00000000         0x0007e000         xr
RAM              0x20000000         0x00008000         xrw
*default*        0x00000000         0xffffffff

Linker script and memory map

LOAD c:/siliconlabs/simplicitystudio/v5/developer/toolchains/gnu_arm/12.2.rel1_2023.7/bin/../lib/gcc/arm-none-eabi/12.2.1/thumb/v8-m.main+fp/hard/crti.o
LOAD c:/siliconlabs/simplicitystudio/v5/developer/toolchains/gnu_arm/12.2.rel1_2023.7/bin/../lib/gcc/arm-none-eabi/12.2.1/thumb/v8-m.main+fp/hard/crtbegin.o
LOAD c:/siliconlabs/simplicitystudio/v5/developer/toolchains/gnu_arm/12.2.rel1_2023.7/bin/../lib/gcc/arm-none-eabi/12.2.1/thumb/v8-m.main+fp/hard/crt0.o
START GROUP
LOAD ./app.o
LOAD ./gyro.o
LOAD ./lcd.o
LOAD ./main.o
LOAD ./autogen/sl_board_default_init.o
LOAD ./autogen/sl_event_handler.o
LOAD ./autogen/sl_i2cspm_init.o
LOAD ./autogen/sl_iostream_handles.o
LOAD ./autogen/sl_iostream_init_eusart_instances.o
LOAD ./simplicity_sdk_2025.6.2/hardware/board/src/sl_board_control_gpio.o
LOAD ./simplicity_sdk_2025.6.2/hardware/board/src/sl_board_init.o
LOAD ./simplicity_sdk_2025.6.2/hardware/driver/configuration_over_swo/src/sl_cos.o
LOAD ./simplicity_sdk_2025.6.2/platform/Device/SiliconLabs/BGM22/Source/startup_bgm22.o
LOAD ./simplicity_sdk_2025.6.2/platform/Device/SiliconLabs/BGM22/Source/system_bgm22.o
LOAD ./simplicity_sdk_2025.6.2/platform/common/src/sl_assert.o
LOAD ./simplicity_sdk_2025.6.2/platform/common/src/sl_core_cortexm.o
LOAD ./simplicity_sdk_2025.6.2/platform/common/src/sl_slist.o
LOAD ./simplicity_sdk_2025.6.2/platform/common/src/sl_string.o
LOAD ./simplicity_sdk_2025.6.2/platform/common/src/sl_syscalls.o
LOAD ./simplicity_sdk_2025.6.2/platform/driver/debug/src/sl_debug_swo.o
LOAD ./simplicity_sdk_2025.6.2/platform/driver/gpio/src/sl_gpio.o
LOAD ./simplicity_sdk_2025.6.2/platform/driver/i2cspm/src/sl_i2cspm.o
LOAD ./simplicity_sdk_2025.6.2/platform/emdrv/dmadrv/src/dmadrv.o
LOAD ./simplicity_sdk_2025.6.2/platform/emlib/src/em_burtc.o
LOAD ./simplicity_sdk_2025.6.2/platform/emlib/src/em_cmu.o
LOAD ./simplicity_sdk_2025.6.2/platform/emlib/src/em_emu.o
LOAD ./simplicity_sdk_2025.6.2/platform/emlib/src/em_eusart.o
LOAD ./simplicity_sdk_2025.6.2/platform/emlib/src/em_gpio.o
LOAD ./simplicity_sdk_2025.6.2/platform/emlib/src/em_i2c.o
LOAD ./simplicity_sdk_2025.6.2/platform/emlib/src/em_ldma.o
LOAD ./simplicity_sdk_2025.6.2/platform/emlib/src/em_msc.o
LOAD ./simplicity_sdk_2025.6.2/platform/emlib/src/em_rtcc.o
LOAD ./simplicity_sdk_2025.6.2/platform/emlib/src/em_system.o
LOAD ./simplicity_sdk_2025.6.2/platform/emlib/src/em_timer.o
LOAD ./simplicity_sdk_2025.6.2/platform/peripheral/src/sl_hal_eusart.o
LOAD ./simplicity_sdk_2025.6.2/platform/peripheral/src/sl_hal_gpio.o
LOAD ./simplicity_sdk_2025.6.2/platform/peripheral/src/sl_hal_i2c.o
LOAD ./simplicity_sdk_2025.6.2/platform/peripheral/src/sl_hal_prs.o
LOAD ./simplicity_sdk_2025.6.2/platform/service/clock_manager/src/sl_clock_manager.o
LOAD ./simplicity_sdk_2025.6.2/platform/service/clock_manager/src/sl_clock_manager_hal_s2.o
LOAD ./simplicity_sdk_2025.6.2/platform/service/clock_manager/src/sl_clock_manager_init.o
LOAD ./simplicity_sdk_2025.6.2/platform/service/clock_manager/src/sl_clock_manager_init_hal_s2.o
LOAD ./simplicity_sdk_2025.6.2/platform/service/device_init/src/sl_device_init_dcdc_s2.o
LOAD ./simplicity_sdk_2025.6.2/platform/service/device_init/src/sl_device_init_emu_s2.o
LOAD ./simplicity_sdk_2025.6.2/platform/service/device_manager/clocks/sl_device_clock_efr32xg22.o
LOAD ./simplicity_sdk_2025.6.2/platform/service/device_manager/devices/sl_device_peripheral_hal_efr32xg22.o
LOAD ./simplicity_sdk_2025.6.2/platform/service/device_manager/src/sl_device_clock.o
LOAD ./simplicity_sdk_2025.6.2/platform/service/device_manager/src/sl_device_gpio.o
LOAD ./simplicity_sdk_2025.6.2/platform/service/device_manager/src/sl_device_peripheral.o
LOAD ./simplicity_sdk_2025.6.2/platform/service/interrupt_manager/src/sl_interrupt_manager_cortexm.o
LOAD ./simplicity_sdk_2025.6.2/platform/service/iostream/src/sl_iostream.o
LOAD ./simplicity_sdk_2025.6.2/platform/service/iostream/src/sl_iostream_eusart.o
LOAD ./simplicity_sdk_2025.6.2/platform/service/iostream/src/sl_iostream_retarget_stdio.o
LOAD ./simplicity_sdk_2025.6.2/platform/service/iostream/src/sl_iostream_uart.o
LOAD ./simplicity_sdk_2025.6.2/platform/service/memory_manager/src/sl_memory_manager_region.o
LOAD ./simplicity_sdk_2025.6.2/platform/service/sl_main/src/sl_main_init.o
LOAD ./simplicity_sdk_2025.6.2/platform/service/sl_main/src/sl_main_init_memory.o
LOAD ./simplicity_sdk_2025.6.2/platform/service/sl_main/src/sl_main_process_action.o
LOAD ./simplicity_sdk_2025.6.2/platform/service/sleeptimer/src/sl_sleeptimer.o
LOAD ./simplicity_sdk_2025.6.2/platform/service/sleeptimer/src/sl_sleeptimer_hal_burtc.o
LOAD ./simplicity_sdk_2025.6.2/platform/service/sleeptimer/src/sl_sleeptimer_hal_prortc.o
LOAD ./simplicity_sdk_2025.6.2/platform/service/sleeptimer/src/sl_sleeptimer_hal_rtcc.o
LOAD ./simplicity_sdk_2025.6.2/platform/service/sleeptimer/src/sl_sleeptimer_hal_timer.o
LOAD ./simplicity_sdk_2025.6.2/platform/service/udelay/src/sl_udelay.o
LOAD ./simplicity_sdk_2025.6.2/platform/service/udelay/src/sl_udelay_armv6m_gcc.o
LOAD c:/siliconlabs/simplicitystudio/v5/developer/toolchains/gnu_arm/12.2.rel1_2023.7/bin/../lib/gcc/arm-none-eabi/12.2.1/thumb/v8-m.main+fp/hard\libgcc.a
LOAD c:/siliconlabs/simplicitystudio/v5/developer/toolchains/gnu_arm/12.2.rel1_2023.7/bin/../lib/gcc/arm-none-eabi/12.2.1/thumb/v8-m.main+fp/hard\libc_nano.a
LOAD c:/siliconlabs/simplicitystudio/v5/developer/toolchains/gnu_arm/12.2.rel1_2023.7/bin/../lib/gcc/arm-none-eabi/12.2.1/thumb/v8-m.main+fp/hard\libm.a
LOAD c:/siliconlabs/simplicitystudio/v5/developer/toolchains/gnu_arm/12.2.rel1_2023.7/bin/../lib/gcc/arm-none-eabi/12.2.1/thumb/v8-m.main+fp/hard\libnosys.a
END GROUP
START GROUP
LOAD c:/siliconlabs/simplicitystudio/v5/developer/toolchains/gnu_arm/12.2.rel1_2023.7/bin/../lib/gcc/arm-none-eabi/12.2.1/thumb/v8-m.main+fp/hard\libgcc.a
LOAD c:/siliconlabs/simplicitystudio/v5/developer/toolchains/gnu_arm/12.2.rel1_2023.7/bin/../lib/gcc/arm-none-eabi/12.2.1/thumb/v8-m.main+fp/hard\libc_nano.a
LOAD c:/siliconlabs/simplicitystudio/v5/developer/toolchains/gnu_arm/12.2.rel1_2023.7/bin/../lib/gcc/arm-none-eabi/12.2.1/thumb/v8-m.main+fp/hard\libnosys.a
END GROUP
START GROUP
LOAD c:/siliconlabs/simplicitystudio/v5/developer/toolchains/gnu_arm/12.2.rel1_2023.7/bin/../lib/gcc/arm-none-eabi/12.2.1/thumb/v8-m.main+fp/hard\libgcc.a
LOAD c:/siliconlabs/simplicitystudio/v5/developer/toolchains/gnu_arm/12.2.rel1_2023.7/bin/../lib/gcc/arm-none-eabi/12.2.1/thumb/v8-m.main+fp/hard\libg_nano.a
LOAD c:/siliconlabs/simplicitystudio/v5/developer/toolchains/gnu_arm/12.2.rel1_2023.7/bin/../lib/gcc/arm-none-eabi/12.2.1/thumb/v8-m.main+fp/hard\libc_nano.a
END GROUP
START GROUP
LOAD c:/siliconlabs/simplicitystudio/v5/developer/toolchains/gnu_arm/12.2.rel1_2023.7/bin/../lib/gcc/arm-none-eabi/12.2.1/thumb/v8-m.main+fp/hard\libgcc.a
LOAD c:/siliconlabs/simplicitystudio/v5/developer/toolchains/gnu_arm/12.2.rel1_2023.7/bin/../lib/gcc/arm-none-eabi/12.2.1/thumb/v8-m.main+fp/hard\libc_nano.a
END GROUP
LOAD c:/siliconlabs/simplicitystudio/v5/developer/toolchains/gnu_arm/12.2.rel1_2023.7/bin/../lib/gcc/arm-none-eabi/12.2.1/thumb/v8-m.main+fp/hard/crtend.o
LOAD c:/siliconlabs/simplicitystudio/v5/developer/toolchains/gnu_arm/12.2.rel1_2023.7/bin/../lib/gcc/arm-none-eabi/12.2.1/thumb/v8-m.main+fp/hard/crtn.o

.vectors        0x00000000      0x140
                0x00000000                linker_vectors_begin = .
 *(.vectors)
 .vectors       0x00000000      0x140 ./simplicity_sdk_2025.6.2/platform/Device/SiliconLabs/BGM22/Source/startup_bgm22.o
                0x00000000                __Vectors
                0x00000140                linker_vectors_end = .
                0x00000140                __Vectors_End = .
                0x00000140                __Vectors_Size = (__Vectors_End - __Vectors)

.stack          0x20000000     0x1000
                0x20000000                . = ALIGN (0x8)
                0x20000000                __StackLimit = .
 *(.stack*)
 .stack         0x20000000     0x1000 ./simplicity_sdk_2025.6.2/platform/service/memory_manager/src/sl_memory_manager_region.o
                0x20001000                . = ALIGN (0x4)
                0x20001000                __StackTop = .
                0x20001000                PROVIDE (__stack = __StackTop)

.bss            0x20001000      0x5a8
                0x20001000                . = ALIGN (0x4)
                0x20001000                __bss_start__ = .
 *(SORT_BY_ALIGNMENT(.bss*))
 .bss.object.0  0x20001000       0x18 c:/siliconlabs/simplicitystudio/v5/developer/toolchains/gnu_arm/12.2.rel1_2023.7/bin/../lib/gcc/arm-none-eabi/12.2.1/thumb/v8-m.main+fp/hard/crtbegin.o
 .bss.sl_iostream_recommended_console_stream
                0x20001018        0x4 ./autogen/sl_iostream_handles.o
                0x20001018                sl_iostream_recommended_console_stream
 .bss.context_vcom
                0x2000101c       0xb4 ./autogen/sl_iostream_init_eusart_instances.o
 .bss.sl_iostream_vcom
                0x200010d0       0x1c ./autogen/sl_iostream_init_eusart_instances.o
 .bss.gpio_interrupts
                0x200010ec      0x168 ./simplicity_sdk_2025.6.2/platform/driver/gpio/src/sl_gpio.o
 .bss.dmaXfer   0x20001254      0x100 ./simplicity_sdk_2025.6.2/platform/emdrv/dmadrv/src/dmadrv.o
 .bss.chTable   0x20001354       0x80 ./simplicity_sdk_2025.6.2/platform/emdrv/dmadrv/src/dmadrv.o
 .bss.i2cTransfer
                0x200013d4       0x18 ./simplicity_sdk_2025.6.2/platform/emlib/src/em_i2c.o
 .bss.sli_iostream_default
                0x200013ec        0x4 ./simplicity_sdk_2025.6.2/platform/service/iostream/src/sl_iostream.o
 .bss.max_millisecond_conversion
                0x200013f0        0x4 ./simplicity_sdk_2025.6.2/platform/service/sleeptimer/src/sl_sleeptimer.o
 .bss.last_delta_update_count
                0x200013f4        0x4 ./simplicity_sdk_2025.6.2/platform/service/sleeptimer/src/sl_sleeptimer.o
 .bss.timer_head
                0x200013f8        0x4 ./simplicity_sdk_2025.6.2/platform/service/sleeptimer/src/sl_sleeptimer.o
 .bss.timer_frequency
                0x200013fc        0x4 ./simplicity_sdk_2025.6.2/platform/service/sleeptimer/src/sl_sleeptimer.o
 .bss.overflow_counter
                0x20001400        0x4 ./simplicity_sdk_2025.6.2/platform/service/sleeptimer/src/sl_sleeptimer.o
 .bss.__sf      0x20001404      0x138 c:/siliconlabs/simplicitystudio/v5/developer/toolchains/gnu_arm/12.2.rel1_2023.7/bin/../lib/gcc/arm-none-eabi/12.2.1/thumb/v8-m.main+fp/hard\libc_nano.a(libc_a-findfp.o)
                0x20001404                __sf
 .bss.__stdio_exit_handler
                0x2000153c        0x4 c:/siliconlabs/simplicitystudio/v5/developer/toolchains/gnu_arm/12.2.rel1_2023.7/bin/../lib/gcc/arm-none-eabi/12.2.1/thumb/v8-m.main+fp/hard\libc_nano.a(libc_a-findfp.o)
                0x2000153c                __stdio_exit_handler
 .bss.errno     0x20001540        0x4 c:/siliconlabs/simplicitystudio/v5/developer/toolchains/gnu_arm/12.2.rel1_2023.7/bin/../lib/gcc/arm-none-eabi/12.2.1/thumb/v8-m.main+fp/hard\libc_nano.a(libc_a-reent.o)
                0x20001540                errno
 .bss.__malloc_sbrk_start
                0x20001544        0x4 c:/siliconlabs/simplicitystudio/v5/developer/toolchains/gnu_arm/12.2.rel1_2023.7/bin/../lib/gcc/arm-none-eabi/12.2.1/thumb/v8-m.main+fp/hard\libc_nano.a(libc_a-mallocr.o)
                0x20001544                __malloc_sbrk_start
 .bss.__malloc_free_list
                0x20001548        0x4 c:/siliconlabs/simplicitystudio/v5/developer/toolchains/gnu_arm/12.2.rel1_2023.7/bin/../lib/gcc/arm-none-eabi/12.2.1/thumb/v8-m.main+fp/hard\libc_nano.a(libc_a-mallocr.o)
                0x20001548                __malloc_free_list
 .bss.all_result
                0x2000154c        0x6 ./app.o
                0x2000154c                all_result
 .bss.completed.1
                0x20001552        0x1 c:/siliconlabs/simplicitystudio/v5/developer/toolchains/gnu_arm/12.2.rel1_2023.7/bin/../lib/gcc/arm-none-eabi/12.2.1/thumb/v8-m.main+fp/hard/crtbegin.o
 .bss.check     0x20001553        0x1 ./app.o
                0x20001553                check
 .bss.buf       0x20001554       0x28 ./app.o
                0x20001554                buf
 .bss.rx_buffer_vcom
                0x2000157c       0x20 ./autogen/sl_iostream_init_eusart_instances.o
 .bss.initialized
                0x2000159c        0x1 ./simplicity_sdk_2025.6.2/platform/emdrv/dmadrv/src/dmadrv.o
 .bss.pclkDiv   0x2000159d        0x1 ./simplicity_sdk_2025.6.2/platform/emlib/src/em_cmu.o
 .bss.ctuneDelta
                0x2000159e        0x1 ./simplicity_sdk_2025.6.2/platform/emlib/src/em_cmu.o
 .bss.vScaleEM01Config
                0x2000159f        0x1 ./simplicity_sdk_2025.6.2/platform/emlib/src/em_emu.o
 .bss.is_interrupt_manager_initialized
                0x200015a0        0x1 ./simplicity_sdk_2025.6.2/platform/service/interrupt_manager/src/sl_interrupt_manager_cortexm.o
 .bss.null_byte
                0x200015a1        0x1 ./simplicity_sdk_2025.6.2/platform/service/iostream/src/sl_iostream_uart.o
 .bss.sleep_on_isr_exit
                0x200015a2        0x1 ./simplicity_sdk_2025.6.2/platform/service/sleeptimer/src/sl_sleeptimer.o
 .bss.next_timer_to_expire_is_power_manager
                0x200015a3        0x1 ./simplicity_sdk_2025.6.2/platform/service/sleeptimer/src/sl_sleeptimer.o
 .bss.is_sleeptimer_initialized
                0x200015a4        0x1 ./simplicity_sdk_2025.6.2/platform/service/sleeptimer/src/sl_sleeptimer.o
 .bss.__lock___malloc_recursive_mutex
                0x200015a5        0x1 c:/siliconlabs/simplicitystudio/v5/developer/toolchains/gnu_arm/12.2.rel1_2023.7/bin/../lib/gcc/arm-none-eabi/12.2.1/thumb/v8-m.main+fp/hard\libc_nano.a(libc_a-lock.o)
                0x200015a5                __lock___malloc_recursive_mutex
 .bss.__lock___sfp_recursive_mutex
                0x200015a6        0x1 c:/siliconlabs/simplicitystudio/v5/developer/toolchains/gnu_arm/12.2.rel1_2023.7/bin/../lib/gcc/arm-none-eabi/12.2.1/thumb/v8-m.main+fp/hard\libc_nano.a(libc_a-lock.o)
                0x200015a6                __lock___sfp_recursive_mutex
 *(COMMON)
                0x200015a8                . = ALIGN (0x4)
 *fill*         0x200015a7        0x1 
                0x200015a8                __bss_end__ = .

.noinit
 *(.noinit*)

text_application_ram
                0x200015a8        0x0 load address 0x00000140
                0x200015a8                . = ALIGN (0x4)
                0x200015a8                __vma_ramfuncs_start__ = .
                0x200015a8                __text_application_ram_start__ = .
 *(text_application_ram)
                0x200015a8                . = ALIGN (0x4)
                0x200015a8                __vma_ramfuncs_end__ = .
                0x200015a8                __text_application_ram_end__ = .
                0x00000140                __lma_ramfuncs_start__ = LOADADDR (text_application_ram)
                0x00000140                __lma_ramfuncs_end__ = (LOADADDR (text_application_ram) + SIZEOF (text_application_ram))

.rodata         0x00000140        0x0
                0x00000140                __rodata_end__ = .

.text           0x00000140     0x6b20
                0x00000140                linker_code_begin = .
 *(SORT_BY_ALIGNMENT(.text*))
 .text          0x00000140        0x8 ./simplicity_sdk_2025.6.2/platform/service/udelay/src/sl_udelay_armv6m_gcc.o
                0x00000140                sli_delay_loop
 .text.deregister_tm_clones
                0x00000148       0x1c c:/siliconlabs/simplicitystudio/v5/developer/toolchains/gnu_arm/12.2.rel1_2023.7/bin/../lib/gcc/arm-none-eabi/12.2.1/thumb/v8-m.main+fp/hard/crtbegin.o
 .text.register_tm_clones
                0x00000164       0x28 c:/siliconlabs/simplicitystudio/v5/developer/toolchains/gnu_arm/12.2.rel1_2023.7/bin/../lib/gcc/arm-none-eabi/12.2.1/thumb/v8-m.main+fp/hard/crtbegin.o
 .text.__do_global_dtors_aux
                0x0000018c       0x28 c:/siliconlabs/simplicitystudio/v5/developer/toolchains/gnu_arm/12.2.rel1_2023.7/bin/../lib/gcc/arm-none-eabi/12.2.1/thumb/v8-m.main+fp/hard/crtbegin.o
 .text.frame_dummy
                0x000001b4       0x24 c:/siliconlabs/simplicitystudio/v5/developer/toolchains/gnu_arm/12.2.rel1_2023.7/bin/../lib/gcc/arm-none-eabi/12.2.1/thumb/v8-m.main+fp/hard/crtbegin.o
 .text          0x000001d8       0x7c c:/siliconlabs/simplicitystudio/v5/developer/toolchains/gnu_arm/12.2.rel1_2023.7/bin/../lib/gcc/arm-none-eabi/12.2.1/thumb/v8-m.main+fp/hard/crt0.o
                0x000001d8                _stack_init
                0x000001e0                _start
                0x000001e0                _mainCRTStartup
 .text.app_init
                0x00000254       0x30 ./app.o
                0x00000254                app_init
 .text.app_process_action
                0x00000284      0x10c ./app.o
                0x00000284                app_process_action
 .text.GYRO_Received_Half_Byte
                0x00000390       0x40 ./gyro.o
 .text.GYRO_SendCmd.isra.0
                0x000003d0       0x28 ./gyro.o
 .text.GYRO_Read_All_Axis
                0x000003f8       0x5c ./gyro.o
                0x000003f8                GYRO_Read_All_Axis
 .text.GYRO_Init
                0x00000454       0x5c ./gyro.o
                0x00000454                GYRO_Init
 .text.i2c_send
                0x000004b0       0x40 ./lcd.o
 .text.sl_i2cspm_init_instances
                0x000004f0       0x1c ./autogen/sl_i2cspm_init.o
                0x000004f0                sl_i2cspm_init_instances
 .text.sl_iostream_set_console_instance
                0x0000050c       0x24 ./autogen/sl_iostream_handles.o
                0x0000050c                sl_iostream_set_console_instance
 .text.sl_iostream_eusart_init_vcom
                0x00000530       0xb0 ./autogen/sl_iostream_init_eusart_instances.o
                0x00000530                sl_iostream_eusart_init_vcom
 .text.EUART0_RX_IRQHandler
                0x000005e0        0xc ./autogen/sl_iostream_init_eusart_instances.o
                0x000005e0                EUART0_RX_IRQHandler
 .text.sl_board_init
                0x000005ec       0x14 ./simplicity_sdk_2025.6.2/hardware/board/src/sl_board_init.o
                0x000005ec                sl_board_init
 .text.sl_board_preinit
                0x00000600        0xc ./simplicity_sdk_2025.6.2/hardware/board/src/sl_board_init.o
                0x00000600                sl_board_preinit
 .text.CopyToRam
                0x0000060c       0x1c ./simplicity_sdk_2025.6.2/platform/Device/SiliconLabs/BGM22/Source/startup_bgm22.o
                0x0000060c                CopyToRam
 .text.Reset_Handler
                0x00000628       0x6c ./simplicity_sdk_2025.6.2/platform/Device/SiliconLabs/BGM22/Source/startup_bgm22.o
                0x00000628                Reset_Handler
 .text.SystemInit
                0x00000694       0x64 ./simplicity_sdk_2025.6.2/platform/Device/SiliconLabs/BGM22/Source/system_bgm22.o
                0x00000694                SystemInit
 .text.SystemHFRCODPLLClockSet
                0x000006f8        0xc ./simplicity_sdk_2025.6.2/platform/Device/SiliconLabs/BGM22/Source/system_bgm22.o
                0x000006f8                SystemHFRCODPLLClockSet
 .text.SystemHFXOClockSet
                0x00000704       0x20 ./simplicity_sdk_2025.6.2/platform/Device/SiliconLabs/BGM22/Source/system_bgm22.o
                0x00000704                SystemHFXOClockSet
 .text.sl_slist_push_back
                0x00000724       0x24 ./simplicity_sdk_2025.6.2/platform/common/src/sl_slist.o
                0x00000724                sl_slist_push_back
 .text.sl_slist_pop
                0x00000748       0x20 ./simplicity_sdk_2025.6.2/platform/common/src/sl_slist.o
                0x00000748                sl_slist_pop
 .text.sl_debug_swo_init
                0x00000768       0xcc ./simplicity_sdk_2025.6.2/platform/driver/debug/src/sl_debug_swo.o
                0x00000768                sl_debug_swo_init
 .text.sl_debug_swo_write_u8
                0x00000834       0x44 ./simplicity_sdk_2025.6.2/platform/driver/debug/src/sl_debug_swo.o
                0x00000834                sl_debug_swo_write_u8
 .text.sl_gpio_dispatch_interrupt
                0x00000878       0x5c ./simplicity_sdk_2025.6.2/platform/driver/gpio/src/sl_gpio.o
 .text.sl_gpio_init
                0x000008d4       0x38 ./simplicity_sdk_2025.6.2/platform/driver/gpio/src/sl_gpio.o
                0x000008d4                sl_gpio_init
 .text.sl_gpio_set_pin_mode
                0x0000090c       0x84 ./simplicity_sdk_2025.6.2/platform/driver/gpio/src/sl_gpio.o
                0x0000090c                sl_gpio_set_pin_mode
 .text.sl_gpio_set_pin
                0x00000990       0x5c ./simplicity_sdk_2025.6.2/platform/driver/gpio/src/sl_gpio.o
                0x00000990                sl_gpio_set_pin
 .text.sl_gpio_clear_pin
                0x000009ec       0x5c ./simplicity_sdk_2025.6.2/platform/driver/gpio/src/sl_gpio.o
                0x000009ec                sl_gpio_clear_pin
 .text.GPIO_EVEN_IRQHandler
                0x00000a48       0x20 ./simplicity_sdk_2025.6.2/platform/driver/gpio/src/sl_gpio.o
                0x00000a48                GPIO_EVEN_IRQHandler
 .text.GPIO_ODD_IRQHandler
                0x00000a68       0x20 ./simplicity_sdk_2025.6.2/platform/driver/gpio/src/sl_gpio.o
                0x00000a68                GPIO_ODD_IRQHandler
 .text.I2CSPM_Init
                0x00000a88       0xe4 ./simplicity_sdk_2025.6.2/platform/driver/i2cspm/src/sl_i2cspm.o
                0x00000a88                I2CSPM_Init
 .text.I2CSPM_Transfer
                0x00000b6c       0x20 ./simplicity_sdk_2025.6.2/platform/driver/i2cspm/src/sl_i2cspm.o
                0x00000b6c                I2CSPM_Transfer
 .text.StartTransfer
                0x00000b8c      0x17c ./simplicity_sdk_2025.6.2/platform/emdrv/dmadrv/src/dmadrv.o
 .text.DMADRV_AllocateChannel
                0x00000d08       0x60 ./simplicity_sdk_2025.6.2/platform/emdrv/dmadrv/src/dmadrv.o
                0x00000d08                DMADRV_AllocateChannel
 .text.DMADRV_DeInit
                0x00000d68       0x44 ./simplicity_sdk_2025.6.2/platform/emdrv/dmadrv/src/dmadrv.o
                0x00000d68                DMADRV_DeInit
 .text.DMADRV_FreeChannel
                0x00000dac       0x4c ./simplicity_sdk_2025.6.2/platform/emdrv/dmadrv/src/dmadrv.o
                0x00000dac                DMADRV_FreeChannel
 .text.DMADRV_Init
                0x00000df8       0x68 ./simplicity_sdk_2025.6.2/platform/emdrv/dmadrv/src/dmadrv.o
                0x00000df8                DMADRV_Init
 .text.DMADRV_LdmaStartTransfer
                0x00000e60       0x4c ./simplicity_sdk_2025.6.2/platform/emdrv/dmadrv/src/dmadrv.o
                0x00000e60                DMADRV_LdmaStartTransfer
 .text.DMADRV_PauseTransfer
                0x00000eac       0x40 ./simplicity_sdk_2025.6.2/platform/emdrv/dmadrv/src/dmadrv.o
                0x00000eac                DMADRV_PauseTransfer
 .text.DMADRV_ResumeTransfer
                0x00000eec       0x40 ./simplicity_sdk_2025.6.2/platform/emdrv/dmadrv/src/dmadrv.o
                0x00000eec                DMADRV_ResumeTransfer
 .text.LDMA_IRQHandler
                0x00000f2c       0x74 ./simplicity_sdk_2025.6.2/platform/emdrv/dmadrv/src/dmadrv.o
                0x00000f2c                LDMA_IRQHandler
 .text.EMU_VScaleGet
                0x00000fa0       0x18 ./simplicity_sdk_2025.6.2/platform/emlib/src/em_cmu.o
 .text.dpllRefClkGet
                0x00000fb8       0x48 ./simplicity_sdk_2025.6.2/platform/emlib/src/em_cmu.o
 .text.em01GrpaClkGet
                0x00001000       0x48 ./simplicity_sdk_2025.6.2/platform/emlib/src/em_cmu.o
 .text.em23GrpaClkGet
                0x00001048       0x48 ./simplicity_sdk_2025.6.2/platform/emlib/src/em_cmu.o
 .text.em4GrpaClkGet
                0x00001090       0x48 ./simplicity_sdk_2025.6.2/platform/emlib/src/em_cmu.o
 .text.em01GrpbClkGet
                0x000010d8       0x74 ./simplicity_sdk_2025.6.2/platform/emlib/src/em_cmu.o
 .text.iadcClkGet
                0x0000114c       0x54 ./simplicity_sdk_2025.6.2/platform/emlib/src/em_cmu.o
 .text.wdog0ClkGet
                0x000011a0       0x64 ./simplicity_sdk_2025.6.2/platform/emlib/src/em_cmu.o
 .text.rtccClkGet
                0x00001204       0x54 ./simplicity_sdk_2025.6.2/platform/emlib/src/em_cmu.o
 .text.HFRCODPLLDevinfoGet
                0x00001258      0x108 ./simplicity_sdk_2025.6.2/platform/emlib/src/em_cmu.o
 .text.euart0ClkGet
                0x00001360       0x48 ./simplicity_sdk_2025.6.2/platform/emlib/src/em_cmu.o
 .text.CMU_ClockDivGet
                0x000013a8       0x84 ./simplicity_sdk_2025.6.2/platform/emlib/src/em_cmu.o
                0x000013a8                CMU_ClockDivGet
 .text.flashWaitStateControl
                0x0000142c       0x4c ./simplicity_sdk_2025.6.2/platform/emlib/src/em_cmu.o
 .text.CMU_ClockEnable
                0x00001478       0x54 ./simplicity_sdk_2025.6.2/platform/emlib/src/em_cmu.o
                0x00001478                CMU_ClockEnable
 .text.CMU_ClockFreqGet
                0x000014cc      0x280 ./simplicity_sdk_2025.6.2/platform/emlib/src/em_cmu.o
                0x000014cc                CMU_ClockFreqGet
 .text.rhclkPrescOptimize
                0x0000174c       0x20 ./simplicity_sdk_2025.6.2/platform/emlib/src/em_cmu.o
 .text.CMU_ClockSelectGet
                0x0000176c      0x148 ./simplicity_sdk_2025.6.2/platform/emlib/src/em_cmu.o
                0x0000176c                CMU_ClockSelectGet
 .text.sli_em_cmu_SYSTICEXTCLKENClear
                0x000018b4       0x30 ./simplicity_sdk_2025.6.2/platform/emlib/src/em_cmu.o
                0x000018b4                sli_em_cmu_SYSTICEXTCLKENClear
 .text.CMU_HFXOInit
                0x000018e4      0x1dc ./simplicity_sdk_2025.6.2/platform/emlib/src/em_cmu.o
                0x000018e4                CMU_HFXOInit
 .text.CMU_HFXOCTuneDeltaGet
                0x00001ac0        0xc ./simplicity_sdk_2025.6.2/platform/emlib/src/em_cmu.o
                0x00001ac0                CMU_HFXOCTuneDeltaGet
 .text.CMU_LFXOInit
                0x00001acc       0xc4 ./simplicity_sdk_2025.6.2/platform/emlib/src/em_cmu.o
                0x00001acc                CMU_LFXOInit
 .text.CMU_LFXOPrecisionSet
                0x00001b90        0xc ./simplicity_sdk_2025.6.2/platform/emlib/src/em_cmu.o
                0x00001b90                CMU_LFXOPrecisionSet
 .text.CMU_HFXOPrecisionSet
                0x00001b9c        0xc ./simplicity_sdk_2025.6.2/platform/emlib/src/em_cmu.o
                0x00001b9c                CMU_HFXOPrecisionSet
 .text.CMU_LFRCOSetPrecision
                0x00001ba8       0x80 ./simplicity_sdk_2025.6.2/platform/emlib/src/em_cmu.o
                0x00001ba8                CMU_LFRCOSetPrecision
 .text.CMU_ClockDivSet
                0x00001c28      0x104 ./simplicity_sdk_2025.6.2/platform/emlib/src/em_cmu.o
                0x00001c28                CMU_ClockDivSet
 .text.sli_em_cmu_SYSCLKInitPreClockSelect
                0x00001d2c       0x30 ./simplicity_sdk_2025.6.2/platform/emlib/src/em_cmu.o
                0x00001d2c                sli_em_cmu_SYSCLKInitPreClockSelect
 .text.pclkDivOptimize
                0x00001d5c       0x24 ./simplicity_sdk_2025.6.2/platform/emlib/src/em_cmu.o
 .text.sli_em_cmu_SYSCLKInitPostClockSelect
                0x00001d80       0x40 ./simplicity_sdk_2025.6.2/platform/emlib/src/em_cmu.o
                0x00001d80                sli_em_cmu_SYSCLKInitPostClockSelect
 .text.CMU_HFRCODPLLBandSet
                0x00001dc0      0x11c ./simplicity_sdk_2025.6.2/platform/emlib/src/em_cmu.o
                0x00001dc0                CMU_HFRCODPLLBandSet
 .text.EMU_EM4Init
                0x00001edc       0x14 ./simplicity_sdk_2025.6.2/platform/emlib/src/em_emu.o
                0x00001edc                EMU_EM4Init
 .text.EMU_VScaleEM01
                0x00001ef0       0xa8 ./simplicity_sdk_2025.6.2/platform/emlib/src/em_emu.o
                0x00001ef0                EMU_VScaleEM01
 .text.EMU_VScaleEM01ByClock
                0x00001f98       0x30 ./simplicity_sdk_2025.6.2/platform/emlib/src/em_emu.o
                0x00001f98                EMU_VScaleEM01ByClock
 .text.EMU_DCDCModeSet
                0x00001fc8       0xb8 ./simplicity_sdk_2025.6.2/platform/emlib/src/em_emu.o
                0x00001fc8                EMU_DCDCModeSet
 .text.EMU_DCDCInit
                0x00002080       0x74 ./simplicity_sdk_2025.6.2/platform/emlib/src/em_emu.o
                0x00002080                EMU_DCDCInit
 .text.EUSART_Reset
                0x000020f4       0x34 ./simplicity_sdk_2025.6.2/platform/emlib/src/em_eusart.o
                0x000020f4                EUSART_Reset
 .text.EUSART_Enable
                0x00002128       0x60 ./simplicity_sdk_2025.6.2/platform/emlib/src/em_eusart.o
                0x00002128                EUSART_Enable
 .text.EUSART_BaudrateSet
                0x00002188      0x128 ./simplicity_sdk_2025.6.2/platform/emlib/src/em_eusart.o
                0x00002188                EUSART_BaudrateSet
 .text.EUSART_AsyncInitCommon.constprop.0
                0x000022b0      0x1ac ./simplicity_sdk_2025.6.2/platform/emlib/src/em_eusart.o
 .text.EUSART_UartInitLf
                0x0000245c       0xb4 ./simplicity_sdk_2025.6.2/platform/emlib/src/em_eusart.o
                0x0000245c                EUSART_UartInitLf
 .text.EUSART_UartInitHf
                0x00002510       0x50 ./simplicity_sdk_2025.6.2/platform/emlib/src/em_eusart.o
                0x00002510                EUSART_UartInitHf
 .text.GPIO_PinOutSet
                0x00002560       0x40 ./simplicity_sdk_2025.6.2/platform/emlib/src/em_gpio.o
 .text.GPIO_PinOutClear
                0x000025a0       0x40 ./simplicity_sdk_2025.6.2/platform/emlib/src/em_gpio.o
 .text.GPIO_PinModeSet
                0x000025e0       0x90 ./simplicity_sdk_2025.6.2/platform/emlib/src/em_gpio.o
                0x000025e0                GPIO_PinModeSet
 .text.I2C_BusFreqSet
                0x00002670      0x10c ./simplicity_sdk_2025.6.2/platform/emlib/src/em_i2c.o
                0x00002670                I2C_BusFreqSet
 .text.I2C_Enable
                0x0000277c       0x3c ./simplicity_sdk_2025.6.2/platform/emlib/src/em_i2c.o
                0x0000277c                I2C_Enable
 .text.I2C_Init
                0x000027b8       0x68 ./simplicity_sdk_2025.6.2/platform/emlib/src/em_i2c.o
                0x000027b8                I2C_Init
 .text.I2C_Transfer
                0x00002820      0x240 ./simplicity_sdk_2025.6.2/platform/emlib/src/em_i2c.o
                0x00002820                I2C_Transfer
 .text.I2C_TransferInit
                0x00002a60       0xc4 ./simplicity_sdk_2025.6.2/platform/emlib/src/em_i2c.o
                0x00002a60                I2C_TransferInit
 .text.LDMA_DeInit
                0x00002b24       0x2c ./simplicity_sdk_2025.6.2/platform/emlib/src/em_ldma.o
                0x00002b24                LDMA_DeInit
 .text.LDMA_EnableChannelRequest
                0x00002b50       0x40 ./simplicity_sdk_2025.6.2/platform/emlib/src/em_ldma.o
                0x00002b50                LDMA_EnableChannelRequest
 .text.LDMA_Init
                0x00002b90       0x90 ./simplicity_sdk_2025.6.2/platform/emlib/src/em_ldma.o
                0x00002b90                LDMA_Init
 .text.LDMA_StartTransfer
                0x00002c20       0xf4 ./simplicity_sdk_2025.6.2/platform/emlib/src/em_ldma.o
                0x00002c20                LDMA_StartTransfer
 .text.LDMA_StopTransfer
                0x00002d14       0x38 ./simplicity_sdk_2025.6.2/platform/emlib/src/em_ldma.o
                0x00002d14                LDMA_StopTransfer
 .text.LDMA_TransferDone
                0x00002d4c       0x44 ./simplicity_sdk_2025.6.2/platform/emlib/src/em_ldma.o
                0x00002d4c                LDMA_TransferDone
 .text.LDMA_TransferRemainingCount
                0x00002d90       0x44 ./simplicity_sdk_2025.6.2/platform/emlib/src/em_ldma.o
                0x00002d90                LDMA_TransferRemainingCount
 .text.RTCC_ChannelInit
                0x00002dd4       0x48 ./simplicity_sdk_2025.6.2/platform/emlib/src/em_rtcc.o
                0x00002dd4                RTCC_ChannelInit
 .text.RTCC_Enable
                0x00002e1c       0x54 ./simplicity_sdk_2025.6.2/platform/emlib/src/em_rtcc.o
                0x00002e1c                RTCC_Enable
 .text.RTCC_Init
                0x00002e70       0x48 ./simplicity_sdk_2025.6.2/platform/emlib/src/em_rtcc.o
                0x00002e70                RTCC_Init
 .text.SYSTEM_GetProdRev
                0x00002eb8       0x10 ./simplicity_sdk_2025.6.2/platform/emlib/src/em_system.o
                0x00002eb8                SYSTEM_GetProdRev
 .text.sl_hal_gpio_clear_pin
                0x00002ec8       0x5c ./simplicity_sdk_2025.6.2/platform/peripheral/src/sl_hal_gpio.o
                0x00002ec8                sl_hal_gpio_clear_pin
 .text.sl_hal_gpio_get_enabled_pending_interrupts
                0x00002f24       0x14 ./simplicity_sdk_2025.6.2/platform/peripheral/src/sl_hal_gpio.o
                0x00002f24                sl_hal_gpio_get_enabled_pending_interrupts
 .text.sl_hal_gpio_set_pin_mode
                0x00002f38       0xdc ./simplicity_sdk_2025.6.2/platform/peripheral/src/sl_hal_gpio.o
                0x00002f38                sl_hal_gpio_set_pin_mode
 .text.sli_clock_manager_hal_init
                0x00003014      0x1e8 ./simplicity_sdk_2025.6.2/platform/service/clock_manager/src/sl_clock_manager_init_hal_s2.o
                0x00003014                sli_clock_manager_hal_init
 .text.sl_device_init_dcdc
                0x000031fc       0x20 ./simplicity_sdk_2025.6.2/platform/service/device_init/src/sl_device_init_dcdc_s2.o
                0x000031fc                sl_device_init_dcdc
 .text.sl_device_init_emu
                0x0000321c       0x24 ./simplicity_sdk_2025.6.2/platform/service/device_init/src/sl_device_init_emu_s2.o
                0x0000321c                sl_device_init_emu
 .text.sl_interrupt_manager_disable_irq
                0x00003240       0x3c ./simplicity_sdk_2025.6.2/platform/service/interrupt_manager/src/sl_interrupt_manager_cortexm.o
                0x00003240                sl_interrupt_manager_disable_irq
 .text.sl_interrupt_manager_enable_irq
                0x0000327c       0x34 ./simplicity_sdk_2025.6.2/platform/service/interrupt_manager/src/sl_interrupt_manager_cortexm.o
                0x0000327c                sl_interrupt_manager_enable_irq
 .text.sl_interrupt_manager_is_irq_disabled
                0x000032b0       0x30 ./simplicity_sdk_2025.6.2/platform/service/interrupt_manager/src/sl_interrupt_manager_cortexm.o
                0x000032b0                sl_interrupt_manager_is_irq_disabled
 .text.sl_interrupt_manager_clear_irq_pending
                0x000032e0       0x1c ./simplicity_sdk_2025.6.2/platform/service/interrupt_manager/src/sl_interrupt_manager_cortexm.o
                0x000032e0                sl_interrupt_manager_clear_irq_pending
 .text.sl_interrupt_manager_set_irq_priority
                0x000032fc       0x54 ./simplicity_sdk_2025.6.2/platform/service/interrupt_manager/src/sl_interrupt_manager_cortexm.o
                0x000032fc                sl_interrupt_manager_set_irq_priority
 .text.sl_interrupt_manager_init
                0x00003350       0x34 ./simplicity_sdk_2025.6.2/platform/service/interrupt_manager/src/sl_interrupt_manager_cortexm.o
                0x00003350                sl_interrupt_manager_init
 .text.sl_iostream_set_default
                0x00003384       0x18 ./simplicity_sdk_2025.6.2/platform/service/iostream/src/sl_iostream.o
                0x00003384                sl_iostream_set_default
 .text.sl_iostream_get_default
                0x0000339c       0x18 ./simplicity_sdk_2025.6.2/platform/service/iostream/src/sl_iostream.o
                0x0000339c                sl_iostream_get_default
 .text.sl_iostream_eusart_init
                0x000033b4      0x22c ./simplicity_sdk_2025.6.2/platform/service/iostream/src/sl_iostream_eusart.o
                0x000033b4                sl_iostream_eusart_init
 .text.sl_iostream_eusart_irq_handler
                0x000035e0       0x10 ./simplicity_sdk_2025.6.2/platform/service/iostream/src/sl_iostream_eusart.o
                0x000035e0                sl_iostream_eusart_irq_handler
 .text._write   0x000035f0       0x20 ./simplicity_sdk_2025.6.2/platform/service/iostream/src/sl_iostream_retarget_stdio.o
                0x000035f0                _write
 .text.__rx_buffer_empty
                0x00003610       0x34 ./simplicity_sdk_2025.6.2/platform/service/iostream/src/sl_iostream_uart.o
 .text.__rx_buffer_full
                0x00003644       0x4c ./simplicity_sdk_2025.6.2/platform/service/iostream/src/sl_iostream_uart.o
 .text.__get_write_ptr
                0x00003690       0x60 ./simplicity_sdk_2025.6.2/platform/service/iostream/src/sl_iostream_uart.o
 .text.__uart_async_start_write
                0x000036f0       0x74 ./simplicity_sdk_2025.6.2/platform/service/iostream/src/sl_iostream_uart.o
 .text.set_new_data_detect
                0x00003764      0x174 ./simplicity_sdk_2025.6.2/platform/service/iostream/src/sl_iostream_uart.o
 .text.__uart_async_tx_dma_callback
                0x000038d8       0x40 ./simplicity_sdk_2025.6.2/platform/service/iostream/src/sl_iostream_uart.o
 .text.rx_buffer_empty
                0x00003918       0x38 ./simplicity_sdk_2025.6.2/platform/service/iostream/src/sl_iostream_uart.o
 .text.uart_read
                0x00003950      0x2cc ./simplicity_sdk_2025.6.2/platform/service/iostream/src/sl_iostream_uart.o
 .text.uart_write
                0x00003c1c      0x124 ./simplicity_sdk_2025.6.2/platform/service/iostream/src/sl_iostream_uart.o
 .text.sli_iostream_uart_context_init
                0x00003d40      0x150 ./simplicity_sdk_2025.6.2/platform/service/iostream/src/sl_iostream_uart.o
                0x00003d40                sli_iostream_uart_context_init
 .text.uart_deinit
                0x00003e90       0x9c ./simplicity_sdk_2025.6.2/platform/service/iostream/src/sl_iostream_uart.o
 .text._sbrk    0x00003f2c       0x20 ./simplicity_sdk_2025.6.2/platform/service/memory_manager/src/sl_memory_manager_region.o
                0x00003f2c                _sbrk
 .text.sl_main_init
                0x00003f4c       0x60 ./simplicity_sdk_2025.6.2/platform/service/sl_main/src/sl_main_init.o
                0x00003f4c                sl_main_init
 .text.sl_sleeptimer_init
                0x00003fac       0x74 ./simplicity_sdk_2025.6.2/platform/service/sleeptimer/src/sl_sleeptimer.o
                0x00003fac                sl_sleeptimer_init
 .text.sl_sleeptimer_delay_millisecond
                0x00004020       0x38 ./simplicity_sdk_2025.6.2/platform/service/sleeptimer/src/sl_sleeptimer.o
                0x00004020                sl_sleeptimer_delay_millisecond
 .text.sleeptimer_hal_init_timer
                0x00004058       0x7c ./simplicity_sdk_2025.6.2/platform/service/sleeptimer/src/sl_sleeptimer_hal_rtcc.o
                0x00004058                sleeptimer_hal_init_timer
 .text.RTCC_IRQHandler
                0x000040d4       0x34 ./simplicity_sdk_2025.6.2/platform/service/sleeptimer/src/sl_sleeptimer_hal_rtcc.o
                0x000040d4                RTCC_IRQHandler
 .text.sl_udelay_wait
                0x00004108       0x58 ./simplicity_sdk_2025.6.2/platform/service/udelay/src/sl_udelay.o
                0x00004108                sl_udelay_wait
 .text          0x00004160       0x30 c:/siliconlabs/simplicitystudio/v5/developer/toolchains/gnu_arm/12.2.rel1_2023.7/bin/../lib/gcc/arm-none-eabi/12.2.1/thumb/v8-m.main+fp/hard\libgcc.a(_aeabi_uldivmod.o)
                0x00004160                __aeabi_uldivmod
 .text.__udivmoddi4
                0x00004190      0x2ec c:/siliconlabs/simplicitystudio/v5/developer/toolchains/gnu_arm/12.2.rel1_2023.7/bin/../lib/gcc/arm-none-eabi/12.2.1/thumb/v8-m.main+fp/hard\libgcc.a(_udivmoddi4.o)
                0x00004190                __udivmoddi4
 .text          0x0000447c        0x4 c:/siliconlabs/simplicitystudio/v5/developer/toolchains/gnu_arm/12.2.rel1_2023.7/bin/../lib/gcc/arm-none-eabi/12.2.1/thumb/v8-m.main+fp/hard\libgcc.a(_dvmd_tls.o)
                0x0000447c                __aeabi_idiv0
                0x0000447c                __aeabi_ldiv0
 .text.exit     0x00004480       0x24 c:/siliconlabs/simplicitystudio/v5/developer/toolchains/gnu_arm/12.2.rel1_2023.7/bin/../lib/gcc/arm-none-eabi/12.2.1/thumb/v8-m.main+fp/hard\libc_nano.a(libc_a-exit.o)
                0x00004480                exit
 .text.std      0x000044a4       0x6c c:/siliconlabs/simplicitystudio/v5/developer/toolchains/gnu_arm/12.2.rel1_2023.7/bin/../lib/gcc/arm-none-eabi/12.2.1/thumb/v8-m.main+fp/hard\libc_nano.a(libc_a-findfp.o)
 .text.stdio_exit_handler
                0x00004510       0x18 c:/siliconlabs/simplicitystudio/v5/developer/toolchains/gnu_arm/12.2.rel1_2023.7/bin/../lib/gcc/arm-none-eabi/12.2.1/thumb/v8-m.main+fp/hard\libc_nano.a(libc_a-findfp.o)
 .text.cleanup_stdio
                0x00004528       0x40 c:/siliconlabs/simplicitystudio/v5/developer/toolchains/gnu_arm/12.2.rel1_2023.7/bin/../lib/gcc/arm-none-eabi/12.2.1/thumb/v8-m.main+fp/hard\libc_nano.a(libc_a-findfp.o)
 .text.global_stdio_init.part.0
                0x00004568       0x3c c:/siliconlabs/simplicitystudio/v5/developer/toolchains/gnu_arm/12.2.rel1_2023.7/bin/../lib/gcc/arm-none-eabi/12.2.1/thumb/v8-m.main+fp/hard\libc_nano.a(libc_a-findfp.o)
 .text.__sfp_lock_acquire
                0x000045a4        0xc c:/siliconlabs/simplicitystudio/v5/developer/toolchains/gnu_arm/12.2.rel1_2023.7/bin/../lib/gcc/arm-none-eabi/12.2.1/thumb/v8-m.main+fp/hard\libc_nano.a(libc_a-findfp.o)
                0x000045a4                __sfp_lock_acquire
 .text.__sfp_lock_release
                0x000045b0        0xc c:/siliconlabs/simplicitystudio/v5/developer/toolchains/gnu_arm/12.2.rel1_2023.7/bin/../lib/gcc/arm-none-eabi/12.2.1/thumb/v8-m.main+fp/hard\libc_nano.a(libc_a-findfp.o)
                0x000045b0                __sfp_lock_release
 .text.__sinit  0x000045bc       0x30 c:/siliconlabs/simplicitystudio/v5/developer/toolchains/gnu_arm/12.2.rel1_2023.7/bin/../lib/gcc/arm-none-eabi/12.2.1/thumb/v8-m.main+fp/hard\libc_nano.a(libc_a-findfp.o)
                0x000045bc                __sinit
 .text.printf   0x000045ec       0x24 c:/siliconlabs/simplicitystudio/v5/developer/toolchains/gnu_arm/12.2.rel1_2023.7/bin/../lib/gcc/arm-none-eabi/12.2.1/thumb/v8-m.main+fp/hard\libc_nano.a(libc_a-printf.o)
                0x000045ec                iprintf
                0x000045ec                printf
 .text.snprintf
                0x00004610       0x68 c:/siliconlabs/simplicitystudio/v5/developer/toolchains/gnu_arm/12.2.rel1_2023.7/bin/../lib/gcc/arm-none-eabi/12.2.1/thumb/v8-m.main+fp/hard\libc_nano.a(libc_a-snprintf.o)
                0x00004610                sniprintf
                0x00004610                snprintf
 .text._close_r
                0x00004678       0x20 c:/siliconlabs/simplicitystudio/v5/developer/toolchains/gnu_arm/12.2.rel1_2023.7/bin/../lib/gcc/arm-none-eabi/12.2.1/thumb/v8-m.main+fp/hard\libc_nano.a(libc_a-closer.o)
                0x00004678                _close_r
 .text._lseek_r
                0x00004698       0x24 c:/siliconlabs/simplicitystudio/v5/developer/toolchains/gnu_arm/12.2.rel1_2023.7/bin/../lib/gcc/arm-none-eabi/12.2.1/thumb/v8-m.main+fp/hard\libc_nano.a(libc_a-lseekr.o)
                0x00004698                _lseek_r
 .text._read_r  0x000046bc       0x24 c:/siliconlabs/simplicitystudio/v5/developer/toolchains/gnu_arm/12.2.rel1_2023.7/bin/../lib/gcc/arm-none-eabi/12.2.1/thumb/v8-m.main+fp/hard\libc_nano.a(libc_a-readr.o)
                0x000046bc                _read_r
 .text._write_r
                0x000046e0       0x24 c:/siliconlabs/simplicitystudio/v5/developer/toolchains/gnu_arm/12.2.rel1_2023.7/bin/../lib/gcc/arm-none-eabi/12.2.1/thumb/v8-m.main+fp/hard\libc_nano.a(libc_a-writer.o)
                0x000046e0                _write_r
 .text.__libc_init_array
                0x00004704       0x48 c:/siliconlabs/simplicitystudio/v5/developer/toolchains/gnu_arm/12.2.rel1_2023.7/bin/../lib/gcc/arm-none-eabi/12.2.1/thumb/v8-m.main+fp/hard\libc_nano.a(libc_a-init.o)
                0x00004704                __libc_init_array
 .text._free_r  0x0000474c       0x94 c:/siliconlabs/simplicitystudio/v5/developer/toolchains/gnu_arm/12.2.rel1_2023.7/bin/../lib/gcc/arm-none-eabi/12.2.1/thumb/v8-m.main+fp/hard\libc_nano.a(libc_a-freer.o)
                0x0000474c                _free_r
 .text.sbrk_aligned
                0x000047e0       0x44 c:/siliconlabs/simplicitystudio/v5/developer/toolchains/gnu_arm/12.2.rel1_2023.7/bin/../lib/gcc/arm-none-eabi/12.2.1/thumb/v8-m.main+fp/hard\libc_nano.a(libc_a-mallocr.o)
 .text._malloc_r
                0x00004824       0xf0 c:/siliconlabs/simplicitystudio/v5/developer/toolchains/gnu_arm/12.2.rel1_2023.7/bin/../lib/gcc/arm-none-eabi/12.2.1/thumb/v8-m.main+fp/hard\libc_nano.a(libc_a-mallocr.o)
                0x00004824                _malloc_r
 .text.__malloc_lock
                0x00004914        0xc c:/siliconlabs/simplicitystudio/v5/developer/toolchains/gnu_arm/12.2.rel1_2023.7/bin/../lib/gcc/arm-none-eabi/12.2.1/thumb/v8-m.main+fp/hard\libc_nano.a(libc_a-mlock.o)
                0x00004914                __malloc_lock
 .text.__malloc_unlock
                0x00004920        0xc c:/siliconlabs/simplicitystudio/v5/developer/toolchains/gnu_arm/12.2.rel1_2023.7/bin/../lib/gcc/arm-none-eabi/12.2.1/thumb/v8-m.main+fp/hard\libc_nano.a(libc_a-mlock.o)
                0x00004920                __malloc_unlock
 .text._svfprintf_r
                0x0000492c      0x1f8 c:/siliconlabs/simplicitystudio/v5/developer/toolchains/gnu_arm/12.2.rel1_2023.7/bin/../lib/gcc/arm-none-eabi/12.2.1/thumb/v8-m.main+fp/hard\libc_nano.a(libc_a-nano-svfprintf.o)
                0x0000492c                _svfiprintf_r
                0x0000492c                _svfprintf_r
 .text._vfprintf_r
                0x00004b24      0x230 c:/siliconlabs/simplicitystudio/v5/developer/toolchains/gnu_arm/12.2.rel1_2023.7/bin/../lib/gcc/arm-none-eabi/12.2.1/thumb/v8-m.main+fp/hard\libc_nano.a(libc_a-nano-vfprintf.o)
                0x00004b24                _vfprintf_r
                0x00004b24                _vfiprintf_r
 .text._printf_i
                0x00004d54      0x258 c:/siliconlabs/simplicitystudio/v5/developer/toolchains/gnu_arm/12.2.rel1_2023.7/bin/../lib/gcc/arm-none-eabi/12.2.1/thumb/v8-m.main+fp/hard\libc_nano.a(libc_a-nano-vfprintf_i.o)
                0x00004d54                _printf_i
 .text.__swsetup_r
                0x00004fac       0xac c:/siliconlabs/simplicitystudio/v5/developer/toolchains/gnu_arm/12.2.rel1_2023.7/bin/../lib/gcc/arm-none-eabi/12.2.1/thumb/v8-m.main+fp/hard\libc_nano.a(libc_a-wsetup.o)
                0x00004fac                __swsetup_r
 .text._sbrk_r  0x00005058       0x20 c:/siliconlabs/simplicitystudio/v5/developer/toolchains/gnu_arm/12.2.rel1_2023.7/bin/../lib/gcc/arm-none-eabi/12.2.1/thumb/v8-m.main+fp/hard\libc_nano.a(libc_a-sbrkr.o)
                0x00005058                _sbrk_r
 .text._fstat_r
                0x00005078       0x24 c:/siliconlabs/simplicitystudio/v5/developer/toolchains/gnu_arm/12.2.rel1_2023.7/bin/../lib/gcc/arm-none-eabi/12.2.1/thumb/v8-m.main+fp/hard\libc_nano.a(libc_a-fstatr.o)
                0x00005078                _fstat_r
 .text._isatty_r
                0x0000509c       0x20 c:/siliconlabs/simplicitystudio/v5/developer/toolchains/gnu_arm/12.2.rel1_2023.7/bin/../lib/gcc/arm-none-eabi/12.2.1/thumb/v8-m.main+fp/hard\libc_nano.a(libc_a-isattyr.o)
                0x0000509c                _isatty_r
 .text.lcd_cmd  0x000050bc       0x38 ./lcd.o
 .text.lcd_printf
                0x000050f4       0x3e ./lcd.o
                0x000050f4                lcd_printf
 .text.lcd_cursor
                0x00005132       0x16 ./lcd.o
                0x00005132                lcd_cursor
 .text.lcd_Init
                0x00005148       0x4e ./lcd.o
                0x00005148                lcd_Init
 .text.startup.main
                0x00005196       0x14 ./main.o
                0x00005196                main
 .text.sl_board_default_init
                0x000051aa        0x2 ./autogen/sl_board_default_init.o
                0x000051aa                sl_board_default_init
 .text.sli_driver_permanent_allocation
                0x000051ac        0x2 ./autogen/sl_event_handler.o
                0x000051ac                sli_driver_permanent_allocation
 .text.sli_service_permanent_allocation
                0x000051ae        0x2 ./autogen/sl_event_handler.o
                0x000051ae                sli_service_permanent_allocation
 .text.sli_stack_permanent_allocation
                0x000051b0        0x2 ./autogen/sl_event_handler.o
                0x000051b0                sli_stack_permanent_allocation
 .text.sli_internal_permanent_allocation
                0x000051b2        0x2 ./autogen/sl_event_handler.o
                0x000051b2                sli_internal_permanent_allocation
 .text.sl_platform_init
                0x000051b4       0x12 ./autogen/sl_event_handler.o
                0x000051b4                sl_platform_init
 .text.sli_internal_init_early
                0x000051c6        0x2 ./autogen/sl_event_handler.o
                0x000051c6                sli_internal_init_early
 .text.sl_driver_init
                0x000051c8       0x16 ./autogen/sl_event_handler.o
                0x000051c8                sl_driver_init
 .text.sl_service_init
                0x000051de       0x12 ./autogen/sl_event_handler.o
                0x000051de                sl_service_init
 .text.sl_stack_init
                0x000051f0        0x2 ./autogen/sl_event_handler.o
                0x000051f0                sl_stack_init
 .text.sl_internal_app_init
                0x000051f2        0x2 ./autogen/sl_event_handler.o
                0x000051f2                sl_internal_app_init
 .text.sli_platform_process_action
                0x000051f4        0x2 ./autogen/sl_event_handler.o
                0x000051f4                sli_platform_process_action
 .text.sli_service_process_action
                0x000051f6        0x2 ./autogen/sl_event_handler.o
                0x000051f6                sli_service_process_action
 .text.sli_stack_process_action
                0x000051f8        0x2 ./autogen/sl_event_handler.o
                0x000051f8                sli_stack_process_action
 .text.sli_internal_app_process_action
                0x000051fa        0x2 ./autogen/sl_event_handler.o
                0x000051fa                sli_internal_app_process_action
 .text.sl_iostream_eusart_init_instances
                0x000051fc        0x4 ./autogen/sl_iostream_init_eusart_instances.o
                0x000051fc                sl_iostream_eusart_init_instances
 .text.EUART0_TX_IRQHandler
                0x00005200        0x4 ./autogen/sl_iostream_init_eusart_instances.o
                0x00005200                EUART0_TX_IRQHandler
 .text.sl_board_configure_vcom
                0x00005204        0x4 ./simplicity_sdk_2025.6.2/hardware/board/src/sl_board_control_gpio.o
                0x00005204                sl_board_configure_vcom
 .text.sli_cos_swo_itm_8_write.constprop.0.isra.0
                0x00005208       0x78 ./simplicity_sdk_2025.6.2/hardware/driver/configuration_over_swo/src/sl_cos.o
 .text.sl_cos_send_config
                0x00005280       0x12 ./simplicity_sdk_2025.6.2/hardware/driver/configuration_over_swo/src/sl_cos.o
                0x00005280                sl_cos_send_config
 .text.sl_cos_config_vcom
                0x00005292       0x1c ./simplicity_sdk_2025.6.2/hardware/driver/configuration_over_swo/src/sl_cos.o
                0x00005292                sl_cos_config_vcom
 .text.Default_Handler
                0x000052ae        0x2 ./simplicity_sdk_2025.6.2/platform/Device/SiliconLabs/BGM22/Source/startup_bgm22.o
                0x000052ae                ULFRCO_IRQHandler
                0x000052ae                SW2_IRQHandler
                0x000052ae                TIMER2_IRQHandler
                0x000052ae                DebugMon_Handler
                0x000052ae                PKE_IRQHandler
                0x000052ae                USART0_TX_IRQHandler
                0x000052ae                PRORTC_IRQHandler
                0x000052ae                IADC_IRQHandler
                0x000052ae                I2C0_IRQHandler
                0x000052ae                LFXO_IRQHandler
                0x000052ae                CRYPTOACC_IRQHandler
                0x000052ae                HardFault_Handler
                0x000052ae                SMU_SECURE_IRQHandler
                0x000052ae                SysTick_Handler
                0x000052ae                USART1_RX_IRQHandler
                0x000052ae                EMUEFP_IRQHandler
                0x000052ae                PendSV_Handler
                0x000052ae                NMI_Handler
                0x000052ae                SYNTH_IRQHandler
                0x000052ae                HFXO0_IRQHandler
                0x000052ae                I2C1_IRQHandler
                0x000052ae                PDM_IRQHandler
                0x000052ae                WDOG0_IRQHandler
                0x000052ae                TIMER3_IRQHandler
                0x000052ae                SYSCFG_IRQHandler
                0x000052ae                EMUSE_IRQHandler
                0x000052ae                EMUDG_IRQHandler
                0x000052ae                USART1_TX_IRQHandler
                0x000052ae                MSC_IRQHandler
                0x000052ae                DPLL0_IRQHandler
                0x000052ae                UsageFault_Handler
                0x000052ae                M33CTI1_IRQHandler
                0x000052ae                TIMER4_IRQHandler
                0x000052ae                SW0_IRQHandler
                0x000052ae                TIMER0_IRQHandler
                0x000052ae                LETIMER0_IRQHandler
                0x000052ae                TIMER1_IRQHandler
                0x000052ae                HFRCO0_IRQHandler
                0x000052ae                RFSENSE_IRQHandler
                0x000052ae                SecureFault_Handler
                0x000052ae                BUFC_IRQHandler
                0x000052ae                DCDC_IRQHandler
                0x000052ae                MODEM_IRQHandler
                0x000052ae                Default_Handler
                0x000052ae                RAC_SEQ_IRQHandler
                0x000052ae                FRC_PRI_IRQHandler
                0x000052ae                EMU_IRQHandler
                0x000052ae                SW3_IRQHandler
                0x000052ae                KERNEL0_IRQHandler
                0x000052ae                FRC_IRQHandler
                0x000052ae                KERNEL1_IRQHandler
                0x000052ae                AGC_IRQHandler
                0x000052ae                sl_app_properties
                0x000052ae                BURTC_IRQHandler
                0x000052ae                LFRCO_IRQHandler
                0x000052ae                USART0_RX_IRQHandler
                0x000052ae                MemManage_Handler
                0x000052ae                RDMAILBOX_IRQHandler
                0x000052ae                SVC_Handler
                0x000052ae                SMU_S_PRIVILEGED_IRQHandler
                0x000052ae                SW1_IRQHandler
                0x000052ae                CMU_IRQHandler
                0x000052ae                RAC_RSM_IRQHandler
                0x000052ae                AES_IRQHandler
                0x000052ae                M33CTI0_IRQHandler
                0x000052ae                ICACHE0_IRQHandler
                0x000052ae                SMU_NS_PRIVILEGED_IRQHandler
                0x000052ae                PROTIMER_IRQHandler
                0x000052ae                BusFault_Handler
                0x000052ae                TRNG_IRQHandler
 .text.CopyMemory
                0x000052b0       0x1a ./simplicity_sdk_2025.6.2/platform/Device/SiliconLabs/BGM22/Source/startup_bgm22.o
                0x000052b0                CopyMemory
 .text.assertEFM
                0x000052ca        0x2 ./simplicity_sdk_2025.6.2/platform/common/src/sl_assert.o
                0x000052ca                assertEFM
 .text.sl_slist_init
                0x000052cc        0x6 ./simplicity_sdk_2025.6.2/platform/common/src/sl_slist.o
                0x000052cc                sl_slist_init
 .text.sl_debug_swo_enable_itm
                0x000052d2       0x16 ./simplicity_sdk_2025.6.2/platform/driver/debug/src/sl_debug_swo.o
                0x000052d2                sl_debug_swo_enable_itm
 .text.sl_debug_swo_disable_itm
                0x000052e8       0x18 ./simplicity_sdk_2025.6.2/platform/driver/debug/src/sl_debug_swo.o
                0x000052e8                sl_debug_swo_disable_itm
 .text.DMADRV_PeripheralMemory
                0x00005300       0x34 ./simplicity_sdk_2025.6.2/platform/emdrv/dmadrv/src/dmadrv.o
                0x00005300                DMADRV_PeripheralMemory
 .text.waitStateMax
                0x00005334       0x10 ./simplicity_sdk_2025.6.2/platform/emlib/src/em_cmu.o
 .text.CMU_UpdateWaitStates
                0x00005344        0xc ./simplicity_sdk_2025.6.2/platform/emlib/src/em_cmu.o
                0x00005344                CMU_UpdateWaitStates
 .text.pclkDivMax
                0x00005350        0xa ./simplicity_sdk_2025.6.2/platform/emlib/src/em_cmu.o
 .text.EMU_EFPEM01VScale
                0x0000535a        0x2 ./simplicity_sdk_2025.6.2/platform/emlib/src/em_emu.o
                0x0000535a                EMU_EFPEM01VScale
 .text.EMU_DCDCUpdatedHook
                0x0000535c        0x2 ./simplicity_sdk_2025.6.2/platform/emlib/src/em_emu.o
                0x0000535c                EMU_DCDCUpdatedHook
 .text.eusart_sync
                0x0000535e        0x8 ./simplicity_sdk_2025.6.2/platform/emlib/src/em_eusart.o
 .text.EUSART_Disable
                0x00005366       0x3a ./simplicity_sdk_2025.6.2/platform/emlib/src/em_eusart.o
 .text.EUSART_Tx
                0x000053a0        0xa ./simplicity_sdk_2025.6.2/platform/emlib/src/em_eusart.o
                0x000053a0                EUSART_Tx
 .text.BUS_RegMaskedWrite
                0x000053aa       0x1e ./simplicity_sdk_2025.6.2/platform/emlib/src/em_gpio.o
 .text.RTCC_SyncWait
                0x000053c8       0x10 ./simplicity_sdk_2025.6.2/platform/emlib/src/em_rtcc.o
 .text.sl_hal_bus_reg_write_mask
                0x000053d8       0x1e ./simplicity_sdk_2025.6.2/platform/peripheral/src/sl_hal_gpio.o
 .text.sl_clock_manager_runtime_init
                0x000053f6        0x4 ./simplicity_sdk_2025.6.2/platform/service/clock_manager/src/sl_clock_manager.o
                0x000053f6                sl_clock_manager_runtime_init
 .text.sli_clock_manager_hal_runtime_init
                0x000053fa        0x4 ./simplicity_sdk_2025.6.2/platform/service/clock_manager/src/sl_clock_manager_hal_s2.o
                0x000053fa                sli_clock_manager_hal_runtime_init
 .text.sl_clock_manager_init
                0x000053fe        0x4 ./simplicity_sdk_2025.6.2/platform/service/clock_manager/src/sl_clock_manager_init.o
                0x000053fe                sl_clock_manager_init
 .text.sl_iostream_write
                0x00005402       0x22 ./simplicity_sdk_2025.6.2/platform/service/iostream/src/sl_iostream.o
                0x00005402                sl_iostream_write
 .text.sl_iostream_read
                0x00005424       0x30 ./simplicity_sdk_2025.6.2/platform/service/iostream/src/sl_iostream.o
                0x00005424                sl_iostream_read
 .text.eusart_rx
                0x00005454       0x16 ./simplicity_sdk_2025.6.2/platform/service/iostream/src/sl_iostream_eusart.o
 .text.eusart_deinit
                0x0000546a       0x7c ./simplicity_sdk_2025.6.2/platform/service/iostream/src/sl_iostream_eusart.o
 .text.eusart_tx
                0x000054e6       0x10 ./simplicity_sdk_2025.6.2/platform/service/iostream/src/sl_iostream_eusart.o
 .text._close   0x000054f6        0x4 ./simplicity_sdk_2025.6.2/platform/service/iostream/src/sl_iostream_retarget_stdio.o
                0x000054f6                _close
 .text._exit    0x000054fa        0x2 ./simplicity_sdk_2025.6.2/platform/service/iostream/src/sl_iostream_retarget_stdio.o
                0x000054fa                _exit
 .text._fstat   0x000054fc        0xa ./simplicity_sdk_2025.6.2/platform/service/iostream/src/sl_iostream_retarget_stdio.o
                0x000054fc                _fstat
 .text._isatty  0x00005506        0x4 ./simplicity_sdk_2025.6.2/platform/service/iostream/src/sl_iostream_retarget_stdio.o
                0x00005506                _isatty
 .text._lseek   0x0000550a        0x4 ./simplicity_sdk_2025.6.2/platform/service/iostream/src/sl_iostream_retarget_stdio.o
                0x0000550a                _lseek
 .text._read    0x0000550e       0x1c ./simplicity_sdk_2025.6.2/platform/service/iostream/src/sl_iostream_retarget_stdio.o
                0x0000550e                _read
 .text.set_auto_cr_lf
                0x0000552a        0x6 ./simplicity_sdk_2025.6.2/platform/service/iostream/src/sl_iostream_uart.o
 .text.get_auto_cr_lf
                0x00005530        0x6 ./simplicity_sdk_2025.6.2/platform/service/iostream/src/sl_iostream_uart.o
 .text.__uart_async_rx_dma_callback
                0x00005536       0x70 ./simplicity_sdk_2025.6.2/platform/service/iostream/src/sl_iostream_uart.o
 .text.uart_write_async
                0x000055a6       0x46 ./simplicity_sdk_2025.6.2/platform/service/iostream/src/sl_iostream_uart.o
 .text.sli_iostream_uart_unsubscribe_to_new_data
                0x000055ec       0x1c ./simplicity_sdk_2025.6.2/platform/service/iostream/src/sl_iostream_uart.o
                0x000055ec                sli_iostream_uart_unsubscribe_to_new_data
 .text.app_init_pre_clock
                0x00005608        0x2 ./simplicity_sdk_2025.6.2/platform/service/sl_main/src/sl_main_init.o
                0x00005608                app_init_pre_clock
 .text.app_init_early
                0x0000560a        0x2 ./simplicity_sdk_2025.6.2/platform/service/sl_main/src/sl_main_init.o
                0x0000560a                app_init_early
 .text.sl_main_second_stage_init
                0x0000560c       0x1a ./simplicity_sdk_2025.6.2/platform/service/sl_main/src/sl_main_init.o
                0x0000560c                sl_main_second_stage_init
 .text.app_permanent_memory_alloc
                0x00005626        0x2 ./simplicity_sdk_2025.6.2/platform/service/sl_main/src/sl_main_init_memory.o
                0x00005626                app_permanent_memory_alloc
 .text.sli_allocate_permanent_memory
                0x00005628       0x18 ./simplicity_sdk_2025.6.2/platform/service/sl_main/src/sl_main_init_memory.o
                0x00005628                sli_allocate_permanent_memory
 .text.sl_main_process_action
                0x00005640       0x16 ./simplicity_sdk_2025.6.2/platform/service/sl_main/src/sl_main_process_action.o
                0x00005640                sl_main_process_action
 .text.sleeptimer_hal_presc_to_log2.constprop.0
                0x00005656        0x4 ./simplicity_sdk_2025.6.2/platform/service/sleeptimer/src/sl_sleeptimer_hal_rtcc.o
 .text._fwalk_sglue
                0x0000565a       0x3c c:/siliconlabs/simplicitystudio/v5/developer/toolchains/gnu_arm/12.2.rel1_2023.7/bin/../lib/gcc/arm-none-eabi/12.2.1/thumb/v8-m.main+fp/hard\libc_nano.a(libc_a-fwalk.o)
                0x0000565a                _fwalk_sglue
 .text.__sread  0x00005696       0x22 c:/siliconlabs/simplicitystudio/v5/developer/toolchains/gnu_arm/12.2.rel1_2023.7/bin/../lib/gcc/arm-none-eabi/12.2.1/thumb/v8-m.main+fp/hard\libc_nano.a(libc_a-stdio.o)
                0x00005696                __sread
 .text.__swrite
                0x000056b8       0x38 c:/siliconlabs/simplicitystudio/v5/developer/toolchains/gnu_arm/12.2.rel1_2023.7/bin/../lib/gcc/arm-none-eabi/12.2.1/thumb/v8-m.main+fp/hard\libc_nano.a(libc_a-stdio.o)
                0x000056b8                __swrite
 .text.__sseek  0x000056f0       0x24 c:/siliconlabs/simplicitystudio/v5/developer/toolchains/gnu_arm/12.2.rel1_2023.7/bin/../lib/gcc/arm-none-eabi/12.2.1/thumb/v8-m.main+fp/hard\libc_nano.a(libc_a-stdio.o)
                0x000056f0                __sseek
 .text.__sclose
                0x00005714        0x8 c:/siliconlabs/simplicitystudio/v5/developer/toolchains/gnu_arm/12.2.rel1_2023.7/bin/../lib/gcc/arm-none-eabi/12.2.1/thumb/v8-m.main+fp/hard\libc_nano.a(libc_a-stdio.o)
                0x00005714                __sclose
 .text.memset   0x0000571c       0x10 c:/siliconlabs/simplicitystudio/v5/developer/toolchains/gnu_arm/12.2.rel1_2023.7/bin/../lib/gcc/arm-none-eabi/12.2.1/thumb/v8-m.main+fp/hard\libc_nano.a(libc_a-memset.o)
                0x0000571c                memset
 .text.__retarget_lock_init_recursive
                0x0000572c        0x2 c:/siliconlabs/simplicitystudio/v5/developer/toolchains/gnu_arm/12.2.rel1_2023.7/bin/../lib/gcc/arm-none-eabi/12.2.1/thumb/v8-m.main+fp/hard\libc_nano.a(libc_a-lock.o)
                0x0000572c                __retarget_lock_init_recursive
 .text.__retarget_lock_acquire_recursive
                0x0000572e        0x2 c:/siliconlabs/simplicitystudio/v5/developer/toolchains/gnu_arm/12.2.rel1_2023.7/bin/../lib/gcc/arm-none-eabi/12.2.1/thumb/v8-m.main+fp/hard\libc_nano.a(libc_a-lock.o)
                0x0000572e                __retarget_lock_acquire_recursive
 .text.__retarget_lock_release_recursive
                0x00005730        0x2 c:/siliconlabs/simplicitystudio/v5/developer/toolchains/gnu_arm/12.2.rel1_2023.7/bin/../lib/gcc/arm-none-eabi/12.2.1/thumb/v8-m.main+fp/hard\libc_nano.a(libc_a-lock.o)
                0x00005730                __retarget_lock_release_recursive
 .text.memcpy   0x00005732       0x1a c:/siliconlabs/simplicitystudio/v5/developer/toolchains/gnu_arm/12.2.rel1_2023.7/bin/../lib/gcc/arm-none-eabi/12.2.1/thumb/v8-m.main+fp/hard\libc_nano.a(libc_a-memcpy-stub.o)
                0x00005732                memcpy
 .text.__ssputs_r
                0x0000574c       0xb6 c:/siliconlabs/simplicitystudio/v5/developer/toolchains/gnu_arm/12.2.rel1_2023.7/bin/../lib/gcc/arm-none-eabi/12.2.1/thumb/v8-m.main+fp/hard\libc_nano.a(libc_a-nano-svfprintf.o)
                0x0000574c                __ssputs_r
 .text.__sfputc_r
                0x00005802       0x2e c:/siliconlabs/simplicitystudio/v5/developer/toolchains/gnu_arm/12.2.rel1_2023.7/bin/../lib/gcc/arm-none-eabi/12.2.1/thumb/v8-m.main+fp/hard\libc_nano.a(libc_a-nano-vfprintf.o)
 .text.__sfputs_r
                0x00005830       0x24 c:/siliconlabs/simplicitystudio/v5/developer/toolchains/gnu_arm/12.2.rel1_2023.7/bin/../lib/gcc/arm-none-eabi/12.2.1/thumb/v8-m.main+fp/hard\libc_nano.a(libc_a-nano-vfprintf.o)
                0x00005830                __sfputs_r
 .text._printf_common
                0x00005854       0xe4 c:/siliconlabs/simplicitystudio/v5/developer/toolchains/gnu_arm/12.2.rel1_2023.7/bin/../lib/gcc/arm-none-eabi/12.2.1/thumb/v8-m.main+fp/hard\libc_nano.a(libc_a-nano-vfprintf_i.o)
                0x00005854                _printf_common
 .text.__sflush_r
                0x00005938      0x106 c:/siliconlabs/simplicitystudio/v5/developer/toolchains/gnu_arm/12.2.rel1_2023.7/bin/../lib/gcc/arm-none-eabi/12.2.1/thumb/v8-m.main+fp/hard\libc_nano.a(libc_a-fflush.o)
                0x00005938                __sflush_r
 .text._fflush_r
                0x00005a3e       0x50 c:/siliconlabs/simplicitystudio/v5/developer/toolchains/gnu_arm/12.2.rel1_2023.7/bin/../lib/gcc/arm-none-eabi/12.2.1/thumb/v8-m.main+fp/hard\libc_nano.a(libc_a-fflush.o)
                0x00005a3e                _fflush_r
 .text.__swbuf_r
                0x00005a8e       0x7c c:/siliconlabs/simplicitystudio/v5/developer/toolchains/gnu_arm/12.2.rel1_2023.7/bin/../lib/gcc/arm-none-eabi/12.2.1/thumb/v8-m.main+fp/hard\libc_nano.a(libc_a-wbuf.o)
                0x00005a8e                __swbuf_r
 .text.memmove  0x00005b0a       0x34 c:/siliconlabs/simplicitystudio/v5/developer/toolchains/gnu_arm/12.2.rel1_2023.7/bin/../lib/gcc/arm-none-eabi/12.2.1/thumb/v8-m.main+fp/hard\libc_nano.a(libc_a-memmove.o)
                0x00005b0a                memmove
 .text.memchr   0x00005b3e       0x1c c:/siliconlabs/simplicitystudio/v5/developer/toolchains/gnu_arm/12.2.rel1_2023.7/bin/../lib/gcc/arm-none-eabi/12.2.1/thumb/v8-m.main+fp/hard\libc_nano.a(libc_a-memchr-stub.o)
                0x00005b3e                memchr
 .text._realloc_r
                0x00005b5a       0x5c c:/siliconlabs/simplicitystudio/v5/developer/toolchains/gnu_arm/12.2.rel1_2023.7/bin/../lib/gcc/arm-none-eabi/12.2.1/thumb/v8-m.main+fp/hard\libc_nano.a(libc_a-reallocr.o)
                0x00005b5a                _realloc_r
 .text.__swhatbuf_r
                0x00005bb6       0x4a c:/siliconlabs/simplicitystudio/v5/developer/toolchains/gnu_arm/12.2.rel1_2023.7/bin/../lib/gcc/arm-none-eabi/12.2.1/thumb/v8-m.main+fp/hard\libc_nano.a(libc_a-makebuf.o)
                0x00005bb6                __swhatbuf_r
 .text.__smakebuf_r
                0x00005c00       0x78 c:/siliconlabs/simplicitystudio/v5/developer/toolchains/gnu_arm/12.2.rel1_2023.7/bin/../lib/gcc/arm-none-eabi/12.2.1/thumb/v8-m.main+fp/hard\libc_nano.a(libc_a-makebuf.o)
                0x00005c00                __smakebuf_r
 .text._malloc_usable_size_r
                0x00005c78       0x10 c:/siliconlabs/simplicitystudio/v5/developer/toolchains/gnu_arm/12.2.rel1_2023.7/bin/../lib/gcc/arm-none-eabi/12.2.1/thumb/v8-m.main+fp/hard\libc_nano.a(libc_a-msizer.o)
                0x00005c78                _malloc_usable_size_r
 *(SORT_BY_ALIGNMENT(text_*))
 text_system_timecritical19213
                0x00005c88        0xc ./simplicity_sdk_2025.6.2/platform/Device/SiliconLabs/BGM22/Source/system_bgm22.o
                0x00005c88                SystemHFRCODPLLClockGet
 text_system_timecritical20216
                0x00005c94       0x40 ./simplicity_sdk_2025.6.2/platform/Device/SiliconLabs/BGM22/Source/system_bgm22.o
                0x00005c94                SystemSYSCLKGet
 text_system_timecritical16169
                0x00005cd4       0x24 ./simplicity_sdk_2025.6.2/platform/Device/SiliconLabs/BGM22/Source/system_bgm22.o
                0x00005cd4                SystemHCLKGet
 text_system_timecritical21218
                0x00005cf8        0x8 ./simplicity_sdk_2025.6.2/platform/Device/SiliconLabs/BGM22/Source/system_bgm22.o
                0x00005cf8                SystemMaxCoreClockGet
 text_system_timecritical22220
                0x00005d00        0x8 ./simplicity_sdk_2025.6.2/platform/Device/SiliconLabs/BGM22/Source/system_bgm22.o
                0x00005d00                SystemFSRCOClockGet
 text_system_timecritical23222
                0x00005d08        0xc ./simplicity_sdk_2025.6.2/platform/Device/SiliconLabs/BGM22/Source/system_bgm22.o
                0x00005d08                SystemHFXOClockGet
 text_system_timecritical24225
                0x00005d14        0x8 ./simplicity_sdk_2025.6.2/platform/Device/SiliconLabs/BGM22/Source/system_bgm22.o
                0x00005d14                SystemCLKIN0Get
 text_system_timecritical25227
                0x00005d1c        0xc ./simplicity_sdk_2025.6.2/platform/Device/SiliconLabs/BGM22/Source/system_bgm22.o
                0x00005d1c                SystemLFXOClockGet
 text_dmadrv_timecritical28166
                0x00005d28       0x40 ./simplicity_sdk_2025.6.2/platform/emdrv/dmadrv/src/dmadrv.o
                0x00005d28                DMADRV_StopTransfer
 text_dmadrv_timecritical31174
                0x00005d68       0x44 ./simplicity_sdk_2025.6.2/platform/emdrv/dmadrv/src/dmadrv.o
                0x00005d68                DMADRV_TransferDone
 text_dmadrv_timecritical32177
                0x00005dac       0x44 ./simplicity_sdk_2025.6.2/platform/emdrv/dmadrv/src/dmadrv.o
                0x00005dac                DMADRV_TransferRemainingCount
 text_hal_gpio_timecritical28429
                0x00005df0       0x5c ./simplicity_sdk_2025.6.2/platform/peripheral/src/sl_hal_gpio.o
                0x00005df0                sl_hal_gpio_set_pin
 text_clock_manager_timecritical2674
                0x00005e4c       0x54 ./simplicity_sdk_2025.6.2/platform/service/clock_manager/src/sl_clock_manager_hal_s2.o
                0x00005e4c                sli_clock_manager_hal_enable_bus_clock
 text_sleeptimer_timecritical65121
                0x00005ea0       0x40 ./simplicity_sdk_2025.6.2/platform/service/sleeptimer/src/sl_sleeptimer.o
 text_sleeptimer_timecritical66125
                0x00005ee0       0x3c ./simplicity_sdk_2025.6.2/platform/service/sleeptimer/src/sl_sleeptimer.o
 text_sleeptimer_timecritical68131
                0x00005f1c       0x34 ./simplicity_sdk_2025.6.2/platform/service/sleeptimer/src/sl_sleeptimer.o
 text_sleeptimer_timecritical67128
                0x00005f50       0x64 ./simplicity_sdk_2025.6.2/platform/service/sleeptimer/src/sl_sleeptimer.o
 text_sleeptimer_timecritical71140
                0x00005fb4       0x88 ./simplicity_sdk_2025.6.2/platform/service/sleeptimer/src/sl_sleeptimer.o
 text_sleeptimer_timecritical33276
                0x0000603c       0x3c ./simplicity_sdk_2025.6.2/platform/service/sleeptimer/src/sl_sleeptimer.o
                0x0000603c                sl_sleeptimer_is_timer_running
 text_sleeptimer_timecritical39684
                0x00006078       0x24 ./simplicity_sdk_2025.6.2/platform/service/sleeptimer/src/sl_sleeptimer.o
                0x00006078                sl_sleeptimer_ms_to_tick
 text_sleeptimer_timecritical64151
                0x0000609c      0x148 ./simplicity_sdk_2025.6.2/platform/service/sleeptimer/src/sl_sleeptimer.o
                0x0000609c                process_timer_irq
 text_sleeptimer_timecritical5570
                0x000061e4       0x64 ./simplicity_sdk_2025.6.2/platform/service/sleeptimer/src/sl_sleeptimer_hal_rtcc.o
                0x000061e4                sleeptimer_hal_set_compare
 text_sleeptimer_timecritical5785
                0x00006248       0x20 ./simplicity_sdk_2025.6.2/platform/service/sleeptimer/src/sl_sleeptimer_hal_rtcc.o
                0x00006248                sleeptimer_hal_get_timer_frequency
 text_sleeptimer_timecritical5893
                0x00006268       0x18 ./simplicity_sdk_2025.6.2/platform/service/sleeptimer/src/sl_sleeptimer_hal_rtcc.o
                0x00006268                sleeptimer_hal_enable_int
 text_sleeptimer_timecritical59101
                0x00006280       0x2c ./simplicity_sdk_2025.6.2/platform/service/sleeptimer/src/sl_sleeptimer_hal_rtcc.o
                0x00006280                sleeptimer_hal_disable_int
 text_sleeptimer_timecritical60109
                0x000062ac       0x10 ./simplicity_sdk_2025.6.2/platform/service/sleeptimer/src/sl_sleeptimer_hal_rtcc.o
                0x000062ac                sleeptimer_hal_set_int
 text_system_timecritical26230
                0x000062bc        0x6 ./simplicity_sdk_2025.6.2/platform/Device/SiliconLabs/BGM22/Source/system_bgm22.o
                0x000062bc                SystemLFRCOClockGet
 text_system_timecritical27232
                0x000062c2        0x6 ./simplicity_sdk_2025.6.2/platform/Device/SiliconLabs/BGM22/Source/system_bgm22.o
                0x000062c2                SystemULFRCOClockGet
 text_core_timecritical2307
                0x000062c8        0xa ./simplicity_sdk_2025.6.2/platform/common/src/sl_core_cortexm.o
                0x000062c8                CORE_ExitCritical
 text_core_timecritical4331
                0x000062d2        0x8 ./simplicity_sdk_2025.6.2/platform/common/src/sl_core_cortexm.o
                0x000062d2                CORE_EnterCritical
 text_core_timecritical7363
                0x000062da        0xa ./simplicity_sdk_2025.6.2/platform/common/src/sl_core_cortexm.o
                0x000062da                CORE_ExitAtomic
 text_core_timecritical9387
                0x000062e4        0xc ./simplicity_sdk_2025.6.2/platform/common/src/sl_core_cortexm.o
                0x000062e4                CORE_EnterAtomic
 text_clock_manager_timecritical1352
                0x000062f0        0xa ./simplicity_sdk_2025.6.2/platform/service/clock_manager/src/sl_clock_manager.o
                0x000062f0                sl_clock_manager_get_clock_branch_frequency
 text_clock_manager_timecritical2380
                0x000062fa        0x6 ./simplicity_sdk_2025.6.2/platform/service/clock_manager/src/sl_clock_manager.o
                0x000062fa                sl_clock_manager_enable_bus_clock
 text_clock_manager_timecritical3394
                0x00006300        0x6 ./simplicity_sdk_2025.6.2/platform/service/clock_manager/src/sl_clock_manager.o
                0x00006300                sl_clock_manager_disable_bus_clock
 text_clock_manager_timecritical2561
                0x00006306       0xa8 ./simplicity_sdk_2025.6.2/platform/service/clock_manager/src/sl_clock_manager_hal_s2.o
                0x00006306                sli_clock_manager_hal_get_clock_branch_frequency
 text_sleeptimer_timecritical74155
                0x000063ae        0x6 ./simplicity_sdk_2025.6.2/platform/service/sleeptimer/src/sl_sleeptimer.o
 text_sleeptimer_timecritical28161
                0x000063b4       0x48 ./simplicity_sdk_2025.6.2/platform/service/sleeptimer/src/sl_sleeptimer.o
                0x000063b4                sl_sleeptimer_start_timer
 text_sleeptimer_timecritical5354
                0x000063fc        0xe ./simplicity_sdk_2025.6.2/platform/service/sleeptimer/src/sl_sleeptimer_hal_rtcc.o
                0x000063fc                sleeptimer_hal_get_counter
                0x00006420                . = ALIGN (0x20)
 *fill*         0x0000640a       0x16 
                0x00006420                linker_code_end = .
 *(.init)
 .init          0x00006420        0x4 c:/siliconlabs/simplicitystudio/v5/developer/toolchains/gnu_arm/12.2.rel1_2023.7/bin/../lib/gcc/arm-none-eabi/12.2.1/thumb/v8-m.main+fp/hard/crti.o
                0x00006420                _init
 .init          0x00006424        0x8 c:/siliconlabs/simplicitystudio/v5/developer/toolchains/gnu_arm/12.2.rel1_2023.7/bin/../lib/gcc/arm-none-eabi/12.2.1/thumb/v8-m.main+fp/hard/crtn.o
 *(.fini)
 .fini          0x0000642c        0x4 c:/siliconlabs/simplicitystudio/v5/developer/toolchains/gnu_arm/12.2.rel1_2023.7/bin/../lib/gcc/arm-none-eabi/12.2.1/thumb/v8-m.main+fp/hard/crti.o
                0x0000642c                _fini
 .fini          0x00006430        0x8 c:/siliconlabs/simplicitystudio/v5/developer/toolchains/gnu_arm/12.2.rel1_2023.7/bin/../lib/gcc/arm-none-eabi/12.2.1/thumb/v8-m.main+fp/hard/crtn.o
 *crtbegin.o(.ctors)
 *crtbegin?.o(.ctors)
 *(EXCLUDE_FILE(*crtend.o *crtend?.o) .ctors)
 *(SORT_BY_NAME(.ctors.*))
 *(.ctors)
 *crtbegin.o(.dtors)
 *crtbegin?.o(.dtors)
 *(EXCLUDE_FILE(*crtend.o *crtend?.o) .dtors)
 *(SORT_BY_NAME(.dtors.*))
 *(.dtors)
 *(.rodata*)
 .rodata.app_init.str1.1
                0x00006438        0x9 ./app.o
                                  0xd (size before relaxing)
 .rodata.app_process_action.str1.1
                0x00006441       0x49 ./app.o
                                 0x50 (size before relaxing)
 .rodata.reg5_config
                0x0000648a        0x2 ./gyro.o
 .rodata.reg4_config
                0x0000648c        0x2 ./gyro.o
 .rodata.reg3_config
                0x0000648e        0x2 ./gyro.o
 .rodata.reg2_config
                0x00006490        0x2 ./gyro.o
 .rodata.reg1_config
                0x00006492        0x2 ./gyro.o
 .rodata.sl_iostream_eusart_init_vcom.str1.1
                0x00006494       0x2f ./autogen/sl_iostream_init_eusart_instances.o
 .rodata.str1.1
                0x000064c3        0x5 ./autogen/sl_iostream_init_eusart_instances.o
 .rodata        0x000064c8       0x1c ./autogen/sl_iostream_init_eusart_instances.o
 .rodata.sl_slist_push.str1.1
                0x000064e4       0x3a ./simplicity_sdk_2025.6.2/platform/common/src/sl_slist.o
 .rodata.str1.1
                0x0000651e       0x3e ./simplicity_sdk_2025.6.2/platform/driver/gpio/src/sl_gpio.o
 .rodata.CSWTCH.74
                0x0000655c        0x3 ./simplicity_sdk_2025.6.2/platform/driver/gpio/src/sl_gpio.o
 .rodata.I2CSPM_Init.str1.1
                0x0000655f       0x42 ./simplicity_sdk_2025.6.2/platform/driver/i2cspm/src/sl_i2cspm.o
 .rodata        0x000065a1        0x4 ./simplicity_sdk_2025.6.2/platform/emdrv/dmadrv/src/dmadrv.o
 .rodata.em01GrpbClkGet.str1.1
                0x000065a5       0x37 ./simplicity_sdk_2025.6.2/platform/emlib/src/em_cmu.o
 .rodata.EMU_VScaleEM01.str1.1
                0x000065dc       0x37 ./simplicity_sdk_2025.6.2/platform/emlib/src/em_emu.o
 .rodata.EUSART_Enable.str1.1
                0x00006613       0x3a ./simplicity_sdk_2025.6.2/platform/emlib/src/em_eusart.o
 .rodata.GPIO_PinOutSet.str1.1
                0x0000664d       0x71 ./simplicity_sdk_2025.6.2/platform/emlib/src/em_gpio.o
 .rodata.GPIO_ExtIntConfig.str1.1
                0x000066be       0x38 ./simplicity_sdk_2025.6.2/platform/emlib/src/em_gpio.o
 .rodata.CSWTCH.32
                0x000066f6        0x8 ./simplicity_sdk_2025.6.2/platform/emlib/src/em_gpio.o
 .rodata.I2C_BusFreqGet.str1.1
                0x000066fe       0x37 ./simplicity_sdk_2025.6.2/platform/emlib/src/em_i2c.o
 .rodata.i2cNSum
                0x00006735        0x4 ./simplicity_sdk_2025.6.2/platform/emlib/src/em_i2c.o
 .rodata.LDMA_EnableChannelRequest.str1.1
                0x00006739       0xa8 ./simplicity_sdk_2025.6.2/platform/emlib/src/em_ldma.o
 .rodata.RTCC_ChannelInit.str1.1
                0x000067e1       0x38 ./simplicity_sdk_2025.6.2/platform/emlib/src/em_rtcc.o
 .rodata.str1.1
                0x00006819       0x7a ./simplicity_sdk_2025.6.2/platform/peripheral/src/sl_hal_gpio.o
 .rodata.sl_hal_gpio_set_pin_mode.str1.1
                0x00006893       0x41 ./simplicity_sdk_2025.6.2/platform/peripheral/src/sl_hal_gpio.o
 .rodata.CSWTCH.54
                0x000068d4        0x3 ./simplicity_sdk_2025.6.2/platform/peripheral/src/sl_hal_gpio.o
 .rodata.str1.1
                0x000068d7       0x58 ./simplicity_sdk_2025.6.2/platform/service/clock_manager/src/sl_clock_manager_hal_s2.o
                                 0xc8 (size before relaxing)
 .rodata.sli_clock_manager_hal_init.str1.1
                0x0000692f       0x5d ./simplicity_sdk_2025.6.2/platform/service/clock_manager/src/sl_clock_manager_init_hal_s2.o
 .rodata        0x0000698c       0x3c ./simplicity_sdk_2025.6.2/platform/service/clock_manager/src/sl_clock_manager_init_hal_s2.o
 .rodata        0x000069c8        0x8 ./simplicity_sdk_2025.6.2/platform/service/device_init/src/sl_device_init_dcdc_s2.o
 .rodata.SL_BUS_CLOCK_RTCC_VALUE
                0x000069d0        0x4 ./simplicity_sdk_2025.6.2/platform/service/device_manager/clocks/sl_device_clock_efr32xg22.o
                0x000069d0                SL_BUS_CLOCK_RTCC_VALUE
 .rodata.SL_BUS_CLOCK_LFRCO_VALUE
                0x000069d4        0x4 ./simplicity_sdk_2025.6.2/platform/service/device_manager/clocks/sl_device_clock_efr32xg22.o
                0x000069d4                SL_BUS_CLOCK_LFRCO_VALUE
 .rodata.SL_BUS_CLOCK_I2C1_VALUE
                0x000069d8        0x4 ./simplicity_sdk_2025.6.2/platform/service/device_manager/clocks/sl_device_clock_efr32xg22.o
                0x000069d8                SL_BUS_CLOCK_I2C1_VALUE
 .rodata.SL_BUS_CLOCK_I2C0_VALUE
                0x000069dc        0x4 ./simplicity_sdk_2025.6.2/platform/service/device_manager/clocks/sl_device_clock_efr32xg22.o
                0x000069dc                SL_BUS_CLOCK_I2C0_VALUE
 .rodata.SL_BUS_CLOCK_GPIO_VALUE
                0x000069e0        0x4 ./simplicity_sdk_2025.6.2/platform/service/device_manager/clocks/sl_device_clock_efr32xg22.o
                0x000069e0                SL_BUS_CLOCK_GPIO_VALUE
 .rodata.SL_BUS_CLOCK_EUART0_VALUE
                0x000069e4        0x4 ./simplicity_sdk_2025.6.2/platform/service/device_manager/clocks/sl_device_clock_efr32xg22.o
                0x000069e4                SL_BUS_CLOCK_EUART0_VALUE
 .rodata.sl_peripheral_val_rtcc
                0x000069e8        0xc ./simplicity_sdk_2025.6.2/platform/service/device_manager/devices/sl_device_peripheral_hal_efr32xg22.o
                0x000069e8                sl_peripheral_val_rtcc
 .rodata.sl_peripheral_val_euart0
                0x000069f4        0xc ./simplicity_sdk_2025.6.2/platform/service/device_manager/devices/sl_device_peripheral_hal_efr32xg22.o
                0x000069f4                sl_peripheral_val_euart0
 .rodata.sl_interrupt_manager_disable_irq.str1.1
                0x00006a00       0x61 ./simplicity_sdk_2025.6.2/platform/service/interrupt_manager/src/sl_interrupt_manager_cortexm.o
 .rodata.sl_iostream_eusart_init.str1.1
                0x00006a61       0x4e ./simplicity_sdk_2025.6.2/platform/service/iostream/src/sl_iostream_eusart.o
 *fill*         0x00006aaf        0x1 
 .rodata        0x00006ab0       0x40 ./simplicity_sdk_2025.6.2/platform/service/iostream/src/sl_iostream_eusart.o
 .rodata._write.str1.1
                0x00006af0       0x56 ./simplicity_sdk_2025.6.2/platform/service/iostream/src/sl_iostream_retarget_stdio.o
 .rodata.__rx_buffer_full.str1.1
                0x00006b46       0x4c ./simplicity_sdk_2025.6.2/platform/service/iostream/src/sl_iostream_uart.o
 .rodata.str1.1
                0x00006b92       0x4b ./simplicity_sdk_2025.6.2/platform/service/sleeptimer/src/sl_sleeptimer.o
 .rodata        0x00006bdd        0xb ./simplicity_sdk_2025.6.2/platform/service/sleeptimer/src/sl_sleeptimer_hal_rtcc.o
 .rodata.sl_udelay_wait.str1.1
                0x00006be8       0x43 ./simplicity_sdk_2025.6.2/platform/service/udelay/src/sl_udelay.o
 .rodata._svfprintf_r.str1.1
                0x00006c2b       0x11 c:/siliconlabs/simplicitystudio/v5/developer/toolchains/gnu_arm/12.2.rel1_2023.7/bin/../lib/gcc/arm-none-eabi/12.2.1/thumb/v8-m.main+fp/hard\libc_nano.a(libc_a-nano-svfprintf.o)
 .rodata._vfprintf_r.str1.1
                0x00006c3c       0x11 c:/siliconlabs/simplicitystudio/v5/developer/toolchains/gnu_arm/12.2.rel1_2023.7/bin/../lib/gcc/arm-none-eabi/12.2.1/thumb/v8-m.main+fp/hard\libc_nano.a(libc_a-nano-vfprintf.o)
 .rodata._printf_i.str1.1
                0x00006c3c       0x22 c:/siliconlabs/simplicitystudio/v5/developer/toolchains/gnu_arm/12.2.rel1_2023.7/bin/../lib/gcc/arm-none-eabi/12.2.1/thumb/v8-m.main+fp/hard\libc_nano.a(libc_a-nano-vfprintf_i.o)
 *(.eh_frame*)
 *fill*         0x00006c5e        0x2 
 .eh_frame      0x00006c60        0x0 c:/siliconlabs/simplicitystudio/v5/developer/toolchains/gnu_arm/12.2.rel1_2023.7/bin/../lib/gcc/arm-none-eabi/12.2.1/thumb/v8-m.main+fp/hard/crtbegin.o

.glue_7         0x00006c60        0x0
 .glue_7        0x00006c60        0x0 linker stubs

.glue_7t        0x00006c60        0x0
 .glue_7t       0x00006c60        0x0 linker stubs

.vfp11_veneer   0x00006c60        0x0
 .vfp11_veneer  0x00006c60        0x0 linker stubs

.v4_bx          0x00006c60        0x0
 .v4_bx         0x00006c60        0x0 linker stubs

.iplt           0x00006c60        0x0
 .iplt          0x00006c60        0x0 c:/siliconlabs/simplicitystudio/v5/developer/toolchains/gnu_arm/12.2.rel1_2023.7/bin/../lib/gcc/arm-none-eabi/12.2.1/thumb/v8-m.main+fp/hard/crtbegin.o

.ARM.extab
 *(.ARM.extab* .gnu.linkonce.armextab.*)
                0x00006c60                __exidx_start = .

.ARM.exidx      0x00006c60        0x8
 *(.ARM.exidx* .gnu.linkonce.armexidx.*)
 .ARM.exidx     0x00006c60        0x8 c:/siliconlabs/simplicitystudio/v5/developer/toolchains/gnu_arm/12.2.rel1_2023.7/bin/../lib/gcc/arm-none-eabi/12.2.1/thumb/v8-m.main+fp/hard/crt0.o
                                 0x10 (size before relaxing)
 .ARM.exidx.text.__udivmoddi4
                0x00006c68        0x0 c:/siliconlabs/simplicitystudio/v5/developer/toolchains/gnu_arm/12.2.rel1_2023.7/bin/../lib/gcc/arm-none-eabi/12.2.1/thumb/v8-m.main+fp/hard\libgcc.a(_udivmoddi4.o)
                                  0x8 (size before relaxing)
                0x00006c68                __exidx_end = .

.copy.table     0x00006c68        0xc
                0x00006c68                . = ALIGN (0x4)
                0x00006c68                __copy_table_start__ = .
                0x00006c68        0x4 LONG 0x6c74 __etext
                0x00006c6c        0x4 LONG 0x200015a8 __data_start__
                0x00006c70        0x4 LONG 0x30 ((__data_end__ - __data_start__) / 0x4)
                0x00006c74                __copy_table_end__ = .

.rel.dyn        0x00006c74        0x0
 .rel.iplt      0x00006c74        0x0 c:/siliconlabs/simplicitystudio/v5/developer/toolchains/gnu_arm/12.2.rel1_2023.7/bin/../lib/gcc/arm-none-eabi/12.2.1/thumb/v8-m.main+fp/hard/crtbegin.o

.zero.table     0x00006c74        0x0
                0x00006c74                . = ALIGN (0x4)
                0x00006c74                __zero_table_start__ = .
                0x00006c74                __zero_table_end__ = .
                0x00006c74                __etext = .

.data           0x200015a8       0xc0 load address 0x00006c74
                0x200015a8                . = ALIGN (0x4)
                0x200015a8                __data_start__ = .
 *(vtable)
 *(SORT_BY_ALIGNMENT(.data*))
 .data.init_hehe
                0x200015a8       0x14 ./autogen/sl_i2cspm_init.o
                0x200015a8                init_hehe
 .data.sl_i2cspm_hehe
                0x200015bc        0x4 ./autogen/sl_i2cspm_init.o
                0x200015bc                sl_i2cspm_hehe
 .data.sl_iostream_instances_info
                0x200015c0        0x4 ./autogen/sl_iostream_handles.o
                0x200015c0                sl_iostream_instances_info
 .data.sl_iostream_instance_vcom_info
                0x200015c4       0x10 ./autogen/sl_iostream_init_eusart_instances.o
                0x200015c4                sl_iostream_instance_vcom_info
 .data.uart_periph_vcom
                0x200015d4       0x14 ./autogen/sl_iostream_init_eusart_instances.o
 .data.SystemCoreClock
                0x200015e8        0x4 ./simplicity_sdk_2025.6.2/platform/Device/SiliconLabs/BGM22/Source/system_bgm22.o
                0x200015e8                SystemCoreClock
 .data.SystemHFRCODPLLClock
                0x200015ec        0x4 ./simplicity_sdk_2025.6.2/platform/Device/SiliconLabs/BGM22/Source/system_bgm22.o
 .data.SystemLFXOClock
                0x200015f0        0x4 ./simplicity_sdk_2025.6.2/platform/Device/SiliconLabs/BGM22/Source/system_bgm22.o
 .data.SystemHFXOClock
                0x200015f4        0x4 ./simplicity_sdk_2025.6.2/platform/Device/SiliconLabs/BGM22/Source/system_bgm22.o
 .data.heap_end.0
                0x200015f8        0x4 ./simplicity_sdk_2025.6.2/platform/service/memory_manager/src/sl_memory_manager_region.o
 .data.__sglue  0x200015fc        0xc c:/siliconlabs/simplicitystudio/v5/developer/toolchains/gnu_arm/12.2.rel1_2023.7/bin/../lib/gcc/arm-none-eabi/12.2.1/thumb/v8-m.main+fp/hard\libc_nano.a(libc_a-findfp.o)
                0x200015fc                __sglue
 .data._impure_ptr
                0x20001608        0x4 c:/siliconlabs/simplicitystudio/v5/developer/toolchains/gnu_arm/12.2.rel1_2023.7/bin/../lib/gcc/arm-none-eabi/12.2.1/thumb/v8-m.main+fp/hard\libc_nano.a(libc_a-impure.o)
                0x20001608                _impure_ptr
 .data._impure_data
                0x2000160c       0x4c c:/siliconlabs/simplicitystudio/v5/developer/toolchains/gnu_arm/12.2.rel1_2023.7/bin/../lib/gcc/arm-none-eabi/12.2.1/thumb/v8-m.main+fp/hard\libc_nano.a(libc_a-impure.o)
                0x2000160c                _impure_data
 .data.hfxo_precision
                0x20001658        0x2 ./simplicity_sdk_2025.6.2/platform/emlib/src/em_cmu.o
 .data.lfxo_precision
                0x2000165a        0x2 ./simplicity_sdk_2025.6.2/platform/emlib/src/em_cmu.o
 .data.cc_disabled
                0x2000165c        0x1 ./simplicity_sdk_2025.6.2/platform/service/sleeptimer/src/sl_sleeptimer_hal_rtcc.o
                0x20001660                . = ALIGN (0x4)
 *fill*         0x2000165d        0x3 
                0x20001660                . = ALIGN (0x4)
                0x20001660                PROVIDE (__preinit_array_start = .)
 *(.preinit_array)
                0x20001660                PROVIDE (__preinit_array_end = .)
                0x20001660                . = ALIGN (0x4)
                0x20001660                PROVIDE (__init_array_start = .)
 *(SORT_BY_NAME(.init_array.*))
 *(.init_array)
 .init_array    0x20001660        0x4 c:/siliconlabs/simplicitystudio/v5/developer/toolchains/gnu_arm/12.2.rel1_2023.7/bin/../lib/gcc/arm-none-eabi/12.2.1/thumb/v8-m.main+fp/hard/crtbegin.o
                0x20001664                PROVIDE (__init_array_end = .)
                0x20001664                . = ALIGN (0x4)
                [!provide]                PROVIDE (__fini_array_start = .)
 *(SORT_BY_NAME(.fini_array.*))
 *(.fini_array)
 .fini_array    0x20001664        0x4 c:/siliconlabs/simplicitystudio/v5/developer/toolchains/gnu_arm/12.2.rel1_2023.7/bin/../lib/gcc/arm-none-eabi/12.2.1/thumb/v8-m.main+fp/hard/crtbegin.o
                [!provide]                PROVIDE (__fini_array_end = .)
                0x20001668                . = ALIGN (0x4)
                0x20001668                __data_end__ = .
                0x20008000                heap_limit = (ORIGIN (RAM) + LENGTH (RAM))
                0x00006998                heap_size = (heap_limit - __HeapBase)

.tm_clone_table
                0x20001668        0x0 load address 0x00006d34
 .tm_clone_table
                0x20001668        0x0 c:/siliconlabs/simplicitystudio/v5/developer/toolchains/gnu_arm/12.2.rel1_2023.7/bin/../lib/gcc/arm-none-eabi/12.2.1/thumb/v8-m.main+fp/hard/crtbegin.o
 .tm_clone_table
                0x20001668        0x0 c:/siliconlabs/simplicitystudio/v5/developer/toolchains/gnu_arm/12.2.rel1_2023.7/bin/../lib/gcc/arm-none-eabi/12.2.1/thumb/v8-m.main+fp/hard/crtend.o

.igot.plt       0x20001668        0x0 load address 0x00006d34
 .igot.plt      0x20001668        0x0 c:/siliconlabs/simplicitystudio/v5/developer/toolchains/gnu_arm/12.2.rel1_2023.7/bin/../lib/gcc/arm-none-eabi/12.2.1/thumb/v8-m.main+fp/hard/crtbegin.o
