Archive member included to satisfy reference by file (symbol)

c:/siliconlabs/simplicitystudio/v5/developer/toolchains/gnu_arm/12.2.rel1_2023.7/bin/../lib/gcc/arm-none-eabi/12.2.1/thumb/v8-m.main+fp/hard\libgcc.a(_aeabi_ldivmod.o)
                              ./simplicity_sdk_2025.6.2/platform/emlib/src/em_eusart.o (__aeabi_ldivmod)
c:/siliconlabs/simplicitystudio/v5/developer/toolchains/gnu_arm/12.2.rel1_2023.7/bin/../lib/gcc/arm-none-eabi/12.2.1/thumb/v8-m.main+fp/hard\libgcc.a(_aeabi_uldivmod.o)
                              ./simplicity_sdk_2025.6.2/platform/emlib/src/em_eusart.o (__aeabi_uldivmod)
c:/siliconlabs/simplicitystudio/v5/developer/toolchains/gnu_arm/12.2.rel1_2023.7/bin/../lib/gcc/arm-none-eabi/12.2.1/thumb/v8-m.main+fp/hard\libgcc.a(_udivmoddi4.o)
                              c:/siliconlabs/simplicitystudio/v5/developer/toolchains/gnu_arm/12.2.rel1_2023.7/bin/../lib/gcc/arm-none-eabi/12.2.1/thumb/v8-m.main+fp/hard\libgcc.a(_aeabi_ldivmod.o) (__udivmoddi4)
c:/siliconlabs/simplicitystudio/v5/developer/toolchains/gnu_arm/12.2.rel1_2023.7/bin/../lib/gcc/arm-none-eabi/12.2.1/thumb/v8-m.main+fp/hard\libgcc.a(_dvmd_tls.o)
                              c:/siliconlabs/simplicitystudio/v5/developer/toolchains/gnu_arm/12.2.rel1_2023.7/bin/../lib/gcc/arm-none-eabi/12.2.1/thumb/v8-m.main+fp/hard\libgcc.a(_aeabi_ldivmod.o) (__aeabi_ldiv0)
c:/siliconlabs/simplicitystudio/v5/developer/toolchains/gnu_arm/12.2.rel1_2023.7/bin/../lib/gcc/arm-none-eabi/12.2.1/thumb/v8-m.main+fp/hard\libc_nano.a(libc_a-exit.o)
                              c:/siliconlabs/simplicitystudio/v5/developer/toolchains/gnu_arm/12.2.rel1_2023.7/bin/../lib/gcc/arm-none-eabi/12.2.1/thumb/v8-m.main+fp/hard/crt0.o (exit)
c:/siliconlabs/simplicitystudio/v5/developer/toolchains/gnu_arm/12.2.rel1_2023.7/bin/../lib/gcc/arm-none-eabi/12.2.1/thumb/v8-m.main+fp/hard\libc_nano.a(libc_a-ctype_.o)
                              ./simplicity_sdk_2025.6.2/platform/common/src/sl_string.o (_ctype_)
c:/siliconlabs/simplicitystudio/v5/developer/toolchains/gnu_arm/12.2.rel1_2023.7/bin/../lib/gcc/arm-none-eabi/12.2.1/thumb/v8-m.main+fp/hard\libc_nano.a(libc_a-findfp.o)
                              c:/siliconlabs/simplicitystudio/v5/developer/toolchains/gnu_arm/12.2.rel1_2023.7/bin/../lib/gcc/arm-none-eabi/12.2.1/thumb/v8-m.main+fp/hard\libc_nano.a(libc_a-exit.o) (__stdio_exit_handler)
c:/siliconlabs/simplicitystudio/v5/developer/toolchains/gnu_arm/12.2.rel1_2023.7/bin/../lib/gcc/arm-none-eabi/12.2.1/thumb/v8-m.main+fp/hard\libc_nano.a(libc_a-fwalk.o)
                              c:/siliconlabs/simplicitystudio/v5/developer/toolchains/gnu_arm/12.2.rel1_2023.7/bin/../lib/gcc/arm-none-eabi/12.2.1/thumb/v8-m.main+fp/hard\libc_nano.a(libc_a-findfp.o) (_fwalk_sglue)
c:/siliconlabs/simplicitystudio/v5/developer/toolchains/gnu_arm/12.2.rel1_2023.7/bin/../lib/gcc/arm-none-eabi/12.2.1/thumb/v8-m.main+fp/hard\libc_nano.a(libc_a-printf.o)
                              ./rtc.o (printf)
c:/siliconlabs/simplicitystudio/v5/developer/toolchains/gnu_arm/12.2.rel1_2023.7/bin/../lib/gcc/arm-none-eabi/12.2.1/thumb/v8-m.main+fp/hard\libc_nano.a(libc_a-stdio.o)
                              c:/siliconlabs/simplicitystudio/v5/developer/toolchains/gnu_arm/12.2.rel1_2023.7/bin/../lib/gcc/arm-none-eabi/12.2.1/thumb/v8-m.main+fp/hard\libc_nano.a(libc_a-findfp.o) (__sread)
c:/siliconlabs/simplicitystudio/v5/developer/toolchains/gnu_arm/12.2.rel1_2023.7/bin/../lib/gcc/arm-none-eabi/12.2.1/thumb/v8-m.main+fp/hard\libc_nano.a(libc_a-vprintf.o)
                              ./simplicity_sdk_2025.6.2/platform/service/iostream/src/sl_iostream.o (vprintf)
c:/siliconlabs/simplicitystudio/v5/developer/toolchains/gnu_arm/12.2.rel1_2023.7/bin/../lib/gcc/arm-none-eabi/12.2.1/thumb/v8-m.main+fp/hard\libc_nano.a(libc_a-memset.o)
                              c:/siliconlabs/simplicitystudio/v5/developer/toolchains/gnu_arm/12.2.rel1_2023.7/bin/../lib/gcc/arm-none-eabi/12.2.1/thumb/v8-m.main+fp/hard/crt0.o (memset)
c:/siliconlabs/simplicitystudio/v5/developer/toolchains/gnu_arm/12.2.rel1_2023.7/bin/../lib/gcc/arm-none-eabi/12.2.1/thumb/v8-m.main+fp/hard\libc_nano.a(libc_a-closer.o)
                              c:/siliconlabs/simplicitystudio/v5/developer/toolchains/gnu_arm/12.2.rel1_2023.7/bin/../lib/gcc/arm-none-eabi/12.2.1/thumb/v8-m.main+fp/hard\libc_nano.a(libc_a-stdio.o) (_close_r)
c:/siliconlabs/simplicitystudio/v5/developer/toolchains/gnu_arm/12.2.rel1_2023.7/bin/../lib/gcc/arm-none-eabi/12.2.1/thumb/v8-m.main+fp/hard\libc_nano.a(libc_a-reent.o)
                              c:/siliconlabs/simplicitystudio/v5/developer/toolchains/gnu_arm/12.2.rel1_2023.7/bin/../lib/gcc/arm-none-eabi/12.2.1/thumb/v8-m.main+fp/hard\libc_nano.a(libc_a-closer.o) (errno)
c:/siliconlabs/simplicitystudio/v5/developer/toolchains/gnu_arm/12.2.rel1_2023.7/bin/../lib/gcc/arm-none-eabi/12.2.1/thumb/v8-m.main+fp/hard\libc_nano.a(libc_a-impure.o)
[...]
Memory Configuration

Name             Origin             Length             Attributes
FLASH            0x08000000         0x0017e000         xr
RAM              0x20000000         0x00040000         xrw
*default*        0x00000000         0xffffffff

Linker script and memory map

LOAD c:/siliconlabs/simplicitystudio/v5/developer/toolchains/gnu_arm/12.2.rel1_2023.7/bin/../lib/gcc/arm-none-eabi/12.2.1/thumb/v8-m.main+fp/hard/crti.o
LOAD c:/siliconlabs/simplicitystudio/v5/developer/toolchains/gnu_arm/12.2.rel1_2023.7/bin/../lib/gcc/arm-none-eabi/12.2.1/thumb/v8-m.main+fp/hard/crtbegin.o
LOAD c:/siliconlabs/simplicitystudio/v5/developer/toolchains/gnu_arm/12.2.rel1_2023.7/bin/../lib/gcc/arm-none-eabi/12.2.1/thumb/v8-m.main+fp/hard/crt0.o
START GROUP
LOAD ./app.o
LOAD ./main.o
LOAD ./rtc.o
LOAD ./autogen/sl_board_default_init.o
LOAD ./autogen/sl_event_handler.o
LOAD ./autogen/sl_i2cspm_init.o
LOAD ./autogen/sl_iostream_handles.o
LOAD ./autogen/sl_iostream_init_eusart_instances.o
LOAD ./simplicity_sdk_2025.6.2/hardware/board/src/sl_board_control_gpio.o
LOAD ./simplicity_sdk_2025.6.2/hardware/board/src/sl_board_init.o
LOAD ./simplicity_sdk_2025.6.2/hardware/driver/configuration_over_swo/src/sl_cos.o
LOAD ./simplicity_sdk_2025.6.2/platform/Device/SiliconLabs/EFR32MG24/Source/startup_efr32mg24.o
LOAD ./simplicity_sdk_2025.6.2/platform/Device/SiliconLabs/EFR32MG24/Source/system_efr32mg24.o
LOAD ./simplicity_sdk_2025.6.2/platform/common/src/sl_assert.o
LOAD ./simplicity_sdk_2025.6.2/platform/common/src/sl_core_cortexm.o
LOAD ./simplicity_sdk_2025.6.2/platform/common/src/sl_slist.o
LOAD ./simplicity_sdk_2025.6.2/platform/common/src/sl_string.o
LOAD ./simplicity_sdk_2025.6.2/platform/common/src/sl_syscalls.o
LOAD ./simplicity_sdk_2025.6.2/platform/driver/debug/src/sl_debug_swo.o
LOAD ./simplicity_sdk_2025.6.2/platform/driver/gpio/src/sl_gpio.o
LOAD ./simplicity_sdk_2025.6.2/platform/driver/i2cspm/src/sl_i2cspm.o
LOAD ./simplicity_sdk_2025.6.2/platform/emdrv/dmadrv/src/dmadrv.o
LOAD ./simplicity_sdk_2025.6.2/platform/emlib/src/em_burtc.o
LOAD ./simplicity_sdk_2025.6.2/platform/emlib/src/em_cmu.o
LOAD ./simplicity_sdk_2025.6.2/platform/emlib/src/em_emu.o
LOAD ./simplicity_sdk_2025.6.2/platform/emlib/src/em_eusart.o
LOAD ./simplicity_sdk_2025.6.2/platform/emlib/src/em_gpio.o
LOAD ./simplicity_sdk_2025.6.2/platform/emlib/src/em_i2c.o
LOAD ./simplicity_sdk_2025.6.2/platform/emlib/src/em_ldma.o
LOAD ./simplicity_sdk_2025.6.2/platform/emlib/src/em_msc.o
LOAD ./simplicity_sdk_2025.6.2/platform/emlib/src/em_prs.o
LOAD ./simplicity_sdk_2025.6.2/platform/emlib/src/em_system.o
LOAD ./simplicity_sdk_2025.6.2/platform/emlib/src/em_timer.o
LOAD ./simplicity_sdk_2025.6.2/platform/peripheral/src/sl_hal_eusart.o
LOAD ./simplicity_sdk_2025.6.2/platform/peripheral/src/sl_hal_gpio.o
LOAD ./simplicity_sdk_2025.6.2/platform/peripheral/src/sl_hal_prs.o
LOAD ./simplicity_sdk_2025.6.2/platform/peripheral/src/sl_hal_sysrtc.o
LOAD ./simplicity_sdk_2025.6.2/platform/service/clock_manager/src/sl_clock_manager.o
LOAD ./simplicity_sdk_2025.6.2/platform/service/clock_manager/src/sl_clock_manager_hal_s2.o
LOAD ./simplicity_sdk_2025.6.2/platform/service/clock_manager/src/sl_clock_manager_init.o
LOAD ./simplicity_sdk_2025.6.2/platform/service/clock_manager/src/sl_clock_manager_init_hal_s2.o
LOAD ./simplicity_sdk_2025.6.2/platform/service/device_init/src/sl_device_init_dcdc_s2.o
LOAD ./simplicity_sdk_2025.6.2/platform/service/device_init/src/sl_device_init_emu_s2.o
LOAD ./simplicity_sdk_2025.6.2/platform/service/device_manager/clocks/sl_device_clock_efr32xg24.o
LOAD ./simplicity_sdk_2025.6.2/platform/service/device_manager/devices/sl_device_peripheral_hal_efr32xg24.o
LOAD ./simplicity_sdk_2025.6.2/platform/service/device_manager/src/sl_device_clock.o
LOAD ./simplicity_sdk_2025.6.2/platform/service/device_manager/src/sl_device_gpio.o
LOAD ./simplicity_sdk_2025.6.2/platform/service/device_manager/src/sl_device_peripheral.o
LOAD ./simplicity_sdk_2025.6.2/platform/service/interrupt_manager/src/sl_interrupt_manager_cortexm.o
LOAD ./simplicity_sdk_2025.6.2/platform/service/iostream/src/sl_iostream.o
LOAD ./simplicity_sdk_2025.6.2/platform/service/iostream/src/sl_iostream_eusart.o
LOAD ./simplicity_sdk_2025.6.2/platform/service/iostream/src/sl_iostream_retarget_stdio.o
LOAD ./simplicity_sdk_2025.6.2/platform/service/iostream/src/sl_iostream_uart.o
LOAD ./simplicity_sdk_2025.6.2/platform/service/memory_manager/src/sl_memory_manager_region.o
LOAD ./simplicity_sdk_2025.6.2/platform/service/sl_main/src/sl_main_init.o
LOAD ./simplicity_sdk_2025.6.2/platform/service/sl_main/src/sl_main_init_memory.o
LOAD ./simplicity_sdk_2025.6.2/platform/service/sl_main/src/sl_main_process_action.o
LOAD ./simplicity_sdk_2025.6.2/platform/service/sleeptimer/src/sl_sleeptimer.o
LOAD ./simplicity_sdk_2025.6.2/platform/service/sleeptimer/src/sl_sleeptimer_hal_burtc.o
LOAD ./simplicity_sdk_2025.6.2/platform/service/sleeptimer/src/sl_sleeptimer_hal_sysrtc.o
LOAD ./simplicity_sdk_2025.6.2/platform/service/sleeptimer/src/sl_sleeptimer_hal_timer.o
LOAD ./simplicity_sdk_2025.6.2/platform/service/udelay/src/sl_udelay.o
LOAD ./simplicity_sdk_2025.6.2/platform/service/udelay/src/sl_udelay_armv6m_gcc.o
LOAD c:/siliconlabs/simplicitystudio/v5/developer/toolchains/gnu_arm/12.2.rel1_2023.7/bin/../lib/gcc/arm-none-eabi/12.2.1/thumb/v8-m.main+fp/hard\libgcc.a
LOAD c:/siliconlabs/simplicitystudio/v5/developer/toolchains/gnu_arm/12.2.rel1_2023.7/bin/../lib/gcc/arm-none-eabi/12.2.1/thumb/v8-m.main+fp/hard\libc_nano.a
LOAD c:/siliconlabs/simplicitystudio/v5/developer/toolchains/gnu_arm/12.2.rel1_2023.7/bin/../lib/gcc/arm-none-eabi/12.2.1/thumb/v8-m.main+fp/hard\libm.a
LOAD c:/siliconlabs/simplicitystudio/v5/developer/toolchains/gnu_arm/12.2.rel1_2023.7/bin/../lib/gcc/arm-none-eabi/12.2.1/thumb/v8-m.main+fp/hard\libnosys.a
END GROUP
START GROUP
LOAD c:/siliconlabs/simplicitystudio/v5/developer/toolchains/gnu_arm/12.2.rel1_2023.7/bin/../lib/gcc/arm-none-eabi/12.2.1/thumb/v8-m.main+fp/hard\libgcc.a
LOAD c:/siliconlabs/simplicitystudio/v5/developer/toolchains/gnu_arm/12.2.rel1_2023.7/bin/../lib/gcc/arm-none-eabi/12.2.1/thumb/v8-m.main+fp/hard\libc_nano.a
LOAD c:/siliconlabs/simplicitystudio/v5/developer/toolchains/gnu_arm/12.2.rel1_2023.7/bin/../lib/gcc/arm-none-eabi/12.2.1/thumb/v8-m.main+fp/hard\libnosys.a
END GROUP
START GROUP
LOAD c:/siliconlabs/simplicitystudio/v5/developer/toolchains/gnu_arm/12.2.rel1_2023.7/bin/../lib/gcc/arm-none-eabi/12.2.1/thumb/v8-m.main+fp/hard\libgcc.a
LOAD c:/siliconlabs/simplicitystudio/v5/developer/toolchains/gnu_arm/12.2.rel1_2023.7/bin/../lib/gcc/arm-none-eabi/12.2.1/thumb/v8-m.main+fp/hard\libg_nano.a
LOAD c:/siliconlabs/simplicitystudio/v5/developer/toolchains/gnu_arm/12.2.rel1_2023.7/bin/../lib/gcc/arm-none-eabi/12.2.1/thumb/v8-m.main+fp/hard\libc_nano.a
END GROUP
START GROUP
LOAD c:/siliconlabs/simplicitystudio/v5/developer/toolchains/gnu_arm/12.2.rel1_2023.7/bin/../lib/gcc/arm-none-eabi/12.2.1/thumb/v8-m.main+fp/hard\libgcc.a
LOAD c:/siliconlabs/simplicitystudio/v5/developer/toolchains/gnu_arm/12.2.rel1_2023.7/bin/../lib/gcc/arm-none-eabi/12.2.1/thumb/v8-m.main+fp/hard\libc_nano.a
END GROUP
LOAD c:/siliconlabs/simplicitystudio/v5/developer/toolchains/gnu_arm/12.2.rel1_2023.7/bin/../lib/gcc/arm-none-eabi/12.2.1/thumb/v8-m.main+fp/hard/crtend.o
LOAD c:/siliconlabs/simplicitystudio/v5/developer/toolchains/gnu_arm/12.2.rel1_2023.7/bin/../lib/gcc/arm-none-eabi/12.2.1/thumb/v8-m.main+fp/hard/crtn.o

.vectors        0x08000000      0x170
                0x08000000                linker_vectors_begin = .
 *(.vectors)
 .vectors       0x08000000      0x170 ./simplicity_sdk_2025.6.2/platform/Device/SiliconLabs/EFR32MG24/Source/startup_efr32mg24.o
                0x08000000                __Vectors
                0x08000170                linker_vectors_end = .
                0x08000170                __Vectors_End = .
                0x08000170                __Vectors_Size = (__Vectors_End - __Vectors)

.stack          0x20000000     0x1000
                0x20000000                . = ALIGN (0x8)
                0x20000000                __StackLimit = .
 *(.stack*)
 .stack         0x20000000     0x1000 ./simplicity_sdk_2025.6.2/platform/service/memory_manager/src/sl_memory_manager_region.o
                0x20001000                . = ALIGN (0x4)
                0x20001000                __StackTop = .
                0x20001000                PROVIDE (__stack = __StackTop)

.bss            0x20001000      0x57c
                0x20001000                . = ALIGN (0x4)
                0x20001000                __bss_start__ = .
 *(SORT_BY_ALIGNMENT(.bss*))
 .bss.object.0  0x20001000       0x18 c:/siliconlabs/simplicitystudio/v5/developer/toolchains/gnu_arm/12.2.rel1_2023.7/bin/../lib/gcc/arm-none-eabi/12.2.1/thumb/v8-m.main+fp/hard/crtbegin.o
 .bss.sl_iostream_recommended_console_stream
                0x20001018        0x4 ./autogen/sl_iostream_handles.o
                0x20001018                sl_iostream_recommended_console_stream
 .bss.context_vcom
                0x2000101c       0xb4 ./autogen/sl_iostream_init_eusart_instances.o
 .bss.sl_iostream_vcom
                0x200010d0       0x1c ./autogen/sl_iostream_init_eusart_instances.o
 .bss.gpio_interrupts
                0x200010ec      0x168 ./simplicity_sdk_2025.6.2/platform/driver/gpio/src/sl_gpio.o
 .bss.dmaXfer   0x20001254      0x100 ./simplicity_sdk_2025.6.2/platform/emdrv/dmadrv/src/dmadrv.o
 .bss.chTable   0x20001354       0x80 ./simplicity_sdk_2025.6.2/platform/emdrv/dmadrv/src/dmadrv.o
 .bss.i2cTransfer
                0x200013d4       0x18 ./simplicity_sdk_2025.6.2/platform/emlib/src/em_i2c.o
 .bss.sli_iostream_default
                0x200013ec        0x4 ./simplicity_sdk_2025.6.2/platform/service/iostream/src/sl_iostream.o
 .bss.max_millisecond_conversion
                0x200013f0        0x4 ./simplicity_sdk_2025.6.2/platform/service/sleeptimer/src/sl_sleeptimer.o
 .bss.last_delta_update_count
                0x200013f4        0x4 ./simplicity_sdk_2025.6.2/platform/service/sleeptimer/src/sl_sleeptimer.o
 .bss.timer_head
                0x200013f8        0x4 ./simplicity_sdk_2025.6.2/platform/service/sleeptimer/src/sl_sleeptimer.o
 .bss.timer_frequency
                0x200013fc        0x4 ./simplicity_sdk_2025.6.2/platform/service/sleeptimer/src/sl_sleeptimer.o
 .bss.overflow_counter
                0x20001400        0x4 ./simplicity_sdk_2025.6.2/platform/service/sleeptimer/src/sl_sleeptimer.o
 .bss.__sf      0x20001404      0x138 c:/siliconlabs/simplicitystudio/v5/developer/toolchains/gnu_arm/12.2.rel1_2023.7/bin/../lib/gcc/arm-none-eabi/12.2.1/thumb/v8-m.main+fp/hard\libc_nano.a(libc_a-findfp.o)
                0x20001404                __sf
 .bss.__stdio_exit_handler
                0x2000153c        0x4 c:/siliconlabs/simplicitystudio/v5/developer/toolchains/gnu_arm/12.2.rel1_2023.7/bin/../lib/gcc/arm-none-eabi/12.2.1/thumb/v8-m.main+fp/hard\libc_nano.a(libc_a-findfp.o)
                0x2000153c                __stdio_exit_handler
 .bss.errno     0x20001540        0x4 c:/siliconlabs/simplicitystudio/v5/developer/toolchains/gnu_arm/12.2.rel1_2023.7/bin/../lib/gcc/arm-none-eabi/12.2.1/thumb/v8-m.main+fp/hard\libc_nano.a(libc_a-reent.o)
                0x20001540                errno
 .bss.__malloc_sbrk_start
                0x20001544        0x4 c:/siliconlabs/simplicitystudio/v5/developer/toolchains/gnu_arm/12.2.rel1_2023.7/bin/../lib/gcc/arm-none-eabi/12.2.1/thumb/v8-m.main+fp/hard\libc_nano.a(libc_a-mallocr.o)
                0x20001544                __malloc_sbrk_start
 .bss.__malloc_free_list
                0x20001548        0x4 c:/siliconlabs/simplicitystudio/v5/developer/toolchains/gnu_arm/12.2.rel1_2023.7/bin/../lib/gcc/arm-none-eabi/12.2.1/thumb/v8-m.main+fp/hard\libc_nano.a(libc_a-mallocr.o)
                0x20001548                __malloc_free_list
 .bss.completed.1
                0x2000154c        0x1 c:/siliconlabs/simplicitystudio/v5/developer/toolchains/gnu_arm/12.2.rel1_2023.7/bin/../lib/gcc/arm-none-eabi/12.2.1/thumb/v8-m.main+fp/hard/crtbegin.o
 .bss.reg_sec_auto
                0x2000154d        0x1 ./rtc.o
                0x2000154d                reg_sec_auto
 .bss.rx_buffer_vcom
                0x2000154e       0x20 ./autogen/sl_iostream_init_eusart_instances.o
 .bss.initialized
                0x2000156e        0x1 ./simplicity_sdk_2025.6.2/platform/emdrv/dmadrv/src/dmadrv.o
 .bss.pclkDiv   0x2000156f        0x1 ./simplicity_sdk_2025.6.2/platform/emlib/src/em_cmu.o
 .bss.vScaleEM01Config
                0x20001570        0x1 ./simplicity_sdk_2025.6.2/platform/emlib/src/em_emu.o
 .bss.dali_rx_nb_packets
                0x20001571        0x2 ./simplicity_sdk_2025.6.2/platform/emlib/src/em_eusart.o
 .bss.dali_tx_nb_packets
                0x20001573        0x2 ./simplicity_sdk_2025.6.2/platform/emlib/src/em_eusart.o
 .bss.is_interrupt_manager_initialized
                0x20001575        0x1 ./simplicity_sdk_2025.6.2/platform/service/interrupt_manager/src/sl_interrupt_manager_cortexm.o
 .bss.null_byte
                0x20001576        0x1 ./simplicity_sdk_2025.6.2/platform/service/iostream/src/sl_iostream_uart.o
 .bss.sleep_on_isr_exit
                0x20001577        0x1 ./simplicity_sdk_2025.6.2/platform/service/sleeptimer/src/sl_sleeptimer.o
 .bss.next_timer_to_expire_is_power_manager
                0x20001578        0x1 ./simplicity_sdk_2025.6.2/platform/service/sleeptimer/src/sl_sleeptimer.o
 .bss.is_sleeptimer_initialized
                0x20001579        0x1 ./simplicity_sdk_2025.6.2/platform/service/sleeptimer/src/sl_sleeptimer.o
 .bss.__lock___malloc_recursive_mutex
                0x2000157a        0x1 c:/siliconlabs/simplicitystudio/v5/developer/toolchains/gnu_arm/12.2.rel1_2023.7/bin/../lib/gcc/arm-none-eabi/12.2.1/thumb/v8-m.main+fp/hard\libc_nano.a(libc_a-lock.o)
                0x2000157a                __lock___malloc_recursive_mutex
 .bss.__lock___sfp_recursive_mutex
                0x2000157b        0x1 c:/siliconlabs/simplicitystudio/v5/developer/toolchains/gnu_arm/12.2.rel1_2023.7/bin/../lib/gcc/arm-none-eabi/12.2.1/thumb/v8-m.main+fp/hard\libc_nano.a(libc_a-lock.o)
                0x2000157b                __lock___sfp_recursive_mutex
 *(COMMON)
                0x2000157c                . = ALIGN (0x4)
                0x2000157c                __bss_end__ = .

.noinit
 *(.noinit*)

text_application_ram
                0x2000157c        0x0 load address 0x08000170
                0x2000157c                . = ALIGN (0x4)
                0x2000157c                __vma_ramfuncs_start__ = .
                0x2000157c                __text_application_ram_start__ = .
 *(text_application_ram)
                0x2000157c                . = ALIGN (0x4)
                0x2000157c                __vma_ramfuncs_end__ = .
                0x2000157c                __text_application_ram_end__ = .
                0x08000170                __lma_ramfuncs_start__ = LOADADDR (text_application_ram)
                0x08000170                __lma_ramfuncs_end__ = (LOADADDR (text_application_ram) + SIZEOF (text_application_ram))

.rodata         0x08000170        0x0
                0x08000170                __rodata_end__ = .

.text           0x08000170     0x6d2c
                0x08000170                linker_code_begin = .
 *(SORT_BY_ALIGNMENT(.text*))
 .text          0x08000170        0x8 ./simplicity_sdk_2025.6.2/platform/service/udelay/src/sl_udelay_armv6m_gcc.o
                0x08000170                sli_delay_loop
 .text.deregister_tm_clones
                0x08000178       0x1c c:/siliconlabs/simplicitystudio/v5/developer/toolchains/gnu_arm/12.2.rel1_2023.7/bin/../lib/gcc/arm-none-eabi/12.2.1/thumb/v8-m.main+fp/hard/crtbegin.o
 .text.register_tm_clones
                0x08000194       0x28 c:/siliconlabs/simplicitystudio/v5/developer/toolchains/gnu_arm/12.2.rel1_2023.7/bin/../lib/gcc/arm-none-eabi/12.2.1/thumb/v8-m.main+fp/hard/crtbegin.o
 .text.__do_global_dtors_aux
                0x080001bc       0x28 c:/siliconlabs/simplicitystudio/v5/developer/toolchains/gnu_arm/12.2.rel1_2023.7/bin/../lib/gcc/arm-none-eabi/12.2.1/thumb/v8-m.main+fp/hard/crtbegin.o
 .text.frame_dummy
                0x080001e4       0x24 c:/siliconlabs/simplicitystudio/v5/developer/toolchains/gnu_arm/12.2.rel1_2023.7/bin/../lib/gcc/arm-none-eabi/12.2.1/thumb/v8-m.main+fp/hard/crtbegin.o
 .text          0x08000208       0x7c c:/siliconlabs/simplicitystudio/v5/developer/toolchains/gnu_arm/12.2.rel1_2023.7/bin/../lib/gcc/arm-none-eabi/12.2.1/thumb/v8-m.main+fp/hard/crt0.o
                0x08000208                _stack_init
                0x08000210                _start
                0x08000210                _mainCRTStartup
 .text.Rtc_SetTime
                0x08000284       0x74 ./rtc.o
                0x08000284                Rtc_SetTime
 .text.Rtc_ReadTime
                0x080002f8       0x80 ./rtc.o
                0x080002f8                Rtc_ReadTime
 .text.sl_i2cspm_init_instances
                0x08000378       0x1c ./autogen/sl_i2cspm_init.o
                0x08000378                sl_i2cspm_init_instances
 .text.sl_iostream_set_console_instance
                0x08000394       0x24 ./autogen/sl_iostream_handles.o
                0x08000394                sl_iostream_set_console_instance
 .text.sl_iostream_eusart_init_vcom
                0x080003b8       0xb0 ./autogen/sl_iostream_init_eusart_instances.o
                0x080003b8                sl_iostream_eusart_init_vcom
 .text.EUSART0_RX_IRQHandler
                0x08000468        0xc ./autogen/sl_iostream_init_eusart_instances.o
                0x08000468                EUSART0_RX_IRQHandler
 .text.sl_board_init
                0x08000474       0x14 ./simplicity_sdk_2025.6.2/hardware/board/src/sl_board_init.o
                0x08000474                sl_board_init
 .text.sl_board_preinit
                0x08000488        0xc ./simplicity_sdk_2025.6.2/hardware/board/src/sl_board_init.o
                0x08000488                sl_board_preinit
 .text.CopyToRam
                0x08000494       0x1c ./simplicity_sdk_2025.6.2/platform/Device/SiliconLabs/EFR32MG24/Source/startup_efr32mg24.o
                0x08000494                CopyToRam
 .text.Reset_Handler
                0x080004b0       0x6c ./simplicity_sdk_2025.6.2/platform/Device/SiliconLabs/EFR32MG24/Source/startup_efr32mg24.o
                0x080004b0                Reset_Handler
 .text.SystemInit
                0x0800051c       0x64 ./simplicity_sdk_2025.6.2/platform/Device/SiliconLabs/EFR32MG24/Source/system_efr32mg24.o
                0x0800051c                SystemInit
 .text.SystemHFRCODPLLClockSet
                0x08000580        0xc ./simplicity_sdk_2025.6.2/platform/Device/SiliconLabs/EFR32MG24/Source/system_efr32mg24.o
                0x08000580                SystemHFRCODPLLClockSet
 .text.SystemHFXOClockSet
                0x0800058c       0x20 ./simplicity_sdk_2025.6.2/platform/Device/SiliconLabs/EFR32MG24/Source/system_efr32mg24.o
                0x0800058c                SystemHFXOClockSet
 .text.sl_slist_push_back
                0x080005ac       0x24 ./simplicity_sdk_2025.6.2/platform/common/src/sl_slist.o
                0x080005ac                sl_slist_push_back
 .text.sl_slist_pop
                0x080005d0       0x20 ./simplicity_sdk_2025.6.2/platform/common/src/sl_slist.o
                0x080005d0                sl_slist_pop
 .text.sl_debug_swo_init
                0x080005f0       0xcc ./simplicity_sdk_2025.6.2/platform/driver/debug/src/sl_debug_swo.o
                0x080005f0                sl_debug_swo_init
 .text.sl_debug_swo_write_u8
                0x080006bc       0x44 ./simplicity_sdk_2025.6.2/platform/driver/debug/src/sl_debug_swo.o
                0x080006bc                sl_debug_swo_write_u8
 .text.sl_gpio_dispatch_interrupt
                0x08000700       0x5c ./simplicity_sdk_2025.6.2/platform/driver/gpio/src/sl_gpio.o
 .text.sl_gpio_init
                0x0800075c       0x38 ./simplicity_sdk_2025.6.2/platform/driver/gpio/src/sl_gpio.o
                0x0800075c                sl_gpio_init
 .text.sl_gpio_set_pin_mode
                0x08000794       0x80 ./simplicity_sdk_2025.6.2/platform/driver/gpio/src/sl_gpio.o
                0x08000794                sl_gpio_set_pin_mode
 .text.sl_gpio_set_pin
                0x08000814       0x58 ./simplicity_sdk_2025.6.2/platform/driver/gpio/src/sl_gpio.o
                0x08000814                sl_gpio_set_pin
 .text.sl_gpio_clear_pin
                0x0800086c       0x5c ./simplicity_sdk_2025.6.2/platform/driver/gpio/src/sl_gpio.o
                0x0800086c                sl_gpio_clear_pin
 .text.GPIO_EVEN_IRQHandler
                0x080008c8       0x20 ./simplicity_sdk_2025.6.2/platform/driver/gpio/src/sl_gpio.o
                0x080008c8                GPIO_EVEN_IRQHandler
 .text.GPIO_ODD_IRQHandler
                0x080008e8       0x20 ./simplicity_sdk_2025.6.2/platform/driver/gpio/src/sl_gpio.o
                0x080008e8                GPIO_ODD_IRQHandler
 .text.I2CSPM_Init
                0x08000908       0xd8 ./simplicity_sdk_2025.6.2/platform/driver/i2cspm/src/sl_i2cspm.o
                0x08000908                I2CSPM_Init
 .text.I2CSPM_Transfer
                0x080009e0       0x20 ./simplicity_sdk_2025.6.2/platform/driver/i2cspm/src/sl_i2cspm.o
                0x080009e0                I2CSPM_Transfer
 .text.StartTransfer
                0x08000a00      0x17c ./simplicity_sdk_2025.6.2/platform/emdrv/dmadrv/src/dmadrv.o
 .text.DMADRV_AllocateChannel
                0x08000b7c       0x60 ./simplicity_sdk_2025.6.2/platform/emdrv/dmadrv/src/dmadrv.o
                0x08000b7c                DMADRV_AllocateChannel
 .text.DMADRV_DeInit
                0x08000bdc       0x44 ./simplicity_sdk_2025.6.2/platform/emdrv/dmadrv/src/dmadrv.o
                0x08000bdc                DMADRV_DeInit
 .text.DMADRV_FreeChannel
                0x08000c20       0x4c ./simplicity_sdk_2025.6.2/platform/emdrv/dmadrv/src/dmadrv.o
                0x08000c20                DMADRV_FreeChannel
 .text.DMADRV_Init
                0x08000c6c       0x68 ./simplicity_sdk_2025.6.2/platform/emdrv/dmadrv/src/dmadrv.o
                0x08000c6c                DMADRV_Init
 .text.DMADRV_LdmaStartTransfer
                0x08000cd4       0x4c ./simplicity_sdk_2025.6.2/platform/emdrv/dmadrv/src/dmadrv.o
                0x08000cd4                DMADRV_LdmaStartTransfer
 .text.DMADRV_PauseTransfer
                0x08000d20       0x40 ./simplicity_sdk_2025.6.2/platform/emdrv/dmadrv/src/dmadrv.o
                0x08000d20                DMADRV_PauseTransfer
 .text.DMADRV_ResumeTransfer
                0x08000d60       0x40 ./simplicity_sdk_2025.6.2/platform/emdrv/dmadrv/src/dmadrv.o
                0x08000d60                DMADRV_ResumeTransfer
 .text.LDMA_IRQHandler
                0x08000da0       0x74 ./simplicity_sdk_2025.6.2/platform/emdrv/dmadrv/src/dmadrv.o
                0x08000da0                LDMA_IRQHandler
 .text.EMU_VScaleGet
                0x08000e14       0x18 ./simplicity_sdk_2025.6.2/platform/emlib/src/em_cmu.o
 .text.dpllRefClkGet
                0x08000e2c       0x48 ./simplicity_sdk_2025.6.2/platform/emlib/src/em_cmu.o
 .text.em23GrpaClkGet
                0x08000e74       0x48 ./simplicity_sdk_2025.6.2/platform/emlib/src/em_cmu.o
 .text.em4GrpaClkGet
                0x08000ebc       0x48 ./simplicity_sdk_2025.6.2/platform/emlib/src/em_cmu.o
 .text.sysrtcClkGet
                0x08000f04       0x48 ./simplicity_sdk_2025.6.2/platform/emlib/src/em_cmu.o
 .text.traceClkGet
                0x08000f4c       0x54 ./simplicity_sdk_2025.6.2/platform/emlib/src/em_cmu.o
 .text.em01GrpaClkGet
                0x08000fa0       0x74 ./simplicity_sdk_2025.6.2/platform/emlib/src/em_cmu.o
 .text.em01GrpcClkGet
                0x08001014       0x70 ./simplicity_sdk_2025.6.2/platform/emlib/src/em_cmu.o
 .text.eusart0ClkGet
                0x08001084       0x74 ./simplicity_sdk_2025.6.2/platform/emlib/src/em_cmu.o
 .text.iadcClkGet
                0x080010f8       0x60 ./simplicity_sdk_2025.6.2/platform/emlib/src/em_cmu.o
 .text.wdog0ClkGet
                0x08001158       0x64 ./simplicity_sdk_2025.6.2/platform/emlib/src/em_cmu.o
 .text.wdog1ClkGet
                0x080011bc       0x64 ./simplicity_sdk_2025.6.2/platform/emlib/src/em_cmu.o
 .text.vdac0ClkGet
                0x08001220       0x70 ./simplicity_sdk_2025.6.2/platform/emlib/src/em_cmu.o
 .text.vdac1ClkGet
                0x08001290       0x70 ./simplicity_sdk_2025.6.2/platform/emlib/src/em_cmu.o
 .text.pcnt0ClkGet
                0x08001300       0x4c ./simplicity_sdk_2025.6.2/platform/emlib/src/em_cmu.o
 .text.HFRCODPLLDevinfoGet
                0x0800134c      0x108 ./simplicity_sdk_2025.6.2/platform/emlib/src/em_cmu.o
 .text.CMU_ClockDivGet
                0x08001454       0x78 ./simplicity_sdk_2025.6.2/platform/emlib/src/em_cmu.o
                0x08001454                CMU_ClockDivGet
 .text.flashWaitStateControl
                0x080014cc       0x58 ./simplicity_sdk_2025.6.2/platform/emlib/src/em_cmu.o
 .text.CMU_ClockEnable
                0x08001524       0x50 ./simplicity_sdk_2025.6.2/platform/emlib/src/em_cmu.o
                0x08001524                CMU_ClockEnable
 .text.CMU_ClockFreqGet
                0x08001574      0x210 ./simplicity_sdk_2025.6.2/platform/emlib/src/em_cmu.o
                0x08001574                CMU_ClockFreqGet
 .text.rhclkPrescOptimize
                0x08001784       0x20 ./simplicity_sdk_2025.6.2/platform/emlib/src/em_cmu.o
 .text.CMU_ClockSelectGet
                0x080017a4      0x208 ./simplicity_sdk_2025.6.2/platform/emlib/src/em_cmu.o
                0x080017a4                CMU_ClockSelectGet
 .text.sli_em_cmu_SYSTICEXTCLKENClear
                0x080019ac       0x30 ./simplicity_sdk_2025.6.2/platform/emlib/src/em_cmu.o
                0x080019ac                sli_em_cmu_SYSTICEXTCLKENClear
 .text.CMU_HFXOInit
                0x080019dc      0x224 ./simplicity_sdk_2025.6.2/platform/emlib/src/em_cmu.o
                0x080019dc                CMU_HFXOInit
 .text.CMU_HFXOCTuneDeltaGet
                0x08001c00        0xc ./simplicity_sdk_2025.6.2/platform/emlib/src/em_cmu.o
                0x08001c00                CMU_HFXOCTuneDeltaGet
 .text.CMU_LFXOInit
                0x08001c0c       0xc4 ./simplicity_sdk_2025.6.2/platform/emlib/src/em_cmu.o
                0x08001c0c                CMU_LFXOInit
 .text.CMU_LFXOPrecisionSet
                0x08001cd0        0xc ./simplicity_sdk_2025.6.2/platform/emlib/src/em_cmu.o
                0x08001cd0                CMU_LFXOPrecisionSet
 .text.CMU_HFXOPrecisionSet
                0x08001cdc        0xc ./simplicity_sdk_2025.6.2/platform/emlib/src/em_cmu.o
                0x08001cdc                CMU_HFXOPrecisionSet
 .text.CMU_LFRCOSetPrecision
                0x08001ce8       0x80 ./simplicity_sdk_2025.6.2/platform/emlib/src/em_cmu.o
                0x08001ce8                CMU_LFRCOSetPrecision
 .text.CMU_ClockDivSet
                0x08001d68      0x12c ./simplicity_sdk_2025.6.2/platform/emlib/src/em_cmu.o
                0x08001d68                CMU_ClockDivSet
 .text.sli_em_cmu_SYSCLKInitPreClockSelect
                0x08001e94       0x30 ./simplicity_sdk_2025.6.2/platform/emlib/src/em_cmu.o
                0x08001e94                sli_em_cmu_SYSCLKInitPreClockSelect
 .text.pclkDivOptimize
                0x08001ec4       0x24 ./simplicity_sdk_2025.6.2/platform/emlib/src/em_cmu.o
 .text.sli_em_cmu_SYSCLKInitPostClockSelect
                0x08001ee8       0x40 ./simplicity_sdk_2025.6.2/platform/emlib/src/em_cmu.o
                0x08001ee8                sli_em_cmu_SYSCLKInitPostClockSelect
 .text.CMU_HFRCODPLLBandSet
                0x08001f28      0x11c ./simplicity_sdk_2025.6.2/platform/emlib/src/em_cmu.o
                0x08001f28                CMU_HFRCODPLLBandSet
 .text.CMU_HFRCOEM23BandSet
                0x08002044      0x168 ./simplicity_sdk_2025.6.2/platform/emlib/src/em_cmu.o
                0x08002044                CMU_HFRCOEM23BandSet
 .text.EMU_DCDCSync
                0x080021ac       0x10 ./simplicity_sdk_2025.6.2/platform/emlib/src/em_emu.o
 .text.EMU_EM4Init
                0x080021bc       0x14 ./simplicity_sdk_2025.6.2/platform/emlib/src/em_emu.o
                0x080021bc                EMU_EM4Init
 .text.EMU_VScaleEM01
                0x080021d0       0xa8 ./simplicity_sdk_2025.6.2/platform/emlib/src/em_emu.o
                0x080021d0                EMU_VScaleEM01
 .text.EMU_VScaleEM01ByClock
                0x08002278       0x30 ./simplicity_sdk_2025.6.2/platform/emlib/src/em_emu.o
                0x08002278                EMU_VScaleEM01ByClock
 .text.EMU_DCDCModeSet
                0x080022a8       0xac ./simplicity_sdk_2025.6.2/platform/emlib/src/em_emu.o
                0x080022a8                EMU_DCDCModeSet
 .text.EMU_DCDCInit
                0x08002354       0x70 ./simplicity_sdk_2025.6.2/platform/emlib/src/em_emu.o
                0x08002354                EMU_DCDCInit
 .text.EMU_DCDCSetPFMXModePeakCurrent
                0x080023c4       0x6c ./simplicity_sdk_2025.6.2/platform/emlib/src/em_emu.o
                0x080023c4                EMU_DCDCSetPFMXModePeakCurrent
 .text.EUSART_Reset
                0x08002430       0x54 ./simplicity_sdk_2025.6.2/platform/emlib/src/em_eusart.o
                0x08002430                EUSART_Reset
 .text.EUSART_Enable
                0x08002484       0x6c ./simplicity_sdk_2025.6.2/platform/emlib/src/em_eusart.o
                0x08002484                EUSART_Enable
 .text.EUSART_BaudrateSet
                0x080024f0      0x1cc ./simplicity_sdk_2025.6.2/platform/emlib/src/em_eusart.o
                0x080024f0                EUSART_BaudrateSet
 .text.EUSART_AsyncInitCommon
                0x080026bc      0x24c ./simplicity_sdk_2025.6.2/platform/emlib/src/em_eusart.o
 .text.EUSART_UartInitHf
                0x08002908       0x5c ./simplicity_sdk_2025.6.2/platform/emlib/src/em_eusart.o
                0x08002908                EUSART_UartInitHf
 .text.EUSART_UartInitLf
                0x08002964       0xb8 ./simplicity_sdk_2025.6.2/platform/emlib/src/em_eusart.o
                0x08002964                EUSART_UartInitLf
 .text.GPIO_PinOutSet
                0x08002a1c       0x3c ./simplicity_sdk_2025.6.2/platform/emlib/src/em_gpio.o
 .text.GPIO_PinOutClear
                0x08002a58       0x3c ./simplicity_sdk_2025.6.2/platform/emlib/src/em_gpio.o
 .text.GPIO_PinModeSet
                0x08002a94       0x94 ./simplicity_sdk_2025.6.2/platform/emlib/src/em_gpio.o
                0x08002a94                GPIO_PinModeSet
 .text.I2C_BusFreqSet
                0x08002b28      0x108 ./simplicity_sdk_2025.6.2/platform/emlib/src/em_i2c.o
                0x08002b28                I2C_BusFreqSet
 .text.I2C_Enable
                0x08002c30       0x38 ./simplicity_sdk_2025.6.2/platform/emlib/src/em_i2c.o
                0x08002c30                I2C_Enable
 .text.I2C_Init
                0x08002c68       0x64 ./simplicity_sdk_2025.6.2/platform/emlib/src/em_i2c.o
                0x08002c68                I2C_Init
 .text.I2C_Transfer
                0x08002ccc      0x224 ./simplicity_sdk_2025.6.2/platform/emlib/src/em_i2c.o
                0x08002ccc                I2C_Transfer
 .text.I2C_TransferInit
                0x08002ef0       0xc0 ./simplicity_sdk_2025.6.2/platform/emlib/src/em_i2c.o
                0x08002ef0                I2C_TransferInit
 .text.LDMA_DeInit
                0x08002fb0       0x2c ./simplicity_sdk_2025.6.2/platform/emlib/src/em_ldma.o
                0x08002fb0                LDMA_DeInit
 .text.LDMA_EnableChannelRequest
                0x08002fdc       0x40 ./simplicity_sdk_2025.6.2/platform/emlib/src/em_ldma.o
                0x08002fdc                LDMA_EnableChannelRequest
 .text.LDMA_Init
                0x0800301c       0x90 ./simplicity_sdk_2025.6.2/platform/emlib/src/em_ldma.o
                0x0800301c                LDMA_Init
 .text.LDMA_StartTransfer
                0x080030ac       0xf8 ./simplicity_sdk_2025.6.2/platform/emlib/src/em_ldma.o
                0x080030ac                LDMA_StartTransfer
 .text.LDMA_StopTransfer
                0x080031a4       0x38 ./simplicity_sdk_2025.6.2/platform/emlib/src/em_ldma.o
                0x080031a4                LDMA_StopTransfer
 .text.LDMA_TransferDone
                0x080031dc       0x44 ./simplicity_sdk_2025.6.2/platform/emlib/src/em_ldma.o
                0x080031dc                LDMA_TransferDone
 .text.LDMA_TransferRemainingCount
                0x08003220       0x44 ./simplicity_sdk_2025.6.2/platform/emlib/src/em_ldma.o
                0x08003220                LDMA_TransferRemainingCount
 .text.sl_hal_gpio_clear_pin
                0x08003264       0x54 ./simplicity_sdk_2025.6.2/platform/peripheral/src/sl_hal_gpio.o
                0x08003264                sl_hal_gpio_clear_pin
 .text.sl_hal_gpio_get_enabled_pending_interrupts
                0x080032b8       0x14 ./simplicity_sdk_2025.6.2/platform/peripheral/src/sl_hal_gpio.o
                0x080032b8                sl_hal_gpio_get_enabled_pending_interrupts
 .text.sl_hal_gpio_set_pin_mode
                0x080032cc       0xd0 ./simplicity_sdk_2025.6.2/platform/peripheral/src/sl_hal_gpio.o
                0x080032cc                sl_hal_gpio_set_pin_mode
 .text.sl_hal_sysrtc_wait_ready
                0x0800339c       0x1c ./simplicity_sdk_2025.6.2/platform/peripheral/src/sl_hal_sysrtc.o
                0x0800339c                sl_hal_sysrtc_wait_ready
 .text.sl_hal_sysrtc_stop
                0x080033b8       0x28 ./simplicity_sdk_2025.6.2/platform/peripheral/src/sl_hal_sysrtc.o
                0x080033b8                sl_hal_sysrtc_stop
 .text.sl_hal_sysrtc_enable
                0x080033e0       0x18 ./simplicity_sdk_2025.6.2/platform/peripheral/src/sl_hal_sysrtc.o
                0x080033e0                sl_hal_sysrtc_enable
 .text.sl_hal_sysrtc_disable
                0x080033f8       0x1c ./simplicity_sdk_2025.6.2/platform/peripheral/src/sl_hal_sysrtc.o
                0x080033f8                sl_hal_sysrtc_disable
 .text.sl_hal_sysrtc_init
                0x08003414       0x24 ./simplicity_sdk_2025.6.2/platform/peripheral/src/sl_hal_sysrtc.o
                0x08003414                sl_hal_sysrtc_init
 .text.sl_hal_sysrtc_init_group
                0x08003438       0x44 ./simplicity_sdk_2025.6.2/platform/peripheral/src/sl_hal_sysrtc.o
                0x08003438                sl_hal_sysrtc_init_group
 .text.sli_clock_manager_hal_init
                0x0800347c      0x268 ./simplicity_sdk_2025.6.2/platform/service/clock_manager/src/sl_clock_manager_init_hal_s2.o
                0x0800347c                sli_clock_manager_hal_init
 .text.sl_device_init_dcdc
                0x080036e4       0x2c ./simplicity_sdk_2025.6.2/platform/service/device_init/src/sl_device_init_dcdc_s2.o
                0x080036e4                sl_device_init_dcdc
 .text.sl_device_init_emu
                0x08003710       0x24 ./simplicity_sdk_2025.6.2/platform/service/device_init/src/sl_device_init_emu_s2.o
                0x08003710                sl_device_init_emu
 .text.sl_interrupt_manager_disable_irq
                0x08003734       0x3c ./simplicity_sdk_2025.6.2/platform/service/interrupt_manager/src/sl_interrupt_manager_cortexm.o
                0x08003734                sl_interrupt_manager_disable_irq
 .text.sl_interrupt_manager_enable_irq
                0x08003770       0x34 ./simplicity_sdk_2025.6.2/platform/service/interrupt_manager/src/sl_interrupt_manager_cortexm.o
                0x08003770                sl_interrupt_manager_enable_irq
 .text.sl_interrupt_manager_is_irq_disabled
                0x080037a4       0x30 ./simplicity_sdk_2025.6.2/platform/service/interrupt_manager/src/sl_interrupt_manager_cortexm.o
                0x080037a4                sl_interrupt_manager_is_irq_disabled
 .text.sl_interrupt_manager_clear_irq_pending
                0x080037d4       0x1c ./simplicity_sdk_2025.6.2/platform/service/interrupt_manager/src/sl_interrupt_manager_cortexm.o
                0x080037d4                sl_interrupt_manager_clear_irq_pending
 .text.sl_interrupt_manager_set_irq_priority
                0x080037f0       0x54 ./simplicity_sdk_2025.6.2/platform/service/interrupt_manager/src/sl_interrupt_manager_cortexm.o
                0x080037f0                sl_interrupt_manager_set_irq_priority
 .text.sl_interrupt_manager_init
                0x08003844       0x34 ./simplicity_sdk_2025.6.2/platform/service/interrupt_manager/src/sl_interrupt_manager_cortexm.o
                0x08003844                sl_interrupt_manager_init
 .text.sl_iostream_set_default
                0x08003878       0x18 ./simplicity_sdk_2025.6.2/platform/service/iostream/src/sl_iostream.o
                0x08003878                sl_iostream_set_default
 .text.sl_iostream_get_default
                0x08003890       0x18 ./simplicity_sdk_2025.6.2/platform/service/iostream/src/sl_iostream.o
                0x08003890                sl_iostream_get_default
 .text.sl_iostream_eusart_init
                0x080038a8      0x24c ./simplicity_sdk_2025.6.2/platform/service/iostream/src/sl_iostream_eusart.o
                0x080038a8                sl_iostream_eusart_init
 .text.sl_iostream_eusart_irq_handler
                0x08003af4       0x10 ./simplicity_sdk_2025.6.2/platform/service/iostream/src/sl_iostream_eusart.o
                0x08003af4                sl_iostream_eusart_irq_handler
 .text._write   0x08003b04       0x20 ./simplicity_sdk_2025.6.2/platform/service/iostream/src/sl_iostream_retarget_stdio.o
                0x08003b04                _write
 .text.__rx_buffer_empty
                0x08003b24       0x34 ./simplicity_sdk_2025.6.2/platform/service/iostream/src/sl_iostream_uart.o
 .text.__rx_buffer_full
                0x08003b58       0x4c ./simplicity_sdk_2025.6.2/platform/service/iostream/src/sl_iostream_uart.o
 .text.__get_write_ptr
                0x08003ba4       0x60 ./simplicity_sdk_2025.6.2/platform/service/iostream/src/sl_iostream_uart.o
 .text.__uart_async_start_write
                0x08003c04       0x74 ./simplicity_sdk_2025.6.2/platform/service/iostream/src/sl_iostream_uart.o
 .text.set_new_data_detect
                0x08003c78      0x174 ./simplicity_sdk_2025.6.2/platform/service/iostream/src/sl_iostream_uart.o
 .text.__uart_async_tx_dma_callback
                0x08003dec       0x40 ./simplicity_sdk_2025.6.2/platform/service/iostream/src/sl_iostream_uart.o
 .text.rx_buffer_empty
                0x08003e2c       0x38 ./simplicity_sdk_2025.6.2/platform/service/iostream/src/sl_iostream_uart.o
 .text.uart_read
                0x08003e64      0x2cc ./simplicity_sdk_2025.6.2/platform/service/iostream/src/sl_iostream_uart.o
 .text.uart_write
                0x08004130      0x124 ./simplicity_sdk_2025.6.2/platform/service/iostream/src/sl_iostream_uart.o
 .text.sli_iostream_uart_context_init
                0x08004254      0x150 ./simplicity_sdk_2025.6.2/platform/service/iostream/src/sl_iostream_uart.o
                0x08004254                sli_iostream_uart_context_init
 .text.uart_deinit
                0x080043a4       0x9c ./simplicity_sdk_2025.6.2/platform/service/iostream/src/sl_iostream_uart.o
 .text._sbrk    0x08004440       0x20 ./simplicity_sdk_2025.6.2/platform/service/memory_manager/src/sl_memory_manager_region.o
                0x08004440                _sbrk
 .text.sl_sleeptimer_init
                0x08004460       0x74 ./simplicity_sdk_2025.6.2/platform/service/sleeptimer/src/sl_sleeptimer.o
                0x08004460                sl_sleeptimer_init
 .text.sl_sleeptimer_delay_millisecond
                0x080044d4       0x38 ./simplicity_sdk_2025.6.2/platform/service/sleeptimer/src/sl_sleeptimer.o
                0x080044d4                sl_sleeptimer_delay_millisecond
 .text.sleeptimer_hal_init_timer
                0x0800450c       0x6c ./simplicity_sdk_2025.6.2/platform/service/sleeptimer/src/sl_sleeptimer_hal_sysrtc.o
                0x0800450c                sleeptimer_hal_init_timer
 .text.sl_udelay_wait
                0x08004578       0x58 ./simplicity_sdk_2025.6.2/platform/service/udelay/src/sl_udelay.o
                0x08004578                sl_udelay_wait
 .text          0x080045d0       0x30 c:/siliconlabs/simplicitystudio/v5/developer/toolchains/gnu_arm/12.2.rel1_2023.7/bin/../lib/gcc/arm-none-eabi/12.2.1/thumb/v8-m.main+fp/hard\libgcc.a(_aeabi_uldivmod.o)
                0x080045d0                __aeabi_uldivmod
 .text.__udivmoddi4
                0x08004600      0x2ec c:/siliconlabs/simplicitystudio/v5/developer/toolchains/gnu_arm/12.2.rel1_2023.7/bin/../lib/gcc/arm-none-eabi/12.2.1/thumb/v8-m.main+fp/hard\libgcc.a(_udivmoddi4.o)
                0x08004600                __udivmoddi4
 .text          0x080048ec        0x4 c:/siliconlabs/simplicitystudio/v5/developer/toolchains/gnu_arm/12.2.rel1_2023.7/bin/../lib/gcc/arm-none-eabi/12.2.1/thumb/v8-m.main+fp/hard\libgcc.a(_dvmd_tls.o)
                0x080048ec                __aeabi_idiv0
                0x080048ec                __aeabi_ldiv0
 .text.exit     0x080048f0       0x24 c:/siliconlabs/simplicitystudio/v5/developer/toolchains/gnu_arm/12.2.rel1_2023.7/bin/../lib/gcc/arm-none-eabi/12.2.1/thumb/v8-m.main+fp/hard\libc_nano.a(libc_a-exit.o)
                0x080048f0                exit
 .text.std      0x08004914       0x6c c:/siliconlabs/simplicitystudio/v5/developer/toolchains/gnu_arm/12.2.rel1_2023.7/bin/../lib/gcc/arm-none-eabi/12.2.1/thumb/v8-m.main+fp/hard\libc_nano.a(libc_a-findfp.o)
 .text.stdio_exit_handler
                0x08004980       0x18 c:/siliconlabs/simplicitystudio/v5/developer/toolchains/gnu_arm/12.2.rel1_2023.7/bin/../lib/gcc/arm-none-eabi/12.2.1/thumb/v8-m.main+fp/hard\libc_nano.a(libc_a-findfp.o)
 .text.cleanup_stdio
                0x08004998       0x40 c:/siliconlabs/simplicitystudio/v5/developer/toolchains/gnu_arm/12.2.rel1_2023.7/bin/../lib/gcc/arm-none-eabi/12.2.1/thumb/v8-m.main+fp/hard\libc_nano.a(libc_a-findfp.o)
 .text.global_stdio_init.part.0
                0x080049d8       0x3c c:/siliconlabs/simplicitystudio/v5/developer/toolchains/gnu_arm/12.2.rel1_2023.7/bin/../lib/gcc/arm-none-eabi/12.2.1/thumb/v8-m.main+fp/hard\libc_nano.a(libc_a-findfp.o)
 .text.__sfp_lock_acquire
                0x08004a14        0xc c:/siliconlabs/simplicitystudio/v5/developer/toolchains/gnu_arm/12.2.rel1_2023.7/bin/../lib/gcc/arm-none-eabi/12.2.1/thumb/v8-m.main+fp/hard\libc_nano.a(libc_a-findfp.o)
                0x08004a14                __sfp_lock_acquire
 .text.__sfp_lock_release
                0x08004a20        0xc c:/siliconlabs/simplicitystudio/v5/developer/toolchains/gnu_arm/12.2.rel1_2023.7/bin/../lib/gcc/arm-none-eabi/12.2.1/thumb/v8-m.main+fp/hard\libc_nano.a(libc_a-findfp.o)
                0x08004a20                __sfp_lock_release
 .text.__sinit  0x08004a2c       0x30 c:/siliconlabs/simplicitystudio/v5/developer/toolchains/gnu_arm/12.2.rel1_2023.7/bin/../lib/gcc/arm-none-eabi/12.2.1/thumb/v8-m.main+fp/hard\libc_nano.a(libc_a-findfp.o)
                0x08004a2c                __sinit
 .text.printf   0x08004a5c       0x24 c:/siliconlabs/simplicitystudio/v5/developer/toolchains/gnu_arm/12.2.rel1_2023.7/bin/../lib/gcc/arm-none-eabi/12.2.1/thumb/v8-m.main+fp/hard\libc_nano.a(libc_a-printf.o)
                0x08004a5c                iprintf
                0x08004a5c                printf
 .text._close_r
                0x08004a80       0x20 c:/siliconlabs/simplicitystudio/v5/developer/toolchains/gnu_arm/12.2.rel1_2023.7/bin/../lib/gcc/arm-none-eabi/12.2.1/thumb/v8-m.main+fp/hard\libc_nano.a(libc_a-closer.o)
                0x08004a80                _close_r
 .text._lseek_r
                0x08004aa0       0x24 c:/siliconlabs/simplicitystudio/v5/developer/toolchains/gnu_arm/12.2.rel1_2023.7/bin/../lib/gcc/arm-none-eabi/12.2.1/thumb/v8-m.main+fp/hard\libc_nano.a(libc_a-lseekr.o)
                0x08004aa0                _lseek_r
 .text._read_r  0x08004ac4       0x24 c:/siliconlabs/simplicitystudio/v5/developer/toolchains/gnu_arm/12.2.rel1_2023.7/bin/../lib/gcc/arm-none-eabi/12.2.1/thumb/v8-m.main+fp/hard\libc_nano.a(libc_a-readr.o)
                0x08004ac4                _read_r
 .text._write_r
                0x08004ae8       0x24 c:/siliconlabs/simplicitystudio/v5/developer/toolchains/gnu_arm/12.2.rel1_2023.7/bin/../lib/gcc/arm-none-eabi/12.2.1/thumb/v8-m.main+fp/hard\libc_nano.a(libc_a-writer.o)
                0x08004ae8                _write_r
 .text.__libc_init_array
                0x08004b0c       0x48 c:/siliconlabs/simplicitystudio/v5/developer/toolchains/gnu_arm/12.2.rel1_2023.7/bin/../lib/gcc/arm-none-eabi/12.2.1/thumb/v8-m.main+fp/hard\libc_nano.a(libc_a-init.o)
                0x08004b0c                __libc_init_array
 .text._free_r  0x08004b54       0x94 c:/siliconlabs/simplicitystudio/v5/developer/toolchains/gnu_arm/12.2.rel1_2023.7/bin/../lib/gcc/arm-none-eabi/12.2.1/thumb/v8-m.main+fp/hard\libc_nano.a(libc_a-freer.o)
                0x08004b54                _free_r
 .text.sbrk_aligned
                0x08004be8       0x44 c:/siliconlabs/simplicitystudio/v5/developer/toolchains/gnu_arm/12.2.rel1_2023.7/bin/../lib/gcc/arm-none-eabi/12.2.1/thumb/v8-m.main+fp/hard\libc_nano.a(libc_a-mallocr.o)
 .text._malloc_r
                0x08004c2c       0xf0 c:/siliconlabs/simplicitystudio/v5/developer/toolchains/gnu_arm/12.2.rel1_2023.7/bin/../lib/gcc/arm-none-eabi/12.2.1/thumb/v8-m.main+fp/hard\libc_nano.a(libc_a-mallocr.o)
                0x08004c2c                _malloc_r
 .text.__malloc_lock
                0x08004d1c        0xc c:/siliconlabs/simplicitystudio/v5/developer/toolchains/gnu_arm/12.2.rel1_2023.7/bin/../lib/gcc/arm-none-eabi/12.2.1/thumb/v8-m.main+fp/hard\libc_nano.a(libc_a-mlock.o)
                0x08004d1c                __malloc_lock
 .text.__malloc_unlock
                0x08004d28        0xc c:/siliconlabs/simplicitystudio/v5/developer/toolchains/gnu_arm/12.2.rel1_2023.7/bin/../lib/gcc/arm-none-eabi/12.2.1/thumb/v8-m.main+fp/hard\libc_nano.a(libc_a-mlock.o)
                0x08004d28                __malloc_unlock
 .text._vfprintf_r
                0x08004d34      0x230 c:/siliconlabs/simplicitystudio/v5/developer/toolchains/gnu_arm/12.2.rel1_2023.7/bin/../lib/gcc/arm-none-eabi/12.2.1/thumb/v8-m.main+fp/hard\libc_nano.a(libc_a-nano-vfprintf.o)
                0x08004d34                _vfprintf_r
                0x08004d34                _vfiprintf_r
 .text._printf_i
                0x08004f64      0x258 c:/siliconlabs/simplicitystudio/v5/developer/toolchains/gnu_arm/12.2.rel1_2023.7/bin/../lib/gcc/arm-none-eabi/12.2.1/thumb/v8-m.main+fp/hard\libc_nano.a(libc_a-nano-vfprintf_i.o)
                0x08004f64                _printf_i
 .text.__swsetup_r
                0x080051bc       0xac c:/siliconlabs/simplicitystudio/v5/developer/toolchains/gnu_arm/12.2.rel1_2023.7/bin/../lib/gcc/arm-none-eabi/12.2.1/thumb/v8-m.main+fp/hard\libc_nano.a(libc_a-wsetup.o)
                0x080051bc                __swsetup_r
 .text._sbrk_r  0x08005268       0x20 c:/siliconlabs/simplicitystudio/v5/developer/toolchains/gnu_arm/12.2.rel1_2023.7/bin/../lib/gcc/arm-none-eabi/12.2.1/thumb/v8-m.main+fp/hard\libc_nano.a(libc_a-sbrkr.o)
                0x08005268                _sbrk_r
 .text._fstat_r
                0x08005288       0x24 c:/siliconlabs/simplicitystudio/v5/developer/toolchains/gnu_arm/12.2.rel1_2023.7/bin/../lib/gcc/arm-none-eabi/12.2.1/thumb/v8-m.main+fp/hard\libc_nano.a(libc_a-fstatr.o)
                0x08005288                _fstat_r
 .text._isatty_r
                0x080052ac       0x20 c:/siliconlabs/simplicitystudio/v5/developer/toolchains/gnu_arm/12.2.rel1_2023.7/bin/../lib/gcc/arm-none-eabi/12.2.1/thumb/v8-m.main+fp/hard\libc_nano.a(libc_a-isattyr.o)
                0x080052ac                _isatty_r
 .text.app_init
                0x080052cc        0xa ./app.o
                0x080052cc                app_init
 .text.app_process_action
                0x080052d6       0x10 ./app.o
                0x080052d6                app_process_action
 .text.startup.main
                0x080052e6       0x14 ./main.o
                0x080052e6                main
 .text.sl_board_default_init
                0x080052fa        0x2 ./autogen/sl_board_default_init.o
                0x080052fa                sl_board_default_init
 .text.sli_driver_permanent_allocation
                0x080052fc        0x2 ./autogen/sl_event_handler.o
                0x080052fc                sli_driver_permanent_allocation
 .text.sli_service_permanent_allocation
                0x080052fe        0x2 ./autogen/sl_event_handler.o
                0x080052fe                sli_service_permanent_allocation
 .text.sli_stack_permanent_allocation
                0x08005300        0x2 ./autogen/sl_event_handler.o
                0x08005300                sli_stack_permanent_allocation
 .text.sli_internal_permanent_allocation
                0x08005302        0x2 ./autogen/sl_event_handler.o
                0x08005302                sli_internal_permanent_allocation
 .text.sl_platform_init
                0x08005304       0x12 ./autogen/sl_event_handler.o
                0x08005304                sl_platform_init
 .text.sli_internal_init_early
                0x08005316        0x2 ./autogen/sl_event_handler.o
                0x08005316                sli_internal_init_early
 .text.sl_driver_init
                0x08005318       0x16 ./autogen/sl_event_handler.o
                0x08005318                sl_driver_init
 .text.sl_service_init
                0x0800532e       0x12 ./autogen/sl_event_handler.o
                0x0800532e                sl_service_init
 .text.sl_stack_init
                0x08005340        0x2 ./autogen/sl_event_handler.o
                0x08005340                sl_stack_init
 .text.sl_internal_app_init
                0x08005342        0x2 ./autogen/sl_event_handler.o
                0x08005342                sl_internal_app_init
 .text.sli_platform_process_action
                0x08005344        0x2 ./autogen/sl_event_handler.o
                0x08005344                sli_platform_process_action
 .text.sli_service_process_action
                0x08005346        0x2 ./autogen/sl_event_handler.o
                0x08005346                sli_service_process_action
 .text.sli_stack_process_action
                0x08005348        0x2 ./autogen/sl_event_handler.o
                0x08005348                sli_stack_process_action
 .text.sli_internal_app_process_action
                0x0800534a        0x2 ./autogen/sl_event_handler.o
                0x0800534a                sli_internal_app_process_action
 .text.sl_iostream_eusart_init_instances
                0x0800534c        0x4 ./autogen/sl_iostream_init_eusart_instances.o
                0x0800534c                sl_iostream_eusart_init_instances
 .text.EUSART0_TX_IRQHandler
                0x08005350        0x4 ./autogen/sl_iostream_init_eusart_instances.o
                0x08005350                EUSART0_TX_IRQHandler
 .text.sl_board_configure_vcom
                0x08005354        0x4 ./simplicity_sdk_2025.6.2/hardware/board/src/sl_board_control_gpio.o
                0x08005354                sl_board_configure_vcom
 .text.sli_cos_swo_itm_8_write.constprop.0.isra.0
                0x08005358       0x78 ./simplicity_sdk_2025.6.2/hardware/driver/configuration_over_swo/src/sl_cos.o
 .text.sl_cos_send_config
                0x080053d0       0x12 ./simplicity_sdk_2025.6.2/hardware/driver/configuration_over_swo/src/sl_cos.o
                0x080053d0                sl_cos_send_config
 .text.sl_cos_config_vcom
                0x080053e2       0x1c ./simplicity_sdk_2025.6.2/hardware/driver/configuration_over_swo/src/sl_cos.o
                0x080053e2                sl_cos_config_vcom
 .text.Default_Handler
                0x080053fe        0x2 ./simplicity_sdk_2025.6.2/platform/Device/SiliconLabs/EFR32MG24/Source/startup_efr32mg24.o
                0x080053fe                ULFRCO_IRQHandler
                0x080053fe                AHB2AHB1_IRQHandler
                0x080053fe                SW2_IRQHandler
                0x080053fe                TIMER2_IRQHandler
                0x080053fe                DebugMon_Handler
                0x080053fe                USART0_TX_IRQHandler
                0x080053fe                IADC_IRQHandler
                0x080053fe                I2C0_IRQHandler
                0x080053fe                LFXO_IRQHandler
                0x080053fe                HardFault_Handler
                0x080053fe                SMU_SECURE_IRQHandler
                0x080053fe                SysTick_Handler
                0x080053fe                SYSRTC_SEQ_IRQHandler
                0x080053fe                EMUEFP_IRQHandler
                0x080053fe                PendSV_Handler
                0x080053fe                NMI_Handler
                0x080053fe                SYNTH_IRQHandler
                0x080053fe                HOSTMAILBOX_IRQHandler
                0x080053fe                HFXO0_IRQHandler
                0x080053fe                I2C1_IRQHandler
                0x080053fe                WDOG0_IRQHandler
                0x080053fe                TIMER3_IRQHandler
                0x080053fe                SYSCFG_IRQHandler
                0x080053fe                RFECA1_IRQHandler
                0x080053fe                EMUDG_IRQHandler
                0x080053fe                MSC_IRQHandler
                0x080053fe                DPLL0_IRQHandler
                0x080053fe                UsageFault_Handler
                0x080053fe                WDOG1_IRQHandler
                0x080053fe                M33CTI1_IRQHandler
                0x080053fe                TIMER4_IRQHandler
                0x080053fe                VDAC0_IRQHandler
                0x080053fe                SEMBTX_IRQHandler
                0x080053fe                SW0_IRQHandler
                0x080053fe                TIMER0_IRQHandler
                0x080053fe                MVP_IRQHandler
                0x080053fe                LETIMER0_IRQHandler
                0x080053fe                EUSART1_RX_IRQHandler
                0x080053fe                TIMER1_IRQHandler
                0x080053fe                HFRCO0_IRQHandler
                0x080053fe                SecureFault_Handler
                0x080053fe                BUFC_IRQHandler
                0x080053fe                DCDC_IRQHandler
                0x080053fe                MODEM_IRQHandler
                0x080053fe                Default_Handler
                0x080053fe                RAC_SEQ_IRQHandler
                0x080053fe                FRC_PRI_IRQHandler
                0x080053fe                EMU_IRQHandler
                0x080053fe                SW3_IRQHandler
                0x080053fe                KERNEL0_IRQHandler
                0x080053fe                FRC_IRQHandler
                0x080053fe                PCNT0_IRQHandler
                0x080053fe                KERNEL1_IRQHandler
                0x080053fe                AGC_IRQHandler
                0x080053fe                EUSART1_TX_IRQHandler
                0x080053fe                KEYSCAN_IRQHandler
                0x080053fe                sl_app_properties
                0x080053fe                HFRCOEM23_IRQHandler
                0x080053fe                BURTC_IRQHandler
                0x080053fe                SEMBRX_IRQHandler
                0x080053fe                RFECA0_IRQHandler
                0x080053fe                LFRCO_IRQHandler
                0x080053fe                VDAC1_IRQHandler
                0x080053fe                ACMP0_IRQHandler
                0x080053fe                USART0_RX_IRQHandler
                0x080053fe                MemManage_Handler
                0x080053fe                AHB2AHB0_IRQHandler
                0x080053fe                SVC_Handler
                0x080053fe                SMU_S_PRIVILEGED_IRQHandler
                0x080053fe                SW1_IRQHandler
                0x080053fe                CMU_IRQHandler
                0x080053fe                RAC_RSM_IRQHandler
                0x080053fe                SETAMPERHOST_IRQHandler
                0x080053fe                AES_IRQHandler
                0x080053fe                M33CTI0_IRQHandler
                0x080053fe                ICACHE0_IRQHandler
                0x080053fe                SMU_NS_PRIVILEGED_IRQHandler
                0x080053fe                FPUEXH_IRQHandler
                0x080053fe                PROTIMER_IRQHandler
                0x080053fe                ACMP1_IRQHandler
                0x080053fe                BusFault_Handler
                0x080053fe                MPAHBRAM_IRQHandler
 .text.CopyMemory
                0x08005400       0x1a ./simplicity_sdk_2025.6.2/platform/Device/SiliconLabs/EFR32MG24/Source/startup_efr32mg24.o
                0x08005400                CopyMemory
 .text.assertEFM
                0x0800541a        0x2 ./simplicity_sdk_2025.6.2/platform/common/src/sl_assert.o
                0x0800541a                assertEFM
 .text.sl_slist_init
                0x0800541c        0x6 ./simplicity_sdk_2025.6.2/platform/common/src/sl_slist.o
                0x0800541c                sl_slist_init
 .text.sl_debug_swo_enable_itm
                0x08005422       0x16 ./simplicity_sdk_2025.6.2/platform/driver/debug/src/sl_debug_swo.o
                0x08005422                sl_debug_swo_enable_itm
 .text.sl_debug_swo_disable_itm
                0x08005438       0x18 ./simplicity_sdk_2025.6.2/platform/driver/debug/src/sl_debug_swo.o
                0x08005438                sl_debug_swo_disable_itm
 .text.DMADRV_PeripheralMemory
                0x08005450       0x34 ./simplicity_sdk_2025.6.2/platform/emdrv/dmadrv/src/dmadrv.o
                0x08005450                DMADRV_PeripheralMemory
 .text.BUS_RegMaskedWrite
                0x08005484       0x1e ./simplicity_sdk_2025.6.2/platform/emlib/src/em_cmu.o
 .text.waitStateMax
                0x080054a2       0x10 ./simplicity_sdk_2025.6.2/platform/emlib/src/em_cmu.o
 .text.CMU_UpdateWaitStates
                0x080054b2        0xc ./simplicity_sdk_2025.6.2/platform/emlib/src/em_cmu.o
                0x080054b2                CMU_UpdateWaitStates
 .text.pclkDivMax
                0x080054be        0xa ./simplicity_sdk_2025.6.2/platform/emlib/src/em_cmu.o
 .text.EMU_EFPEM01VScale
                0x080054c8        0x2 ./simplicity_sdk_2025.6.2/platform/emlib/src/em_emu.o
                0x080054c8                EMU_EFPEM01VScale
 .text.EMU_DCDCUpdatedHook
                0x080054ca        0x2 ./simplicity_sdk_2025.6.2/platform/emlib/src/em_emu.o
                0x080054ca                EMU_DCDCUpdatedHook
 .text.eusart_sync
                0x080054cc        0x8 ./simplicity_sdk_2025.6.2/platform/emlib/src/em_eusart.o
 .text.EUSART_Disable
                0x080054d4       0x34 ./simplicity_sdk_2025.6.2/platform/emlib/src/em_eusart.o
 .text.EUSART_Tx
                0x08005508        0xa ./simplicity_sdk_2025.6.2/platform/emlib/src/em_eusart.o
                0x08005508                EUSART_Tx
 .text.BUS_RegMaskedWrite
                0x08005512       0x1e ./simplicity_sdk_2025.6.2/platform/emlib/src/em_gpio.o
 .text.sl_hal_bus_reg_write_mask
                0x08005530       0x1e ./simplicity_sdk_2025.6.2/platform/peripheral/src/sl_hal_gpio.o
 .text.sl_clock_manager_runtime_init
                0x0800554e        0x4 ./simplicity_sdk_2025.6.2/platform/service/clock_manager/src/sl_clock_manager.o
                0x0800554e                sl_clock_manager_runtime_init
 .text.sli_clock_manager_hal_runtime_init
                0x08005552        0x4 ./simplicity_sdk_2025.6.2/platform/service/clock_manager/src/sl_clock_manager_hal_s2.o
                0x08005552                sli_clock_manager_hal_runtime_init
 .text.sl_clock_manager_init
                0x08005556        0x4 ./simplicity_sdk_2025.6.2/platform/service/clock_manager/src/sl_clock_manager_init.o
                0x08005556                sl_clock_manager_init
 .text.sl_iostream_write
                0x0800555a       0x22 ./simplicity_sdk_2025.6.2/platform/service/iostream/src/sl_iostream.o
                0x0800555a                sl_iostream_write
 .text.sl_iostream_read
                0x0800557c       0x30 ./simplicity_sdk_2025.6.2/platform/service/iostream/src/sl_iostream.o
                0x0800557c                sl_iostream_read
 .text.eusart_rx
                0x080055ac       0x16 ./simplicity_sdk_2025.6.2/platform/service/iostream/src/sl_iostream_eusart.o
 .text.eusart_deinit
                0x080055c2       0x7c ./simplicity_sdk_2025.6.2/platform/service/iostream/src/sl_iostream_eusart.o
 .text.eusart_tx
                0x0800563e       0x10 ./simplicity_sdk_2025.6.2/platform/service/iostream/src/sl_iostream_eusart.o
 .text._close   0x0800564e        0x4 ./simplicity_sdk_2025.6.2/platform/service/iostream/src/sl_iostream_retarget_stdio.o
                0x0800564e                _close
 .text._exit    0x08005652        0x2 ./simplicity_sdk_2025.6.2/platform/service/iostream/src/sl_iostream_retarget_stdio.o
                0x08005652                _exit
 .text._fstat   0x08005654        0xa ./simplicity_sdk_2025.6.2/platform/service/iostream/src/sl_iostream_retarget_stdio.o
                0x08005654                _fstat
 .text._isatty  0x0800565e        0x4 ./simplicity_sdk_2025.6.2/platform/service/iostream/src/sl_iostream_retarget_stdio.o
                0x0800565e                _isatty
 .text._lseek   0x08005662        0x4 ./simplicity_sdk_2025.6.2/platform/service/iostream/src/sl_iostream_retarget_stdio.o
                0x08005662                _lseek
 .text._read    0x08005666       0x1c ./simplicity_sdk_2025.6.2/platform/service/iostream/src/sl_iostream_retarget_stdio.o
                0x08005666                _read
 .text.set_auto_cr_lf
                0x08005682        0x6 ./simplicity_sdk_2025.6.2/platform/service/iostream/src/sl_iostream_uart.o
 .text.get_auto_cr_lf
                0x08005688        0x6 ./simplicity_sdk_2025.6.2/platform/service/iostream/src/sl_iostream_uart.o
 .text.__uart_async_rx_dma_callback
                0x0800568e       0x70 ./simplicity_sdk_2025.6.2/platform/service/iostream/src/sl_iostream_uart.o
 .text.uart_write_async
                0x080056fe       0x46 ./simplicity_sdk_2025.6.2/platform/service/iostream/src/sl_iostream_uart.o
 .text.sli_iostream_uart_unsubscribe_to_new_data
                0x08005744       0x1c ./simplicity_sdk_2025.6.2/platform/service/iostream/src/sl_iostream_uart.o
                0x08005744                sli_iostream_uart_unsubscribe_to_new_data
 .text.app_init_pre_clock
                0x08005760        0x2 ./simplicity_sdk_2025.6.2/platform/service/sl_main/src/sl_main_init.o
                0x08005760                app_init_pre_clock
 .text.app_init_early
                0x08005762        0x2 ./simplicity_sdk_2025.6.2/platform/service/sl_main/src/sl_main_init.o
                0x08005762                app_init_early
 .text.sl_main_second_stage_init
                0x08005764       0x1a ./simplicity_sdk_2025.6.2/platform/service/sl_main/src/sl_main_init.o
                0x08005764                sl_main_second_stage_init
 .text.sl_main_init
                0x0800577e       0x2e ./simplicity_sdk_2025.6.2/platform/service/sl_main/src/sl_main_init.o
                0x0800577e                sl_main_init
 .text.app_permanent_memory_alloc
                0x080057ac        0x2 ./simplicity_sdk_2025.6.2/platform/service/sl_main/src/sl_main_init_memory.o
                0x080057ac                app_permanent_memory_alloc
 .text.sli_allocate_permanent_memory
                0x080057ae       0x18 ./simplicity_sdk_2025.6.2/platform/service/sl_main/src/sl_main_init_memory.o
                0x080057ae                sli_allocate_permanent_memory
 .text.sl_main_process_action
                0x080057c6       0x16 ./simplicity_sdk_2025.6.2/platform/service/sl_main/src/sl_main_process_action.o
                0x080057c6                sl_main_process_action
 .text._fwalk_sglue
                0x080057dc       0x3c c:/siliconlabs/simplicitystudio/v5/developer/toolchains/gnu_arm/12.2.rel1_2023.7/bin/../lib/gcc/arm-none-eabi/12.2.1/thumb/v8-m.main+fp/hard\libc_nano.a(libc_a-fwalk.o)
                0x080057dc                _fwalk_sglue
 .text.__sread  0x08005818       0x22 c:/siliconlabs/simplicitystudio/v5/developer/toolchains/gnu_arm/12.2.rel1_2023.7/bin/../lib/gcc/arm-none-eabi/12.2.1/thumb/v8-m.main+fp/hard\libc_nano.a(libc_a-stdio.o)
                0x08005818                __sread
 .text.__swrite
                0x0800583a       0x38 c:/siliconlabs/simplicitystudio/v5/developer/toolchains/gnu_arm/12.2.rel1_2023.7/bin/../lib/gcc/arm-none-eabi/12.2.1/thumb/v8-m.main+fp/hard\libc_nano.a(libc_a-stdio.o)
                0x0800583a                __swrite
 .text.__sseek  0x08005872       0x24 c:/siliconlabs/simplicitystudio/v5/developer/toolchains/gnu_arm/12.2.rel1_2023.7/bin/../lib/gcc/arm-none-eabi/12.2.1/thumb/v8-m.main+fp/hard\libc_nano.a(libc_a-stdio.o)
                0x08005872                __sseek
 .text.__sclose
                0x08005896        0x8 c:/siliconlabs/simplicitystudio/v5/developer/toolchains/gnu_arm/12.2.rel1_2023.7/bin/../lib/gcc/arm-none-eabi/12.2.1/thumb/v8-m.main+fp/hard\libc_nano.a(libc_a-stdio.o)
                0x08005896                __sclose
 .text.memset   0x0800589e       0x10 c:/siliconlabs/simplicitystudio/v5/developer/toolchains/gnu_arm/12.2.rel1_2023.7/bin/../lib/gcc/arm-none-eabi/12.2.1/thumb/v8-m.main+fp/hard\libc_nano.a(libc_a-memset.o)
                0x0800589e                memset
 .text.__retarget_lock_init_recursive
                0x080058ae        0x2 c:/siliconlabs/simplicitystudio/v5/developer/toolchains/gnu_arm/12.2.rel1_2023.7/bin/../lib/gcc/arm-none-eabi/12.2.1/thumb/v8-m.main+fp/hard\libc_nano.a(libc_a-lock.o)
                0x080058ae                __retarget_lock_init_recursive
 .text.__retarget_lock_acquire_recursive
                0x080058b0        0x2 c:/siliconlabs/simplicitystudio/v5/developer/toolchains/gnu_arm/12.2.rel1_2023.7/bin/../lib/gcc/arm-none-eabi/12.2.1/thumb/v8-m.main+fp/hard\libc_nano.a(libc_a-lock.o)
                0x080058b0                __retarget_lock_acquire_recursive
 .text.__retarget_lock_release_recursive
                0x080058b2        0x2 c:/siliconlabs/simplicitystudio/v5/developer/toolchains/gnu_arm/12.2.rel1_2023.7/bin/../lib/gcc/arm-none-eabi/12.2.1/thumb/v8-m.main+fp/hard\libc_nano.a(libc_a-lock.o)
                0x080058b2                __retarget_lock_release_recursive
 .text.memcpy   0x080058b4       0x1a c:/siliconlabs/simplicitystudio/v5/developer/toolchains/gnu_arm/12.2.rel1_2023.7/bin/../lib/gcc/arm-none-eabi/12.2.1/thumb/v8-m.main+fp/hard\libc_nano.a(libc_a-memcpy-stub.o)
                0x080058b4                memcpy
 .text.__sfputc_r
                0x080058ce       0x2e c:/siliconlabs/simplicitystudio/v5/developer/toolchains/gnu_arm/12.2.rel1_2023.7/bin/../lib/gcc/arm-none-eabi/12.2.1/thumb/v8-m.main+fp/hard\libc_nano.a(libc_a-nano-vfprintf.o)
 .text.__sfputs_r
                0x080058fc       0x24 c:/siliconlabs/simplicitystudio/v5/developer/toolchains/gnu_arm/12.2.rel1_2023.7/bin/../lib/gcc/arm-none-eabi/12.2.1/thumb/v8-m.main+fp/hard\libc_nano.a(libc_a-nano-vfprintf.o)
                0x080058fc                __sfputs_r
 .text._printf_common
                0x08005920       0xe4 c:/siliconlabs/simplicitystudio/v5/developer/toolchains/gnu_arm/12.2.rel1_2023.7/bin/../lib/gcc/arm-none-eabi/12.2.1/thumb/v8-m.main+fp/hard\libc_nano.a(libc_a-nano-vfprintf_i.o)
                0x08005920                _printf_common
 .text.__sflush_r
                0x08005a04      0x106 c:/siliconlabs/simplicitystudio/v5/developer/toolchains/gnu_arm/12.2.rel1_2023.7/bin/../lib/gcc/arm-none-eabi/12.2.1/thumb/v8-m.main+fp/hard\libc_nano.a(libc_a-fflush.o)
                0x08005a04                __sflush_r
 .text._fflush_r
                0x08005b0a       0x50 c:/siliconlabs/simplicitystudio/v5/developer/toolchains/gnu_arm/12.2.rel1_2023.7/bin/../lib/gcc/arm-none-eabi/12.2.1/thumb/v8-m.main+fp/hard\libc_nano.a(libc_a-fflush.o)
                0x08005b0a                _fflush_r
 .text.__swbuf_r
                0x08005b5a       0x7c c:/siliconlabs/simplicitystudio/v5/developer/toolchains/gnu_arm/12.2.rel1_2023.7/bin/../lib/gcc/arm-none-eabi/12.2.1/thumb/v8-m.main+fp/hard\libc_nano.a(libc_a-wbuf.o)
                0x08005b5a                __swbuf_r
 .text.memchr   0x08005bd6       0x1c c:/siliconlabs/simplicitystudio/v5/developer/toolchains/gnu_arm/12.2.rel1_2023.7/bin/../lib/gcc/arm-none-eabi/12.2.1/thumb/v8-m.main+fp/hard\libc_nano.a(libc_a-memchr-stub.o)
                0x08005bd6                memchr
 .text.__swhatbuf_r
                0x08005bf2       0x4a c:/siliconlabs/simplicitystudio/v5/developer/toolchains/gnu_arm/12.2.rel1_2023.7/bin/../lib/gcc/arm-none-eabi/12.2.1/thumb/v8-m.main+fp/hard\libc_nano.a(libc_a-makebuf.o)
                0x08005bf2                __swhatbuf_r
 .text.__smakebuf_r
                0x08005c3c       0x78 c:/siliconlabs/simplicitystudio/v5/developer/toolchains/gnu_arm/12.2.rel1_2023.7/bin/../lib/gcc/arm-none-eabi/12.2.1/thumb/v8-m.main+fp/hard\libc_nano.a(libc_a-makebuf.o)
                0x08005c3c                __smakebuf_r
 *(SORT_BY_ALIGNMENT(text_*))
 text_system_timecritical19225
                0x08005cb4        0xc ./simplicity_sdk_2025.6.2/platform/Device/SiliconLabs/EFR32MG24/Source/system_efr32mg24.o
                0x08005cb4                SystemHFRCODPLLClockGet
 text_system_timecritical20228
                0x08005cc0       0x40 ./simplicity_sdk_2025.6.2/platform/Device/SiliconLabs/EFR32MG24/Source/system_efr32mg24.o
                0x08005cc0                SystemSYSCLKGet
 text_system_timecritical16181
                0x08005d00       0x24 ./simplicity_sdk_2025.6.2/platform/Device/SiliconLabs/EFR32MG24/Source/system_efr32mg24.o
                0x08005d00                SystemHCLKGet
 text_system_timecritical21230
                0x08005d24        0x8 ./simplicity_sdk_2025.6.2/platform/Device/SiliconLabs/EFR32MG24/Source/system_efr32mg24.o
                0x08005d24                SystemMaxCoreClockGet
 text_system_timecritical22232
                0x08005d2c        0x8 ./simplicity_sdk_2025.6.2/platform/Device/SiliconLabs/EFR32MG24/Source/system_efr32mg24.o
                0x08005d2c                SystemFSRCOClockGet
 text_system_timecritical23234
                0x08005d34        0xc ./simplicity_sdk_2025.6.2/platform/Device/SiliconLabs/EFR32MG24/Source/system_efr32mg24.o
                0x08005d34                SystemHFXOClockGet
 text_system_timecritical24237
                0x08005d40        0x8 ./simplicity_sdk_2025.6.2/platform/Device/SiliconLabs/EFR32MG24/Source/system_efr32mg24.o
                0x08005d40                SystemCLKIN0Get
 text_system_timecritical25239
                0x08005d48       0x90 ./simplicity_sdk_2025.6.2/platform/Device/SiliconLabs/EFR32MG24/Source/system_efr32mg24.o
                0x08005d48                SystemHFRCOEM23ClockGet
 text_system_timecritical26241
                0x08005dd8        0xc ./simplicity_sdk_2025.6.2/platform/Device/SiliconLabs/EFR32MG24/Source/system_efr32mg24.o
                0x08005dd8                SystemLFXOClockGet
 text_dmadrv_timecritical29166
                0x08005de4       0x40 ./simplicity_sdk_2025.6.2/platform/emdrv/dmadrv/src/dmadrv.o
                0x08005de4                DMADRV_StopTransfer
 text_dmadrv_timecritical32174
                0x08005e24       0x44 ./simplicity_sdk_2025.6.2/platform/emdrv/dmadrv/src/dmadrv.o
                0x08005e24                DMADRV_TransferDone
 text_dmadrv_timecritical33177
                0x08005e68       0x44 ./simplicity_sdk_2025.6.2/platform/emdrv/dmadrv/src/dmadrv.o
                0x08005e68                DMADRV_TransferRemainingCount
 text_hal_gpio_timecritical29429
                0x08005eac       0x54 ./simplicity_sdk_2025.6.2/platform/peripheral/src/sl_hal_gpio.o
                0x08005eac                sl_hal_gpio_set_pin
 text_hal_sysrtc_timecritical29261
                0x08005f00       0x14 ./simplicity_sdk_2025.6.2/platform/peripheral/src/sl_hal_sysrtc.o
                0x08005f00                sl_hal_sysrtc_wait_sync
 text_hal_sysrtc_timecritical31625
                0x08005f14       0x24 ./simplicity_sdk_2025.6.2/platform/peripheral/src/sl_hal_sysrtc.o
                0x08005f14                sl_hal_sysrtc_wait_sync_group
 text_hal_sysrtc_timecritical32658
                0x08005f38       0x1c ./simplicity_sdk_2025.6.2/platform/peripheral/src/sl_hal_sysrtc.o
                0x08005f38                sl_hal_sysrtc_enable_group_interrupts
 text_hal_sysrtc_timecritical33674
                0x08005f54       0x1c ./simplicity_sdk_2025.6.2/platform/peripheral/src/sl_hal_sysrtc.o
                0x08005f54                sl_hal_sysrtc_disable_group_interrupts
 text_hal_sysrtc_timecritical34690
                0x08005f70       0x1c ./simplicity_sdk_2025.6.2/platform/peripheral/src/sl_hal_sysrtc.o
                0x08005f70                sl_hal_sysrtc_clear_group_interrupts
 text_hal_sysrtc_timecritical35709
                0x08005f8c       0x20 ./simplicity_sdk_2025.6.2/platform/peripheral/src/sl_hal_sysrtc.o
                0x08005f8c                sl_hal_sysrtc_get_group_interrupts
 text_hal_sysrtc_timecritical36758
                0x08005fac       0x28 ./simplicity_sdk_2025.6.2/platform/peripheral/src/sl_hal_sysrtc.o
                0x08005fac                sl_hal_sysrtc_get_group_compare_channel_value
 text_hal_sysrtc_timecritical37775
                0x08005fd4       0x28 ./simplicity_sdk_2025.6.2/platform/peripheral/src/sl_hal_sysrtc.o
                0x08005fd4                sl_hal_sysrtc_set_group_compare_channel_value
 text_clock_manager_timecritical2674
                0x08005ffc       0x54 ./simplicity_sdk_2025.6.2/platform/service/clock_manager/src/sl_clock_manager_hal_s2.o
                0x08005ffc                sli_clock_manager_hal_enable_bus_clock
 text_sleeptimer_timecritical66121
                0x08006050       0x40 ./simplicity_sdk_2025.6.2/platform/service/sleeptimer/src/sl_sleeptimer.o
 text_sleeptimer_timecritical67125
                0x08006090       0x3c ./simplicity_sdk_2025.6.2/platform/service/sleeptimer/src/sl_sleeptimer.o
 text_sleeptimer_timecritical69131
                0x080060cc       0x34 ./simplicity_sdk_2025.6.2/platform/service/sleeptimer/src/sl_sleeptimer.o
 text_sleeptimer_timecritical68128
                0x08006100       0x64 ./simplicity_sdk_2025.6.2/platform/service/sleeptimer/src/sl_sleeptimer.o
 text_sleeptimer_timecritical72140
                0x08006164       0x88 ./simplicity_sdk_2025.6.2/platform/service/sleeptimer/src/sl_sleeptimer.o
 text_sleeptimer_timecritical34276
                0x080061ec       0x3c ./simplicity_sdk_2025.6.2/platform/service/sleeptimer/src/sl_sleeptimer.o
                0x080061ec                sl_sleeptimer_is_timer_running
 text_sleeptimer_timecritical40684
                0x08006228       0x24 ./simplicity_sdk_2025.6.2/platform/service/sleeptimer/src/sl_sleeptimer.o
                0x08006228                sl_sleeptimer_ms_to_tick
 text_sleeptimer_timecritical65151
                0x0800624c      0x148 ./simplicity_sdk_2025.6.2/platform/service/sleeptimer/src/sl_sleeptimer.o
                0x0800624c                process_timer_irq
 text_sleeptimer_timecritical6454
                0x08006394       0x10 ./simplicity_sdk_2025.6.2/platform/service/sleeptimer/src/sl_sleeptimer_hal_sysrtc.o
                0x08006394                sleeptimer_hal_get_counter
 text_sleeptimer_timecritical6885
                0x080063a4       0x18 ./simplicity_sdk_2025.6.2/platform/service/sleeptimer/src/sl_sleeptimer_hal_sysrtc.o
                0x080063a4                sleeptimer_hal_get_timer_frequency
 text_sleeptimer_timecritical6670
                0x080063bc       0x70 ./simplicity_sdk_2025.6.2/platform/service/sleeptimer/src/sl_sleeptimer_hal_sysrtc.o
                0x080063bc                sleeptimer_hal_set_compare
 text_sleeptimer_timecritical70101
                0x0800642c       0x24 ./simplicity_sdk_2025.6.2/platform/service/sleeptimer/src/sl_sleeptimer_hal_sysrtc.o
                0x0800642c                sleeptimer_hal_disable_int
 text_sleeptimer_timecritical71109
                0x08006450       0x10 ./simplicity_sdk_2025.6.2/platform/service/sleeptimer/src/sl_sleeptimer_hal_sysrtc.o
                0x08006450                sleeptimer_hal_set_int
 text_system_timecritical27244
                0x08006460        0x6 ./simplicity_sdk_2025.6.2/platform/Device/SiliconLabs/EFR32MG24/Source/system_efr32mg24.o
                0x08006460                SystemLFRCOClockGet
 text_system_timecritical28246
                0x08006466        0x6 ./simplicity_sdk_2025.6.2/platform/Device/SiliconLabs/EFR32MG24/Source/system_efr32mg24.o
                0x08006466                SystemULFRCOClockGet
 text_core_timecritical2307
                0x0800646c        0xa ./simplicity_sdk_2025.6.2/platform/common/src/sl_core_cortexm.o
                0x0800646c                CORE_ExitCritical
 text_core_timecritical4331
                0x08006476        0x8 ./simplicity_sdk_2025.6.2/platform/common/src/sl_core_cortexm.o
                0x08006476                CORE_EnterCritical
 text_core_timecritical7363
                0x0800647e        0xa ./simplicity_sdk_2025.6.2/platform/common/src/sl_core_cortexm.o
                0x0800647e                CORE_ExitAtomic
 text_core_timecritical9387
                0x08006488        0xc ./simplicity_sdk_2025.6.2/platform/common/src/sl_core_cortexm.o
                0x08006488                CORE_EnterAtomic
 text_clock_manager_timecritical1352
                0x08006494        0xa ./simplicity_sdk_2025.6.2/platform/service/clock_manager/src/sl_clock_manager.o
                0x08006494                sl_clock_manager_get_clock_branch_frequency
 text_clock_manager_timecritical2380
                0x0800649e        0x6 ./simplicity_sdk_2025.6.2/platform/service/clock_manager/src/sl_clock_manager.o
                0x0800649e                sl_clock_manager_enable_bus_clock
 text_clock_manager_timecritical3394
                0x080064a4        0x6 ./simplicity_sdk_2025.6.2/platform/service/clock_manager/src/sl_clock_manager.o
                0x080064a4                sl_clock_manager_disable_bus_clock
 text_clock_manager_timecritical2561
                0x080064aa       0xc4 ./simplicity_sdk_2025.6.2/platform/service/clock_manager/src/sl_clock_manager_hal_s2.o
                0x080064aa                sli_clock_manager_hal_get_clock_branch_frequency
 text_sleeptimer_timecritical75155
                0x0800656e        0x6 ./simplicity_sdk_2025.6.2/platform/service/sleeptimer/src/sl_sleeptimer.o
 text_sleeptimer_timecritical29161
                0x08006574       0x48 ./simplicity_sdk_2025.6.2/platform/service/sleeptimer/src/sl_sleeptimer.o
                0x08006574                sl_sleeptimer_start_timer
 text_sleeptimer_timecritical6562
                0x080065bc        0x8 ./simplicity_sdk_2025.6.2/platform/service/sleeptimer/src/sl_sleeptimer_hal_sysrtc.o
                0x080065bc                sleeptimer_hal_get_compare
 text_sleeptimer_timecritical6993
                0x080065c4       0x12 ./simplicity_sdk_2025.6.2/platform/service/sleeptimer/src/sl_sleeptimer_hal_sysrtc.o
                0x080065c4                sleeptimer_hal_enable_int
 text_sleeptimer_timecritical86325
                0x080065d6       0x34 ./simplicity_sdk_2025.6.2/platform/service/sleeptimer/src/sl_sleeptimer_hal_sysrtc.o
                0x080065d6                SYSRTC_APP_IRQHandler
                0x08006620                . = ALIGN (0x20)
 *fill*         0x0800660a       0x16 
                0x08006620                linker_code_end = .
 *(.init)
 .init          0x08006620        0x4 c:/siliconlabs/simplicitystudio/v5/developer/toolchains/gnu_arm/12.2.rel1_2023.7/bin/../lib/gcc/arm-none-eabi/12.2.1/thumb/v8-m.main+fp/hard/crti.o
                0x08006620                _init
 .init          0x08006624        0x8 c:/siliconlabs/simplicitystudio/v5/developer/toolchains/gnu_arm/12.2.rel1_2023.7/bin/../lib/gcc/arm-none-eabi/12.2.1/thumb/v8-m.main+fp/hard/crtn.o
 *(.fini)
 .fini          0x0800662c        0x4 c:/siliconlabs/simplicitystudio/v5/developer/toolchains/gnu_arm/12.2.rel1_2023.7/bin/../lib/gcc/arm-none-eabi/12.2.1/thumb/v8-m.main+fp/hard/crti.o
                0x0800662c                _fini
 .fini          0x08006630        0x8 c:/siliconlabs/simplicitystudio/v5/developer/toolchains/gnu_arm/12.2.rel1_2023.7/bin/../lib/gcc/arm-none-eabi/12.2.1/thumb/v8-m.main+fp/hard/crtn.o
 *crtbegin.o(.ctors)
 *crtbegin?.o(.ctors)
 *(EXCLUDE_FILE(*crtend.o *crtend?.o) .ctors)
 *(SORT_BY_NAME(.ctors.*))
 *(.ctors)
 *crtbegin.o(.dtors)
 *crtbegin?.o(.dtors)
 *(EXCLUDE_FILE(*crtend.o *crtend?.o) .dtors)
 *(SORT_BY_NAME(.dtors.*))
 *(.dtors)
 *(.rodata*)
 .rodata.Rtc_SetTime.str1.1
                0x08006638        0xd ./rtc.o
 .rodata.Rtc_ReadTime.str1.1
                0x08006645       0x1b ./rtc.o
 .rodata.sl_iostream_eusart_init_vcom.str1.1
                0x08006660       0x2f ./autogen/sl_iostream_init_eusart_instances.o
 .rodata.str1.1
                0x0800668f        0x5 ./autogen/sl_iostream_init_eusart_instances.o
 .rodata        0x08006694       0x20 ./autogen/sl_iostream_init_eusart_instances.o
 .rodata.sl_slist_push.str1.1
                0x080066b4       0x3a ./simplicity_sdk_2025.6.2/platform/common/src/sl_slist.o
 .rodata.str1.1
                0x080066ee       0x3e ./simplicity_sdk_2025.6.2/platform/driver/gpio/src/sl_gpio.o
 .rodata.I2CSPM_Init.str1.1
                0x0800672c       0x42 ./simplicity_sdk_2025.6.2/platform/driver/i2cspm/src/sl_i2cspm.o
 .rodata        0x0800676e        0x4 ./simplicity_sdk_2025.6.2/platform/emdrv/dmadrv/src/dmadrv.o
 .rodata.traceClkGet.str1.1
                0x08006772       0x37 ./simplicity_sdk_2025.6.2/platform/emlib/src/em_cmu.o
 .rodata.EMU_VScaleEM01.str1.1
                0x080067a9       0x37 ./simplicity_sdk_2025.6.2/platform/emlib/src/em_emu.o
 .rodata.EUSART_Enable.str1.1
                0x080067e0       0x3a ./simplicity_sdk_2025.6.2/platform/emlib/src/em_eusart.o
 .rodata.GPIO_PinOutSet.str1.1
                0x0800681a       0x6e ./simplicity_sdk_2025.6.2/platform/emlib/src/em_gpio.o
 .rodata.GPIO_ExtIntConfig.str1.1
                0x08006888       0x38 ./simplicity_sdk_2025.6.2/platform/emlib/src/em_gpio.o
 .rodata.CSWTCH.32
                0x080068c0        0x8 ./simplicity_sdk_2025.6.2/platform/emlib/src/em_gpio.o
 .rodata.I2C_BusFreqGet.str1.1
                0x080068c8       0x37 ./simplicity_sdk_2025.6.2/platform/emlib/src/em_i2c.o
 .rodata.i2cNSum
                0x080068ff        0x4 ./simplicity_sdk_2025.6.2/platform/emlib/src/em_i2c.o
 .rodata.LDMA_EnableChannelRequest.str1.1
                0x08006903       0xa5 ./simplicity_sdk_2025.6.2/platform/emlib/src/em_ldma.o
 .rodata.str1.1
                0x080069a8       0x77 ./simplicity_sdk_2025.6.2/platform/peripheral/src/sl_hal_gpio.o
 .rodata.sl_hal_gpio_set_pin_mode.str1.1
                0x08006a1f       0x41 ./simplicity_sdk_2025.6.2/platform/peripheral/src/sl_hal_gpio.o
 .rodata.sl_hal_sysrtc_start.str1.1
                0x08006a60       0x79 ./simplicity_sdk_2025.6.2/platform/peripheral/src/sl_hal_sysrtc.o
 .rodata.str1.1
                0x08006ad9       0x43 ./simplicity_sdk_2025.6.2/platform/peripheral/src/sl_hal_sysrtc.o
 .rodata.str1.1
                0x08006b1c       0x58 ./simplicity_sdk_2025.6.2/platform/service/clock_manager/src/sl_clock_manager_hal_s2.o
                                 0xc5 (size before relaxing)
 .rodata.sli_clock_manager_hal_init.str1.1
                0x08006b74       0x5d ./simplicity_sdk_2025.6.2/platform/service/clock_manager/src/sl_clock_manager_init_hal_s2.o
 *fill*         0x08006bd1        0x3 
 .rodata        0x08006bd4       0x3c ./simplicity_sdk_2025.6.2/platform/service/clock_manager/src/sl_clock_manager_init_hal_s2.o
 .rodata        0x08006c10        0x7 ./simplicity_sdk_2025.6.2/platform/service/device_init/src/sl_device_init_dcdc_s2.o
 *fill*         0x08006c17        0x1 
 .rodata.SL_BUS_CLOCK_SYSRTC0_VALUE
                0x08006c18        0x4 ./simplicity_sdk_2025.6.2/platform/service/device_manager/clocks/sl_device_clock_efr32xg24.o
                0x08006c18                SL_BUS_CLOCK_SYSRTC0_VALUE
 .rodata.SL_BUS_CLOCK_LFRCO_VALUE
                0x08006c1c        0x4 ./simplicity_sdk_2025.6.2/platform/service/device_manager/clocks/sl_device_clock_efr32xg24.o
                0x08006c1c                SL_BUS_CLOCK_LFRCO_VALUE
 .rodata.SL_BUS_CLOCK_I2C1_VALUE
                0x08006c20        0x4 ./simplicity_sdk_2025.6.2/platform/service/device_manager/clocks/sl_device_clock_efr32xg24.o
                0x08006c20                SL_BUS_CLOCK_I2C1_VALUE
 .rodata.SL_BUS_CLOCK_I2C0_VALUE
                0x08006c24        0x4 ./simplicity_sdk_2025.6.2/platform/service/device_manager/clocks/sl_device_clock_efr32xg24.o
                0x08006c24                SL_BUS_CLOCK_I2C0_VALUE
 .rodata.SL_BUS_CLOCK_GPIO_VALUE
                0x08006c28        0x4 ./simplicity_sdk_2025.6.2/platform/service/device_manager/clocks/sl_device_clock_efr32xg24.o
                0x08006c28                SL_BUS_CLOCK_GPIO_VALUE
 .rodata.SL_BUS_CLOCK_EUSART0_VALUE
                0x08006c2c        0x4 ./simplicity_sdk_2025.6.2/platform/service/device_manager/clocks/sl_device_clock_efr32xg24.o
                0x08006c2c                SL_BUS_CLOCK_EUSART0_VALUE
 .rodata.sl_peripheral_val_sysrtc0
                0x08006c30        0xc ./simplicity_sdk_2025.6.2/platform/service/device_manager/devices/sl_device_peripheral_hal_efr32xg24.o
                0x08006c30                sl_peripheral_val_sysrtc0
 .rodata.sl_peripheral_val_eusart0
                0x08006c3c        0xc ./simplicity_sdk_2025.6.2/platform/service/device_manager/devices/sl_device_peripheral_hal_efr32xg24.o
                0x08006c3c                sl_peripheral_val_eusart0
 .rodata.sl_interrupt_manager_disable_irq.str1.1
                0x08006c48       0x61 ./simplicity_sdk_2025.6.2/platform/service/interrupt_manager/src/sl_interrupt_manager_cortexm.o
 .rodata.sl_iostream_eusart_init.str1.1
                0x08006ca9       0x4e ./simplicity_sdk_2025.6.2/platform/service/iostream/src/sl_iostream_eusart.o
 *fill*         0x08006cf7        0x1 
 .rodata        0x08006cf8       0x40 ./simplicity_sdk_2025.6.2/platform/service/iostream/src/sl_iostream_eusart.o
 .rodata._write.str1.1
                0x08006d38       0x56 ./simplicity_sdk_2025.6.2/platform/service/iostream/src/sl_iostream_retarget_stdio.o
 .rodata.__rx_buffer_full.str1.1
                0x08006d8e       0x4c ./simplicity_sdk_2025.6.2/platform/service/iostream/src/sl_iostream_uart.o
 .rodata.str1.1
                0x08006dda       0x4b ./simplicity_sdk_2025.6.2/platform/service/sleeptimer/src/sl_sleeptimer.o
 .rodata.sl_udelay_wait.str1.1
                0x08006e25       0x43 ./simplicity_sdk_2025.6.2/platform/service/udelay/src/sl_udelay.o
 .rodata._vfprintf_r.str1.1
                0x08006e68       0x11 c:/siliconlabs/simplicitystudio/v5/developer/toolchains/gnu_arm/12.2.rel1_2023.7/bin/../lib/gcc/arm-none-eabi/12.2.1/thumb/v8-m.main+fp/hard\libc_nano.a(libc_a-nano-vfprintf.o)
 .rodata._printf_i.str1.1
                0x08006e79       0x22 c:/siliconlabs/simplicitystudio/v5/developer/toolchains/gnu_arm/12.2.rel1_2023.7/bin/../lib/gcc/arm-none-eabi/12.2.1/thumb/v8-m.main+fp/hard\libc_nano.a(libc_a-nano-vfprintf_i.o)
 *(.eh_frame*)
 *fill*         0x08006e9b        0x1 
 .eh_frame      0x08006e9c        0x0 c:/siliconlabs/simplicitystudio/v5/developer/toolchains/gnu_arm/12.2.rel1_2023.7/bin/../lib/gcc/arm-none-eabi/12.2.1/thumb/v8-m.main+fp/hard/crtbegin.o

.glue_7         0x08006e9c        0x0
 .glue_7        0x08006e9c        0x0 linker stubs

.glue_7t        0x08006e9c        0x0
 .glue_7t       0x08006e9c        0x0 linker stubs

.vfp11_veneer   0x08006e9c        0x0
 .vfp11_veneer  0x08006e9c        0x0 linker stubs

.v4_bx          0x08006e9c        0x0
 .v4_bx         0x08006e9c        0x0 linker stubs

.iplt           0x08006e9c        0x0
 .iplt          0x08006e9c        0x0 c:/siliconlabs/simplicitystudio/v5/developer/toolchains/gnu_arm/12.2.rel1_2023.7/bin/../lib/gcc/arm-none-eabi/12.2.1/thumb/v8-m.main+fp/hard/crtbegin.o

.ARM.extab
 *(.ARM.extab* .gnu.linkonce.armextab.*)
                0x08006e9c                __exidx_start = .

.ARM.exidx      0x08006e9c        0x8
 *(.ARM.exidx* .gnu.linkonce.armexidx.*)
 .ARM.exidx     0x08006e9c        0x8 c:/siliconlabs/simplicitystudio/v5/developer/toolchains/gnu_arm/12.2.rel1_2023.7/bin/../lib/gcc/arm-none-eabi/12.2.1/thumb/v8-m.main+fp/hard/crt0.o
                                 0x10 (size before relaxing)
 .ARM.exidx.text.__udivmoddi4
                0x08006ea4        0x0 c:/siliconlabs/simplicitystudio/v5/developer/toolchains/gnu_arm/12.2.rel1_2023.7/bin/../lib/gcc/arm-none-eabi/12.2.1/thumb/v8-m.main+fp/hard\libgcc.a(_udivmoddi4.o)
                                  0x8 (size before relaxing)
                0x08006ea4                __exidx_end = .

.copy.table     0x08006ea4        0xc
                0x08006ea4                . = ALIGN (0x4)
                0x08006ea4                __copy_table_start__ = .
                0x08006ea4        0x4 LONG 0x8006eb0 __etext
                0x08006ea8        0x4 LONG 0x2000157c __data_start__
                0x08006eac        0x4 LONG 0x30 ((__data_end__ - __data_start__) / 0x4)
                0x08006eb0                __copy_table_end__ = .

.rel.dyn        0x08006eb0        0x0
 .rel.iplt      0x08006eb0        0x0 c:/siliconlabs/simplicitystudio/v5/developer/toolchains/gnu_arm/12.2.rel1_2023.7/bin/../lib/gcc/arm-none-eabi/12.2.1/thumb/v8-m.main+fp/hard/crtbegin.o

.zero.table     0x08006eb0        0x0
                0x08006eb0                . = ALIGN (0x4)
                0x08006eb0                __zero_table_start__ = .
                0x08006eb0                __zero_table_end__ = .
                0x08006eb0                __etext = .

.data           0x2000157c       0xc0 load address 0x08006eb0
                0x2000157c                . = ALIGN (0x4)
                0x2000157c                __data_start__ = .
 *(vtable)
 *(SORT_BY_ALIGNMENT(.data*))
 .data.init_hehe
                0x2000157c       0x14 ./autogen/sl_i2cspm_init.o
                0x2000157c                init_hehe
 .data.sl_i2cspm_hehe
                0x20001590        0x4 ./autogen/sl_i2cspm_init.o
                0x20001590                sl_i2cspm_hehe
 .data.sl_iostream_instances_info
                0x20001594        0x4 ./autogen/sl_iostream_handles.o
                0x20001594                sl_iostream_instances_info
 .data.sl_iostream_instance_vcom_info
                0x20001598       0x10 ./autogen/sl_iostream_init_eusart_instances.o
                0x20001598                sl_iostream_instance_vcom_info
 .data.uart_periph_vcom
                0x200015a8       0x14 ./autogen/sl_iostream_init_eusart_instances.o
 .data.SystemCoreClock
                0x200015bc        0x4 ./simplicity_sdk_2025.6.2/platform/Device/SiliconLabs/EFR32MG24/Source/system_efr32mg24.o
                0x200015bc                SystemCoreClock
 .data.SystemHFRCODPLLClock
                0x200015c0        0x4 ./simplicity_sdk_2025.6.2/platform/Device/SiliconLabs/EFR32MG24/Source/system_efr32mg24.o
 .data.SystemLFXOClock
                0x200015c4        0x4 ./simplicity_sdk_2025.6.2/platform/Device/SiliconLabs/EFR32MG24/Source/system_efr32mg24.o
 .data.SystemHFXOClock
                0x200015c8        0x4 ./simplicity_sdk_2025.6.2/platform/Device/SiliconLabs/EFR32MG24/Source/system_efr32mg24.o
 .data.heap_end.0
                0x200015cc        0x4 ./simplicity_sdk_2025.6.2/platform/service/memory_manager/src/sl_memory_manager_region.o
 .data.__sglue  0x200015d0        0xc c:/siliconlabs/simplicitystudio/v5/developer/toolchains/gnu_arm/12.2.rel1_2023.7/bin/../lib/gcc/arm-none-eabi/12.2.1/thumb/v8-m.main+fp/hard\libc_nano.a(libc_a-findfp.o)
                0x200015d0                __sglue
 .data._impure_ptr
                0x200015dc        0x4 c:/siliconlabs/simplicitystudio/v5/developer/toolchains/gnu_arm/12.2.rel1_2023.7/bin/../lib/gcc/arm-none-eabi/12.2.1/thumb/v8-m.main+fp/hard\libc_nano.a(libc_a-impure.o)
                0x200015dc                _impure_ptr
 .data._impure_data
                0x200015e0       0x4c c:/siliconlabs/simplicitystudio/v5/developer/toolchains/gnu_arm/12.2.rel1_2023.7/bin/../lib/gcc/arm-none-eabi/12.2.1/thumb/v8-m.main+fp/hard\libc_nano.a(libc_a-impure.o)
                0x200015e0                _impure_data
 .data.hfxo_precision
                0x2000162c        0x2 ./simplicity_sdk_2025.6.2/platform/emlib/src/em_cmu.o
 .data.lfxo_precision
                0x2000162e        0x2 ./simplicity_sdk_2025.6.2/platform/emlib/src/em_cmu.o
 .data.ctuneDelta
                0x20001630        0x1 ./simplicity_sdk_2025.6.2/platform/emlib/src/em_cmu.o
 .data.cc_disabled
                0x20001631        0x1 ./simplicity_sdk_2025.6.2/platform/service/sleeptimer/src/sl_sleeptimer_hal_sysrtc.o
                0x20001634                . = ALIGN (0x4)
 *fill*         0x20001632        0x2 
                0x20001634                . = ALIGN (0x4)
                0x20001634                PROVIDE (__preinit_array_start = .)
 *(.preinit_array)
                0x20001634                PROVIDE (__preinit_array_end = .)
                0x20001634                . = ALIGN (0x4)
                0x20001634                PROVIDE (__init_array_start = .)
 *(SORT_BY_NAME(.init_array.*))
 *(.init_array)
 .init_array    0x20001634        0x4 c:/siliconlabs/simplicitystudio/v5/developer/toolchains/gnu_arm/12.2.rel1_2023.7/bin/../lib/gcc/arm-none-eabi/12.2.1/thumb/v8-m.main+fp/hard/crtbegin.o
                0x20001638                PROVIDE (__init_array_end = .)
                0x20001638                . = ALIGN (0x4)
                [!provide]                PROVIDE (__fini_array_start = .)
 *(SORT_BY_NAME(.fini_array.*))
 *(.fini_array)